******************************************************************************
               TMS320C6x Linker Unix v8.2.2                    
******************************************************************************
>> Linked Tue Jan 16 17:57:19 2018

OUTPUT FILE NAME:   <OMAPL138_AD8568_SINGLE_CORE_DSP_CCSV74.out>
ENTRY POINT SYMBOL: "_c_int00"  address: 1181b1e0


MEMORY CONFIGURATION

         name            origin    length      used     unused   attr    fill
----------------------  --------  ---------  --------  --------  ----  --------
  SHDSPL2ROM            11700000   00100000  00000000  00100000  RWIX
  SHDSPL2RAM            11800000   00040000  0001bc68  00024398  RWIX
  SHRAM                 80000000   00020000  00000000  00020000  RWIX
  DDR2                  c0000000   08000000  00000000  08000000  RWIX


SEGMENT ALLOCATION MAP

run origin  load origin   length   init length attrs members
----------  ----------- ---------- ----------- ----- -------
11800000    11800000    00013ae8   00000000    rw-
  11800000    11800000    00013ae8   00000000    rw- .far
11813ae8    11813ae8    00000038   00000038    r--
  11813ae8    11813ae8    00000038   00000038    r-- .const
11813b20    11813b20    00000009   00000000    rw-
  11813b20    11813b20    00000009   00000000    rw- .neardata
11813b2c    11813b2c    00000004   00000000    r--
  11813b2c    11813b2c    00000004   00000000    r-- .rodata
11813b30    11813b30    0000000c   00000000    rw-
  11813b30    11813b30    0000000c   00000000    rw- .fardata
11813b40    11813b40    00000058   00000058    r--
  11813b40    11813b40    00000058   00000058    r-- .cinit
11813c00    11813c00    000077a0   000077a0    r-x
  11813c00    11813c00    000077a0   000077a0    r-x .text
1181b3a0    1181b3a0    00000800   00000000    rw-
  1181b3a0    1181b3a0    00000800   00000000    rw- .stack
1181bba0    1181bba0    00000134   00000134    r--
  1181bba0    1181bba0    00000134   00000134    r-- .switch


SECTION ALLOCATION MAP

 output                                  attributes/
section   page    origin      length       input sections
--------  ----  ----------  ----------   ----------------
.text      0    11813c00    000077a0     
                  11813c00    00001aa0     system_config.lib : interrupt.obj (.text:retain)
                  118156a0    00000fc0     drivers.lib : emifa.obj (.text)
                  11816660    00000b60     utils.lib : uartStdio.obj (.text)
                  118171c0    00000820     drivers.lib : timer.obj (.text)
                  118179e0    000005e0     system_config.lib : interrupt.obj (.text)
                  11817fc0    000005c0     rts6740_elf.lib : divd.obj (.text:__c6xabi_divd)
                  11818580    00000580     drivers.lib : gpio.obj (.text)
                  11818b00    00000580                 : uart.obj (.text)
                  11819080    000004e0     main.obj (.text)
                  11819560    00000420     system_config.lib : cache.obj (.text)
                  11819980    00000360     ad9833.obj (.text)
                  11819ce0    000002e0     ads8568.obj (.text)
                  11819fc0    00000040     rts6740_elf.lib : frcmpyd_div.obj (.text:__TI_frcmpyd_div)
                  1181a000    00000200     system_config.lib : intvecs.obj (.text)
                  1181a200    000001e0     Platform.lib : GPIO.obj (.text)
                  1181a3e0    00000180                  : UART.obj (.text)
                  1181a560    00000160     rts6740_elf.lib : autoinit.obj (.text:_auto_init_elf)
                  1181a6c0    00000140     drivers.lib : psc.obj (.text)
                  1181a800    00000120     led.obj (.text)
                  1181a920    00000100     rts6740_elf.lib : copy_decompress_rle.obj (.text:__TI_decompress_rle_core)
                  1181aa20    00000100                     : cpy_tbl.obj (.text:copy_in)
                  1181ab20    000000e0     EMIFAPinmuxSetup.obj (.text)
                  1181ac00    000000e0     Platform.lib : UARTConsole.obj (.text)
                  1181ace0    000000e0     rts6740_elf.lib : exit.obj (.text:exit)
                  1181adc0    000000e0                     : memset.obj (.text:memset)
                  1181aea0    000000c0                     : divu.obj (.text:__divu)
                  1181af60    000000c0                     : tls.obj (.text:tls:init:__TI_tls_init)
                  1181b020    000000a0                     : remu.obj (.text:__remu)
                  1181b0c0    000000a0                     : memcpy64.obj (.text:memcpy)
                  1181b160    00000080                     : fixdu.obj (.text:__c6xabi_fixdu)
                  1181b1e0    00000080                     : boot.obj (.text:_c_int00)
                  1181b260    00000060                     : llshift.obj (.text:__c6xabi_llshru)
                  1181b2c0    00000040                     : args_main.obj (.text:_args_main)
                  1181b300    00000020                     : startup.obj (.text:_system_post_cinit)
                  1181b320    00000020                     : pre_init.obj (.text:_system_pre_init)
                  1181b340    00000020                     : exit.obj (.text:abort)
                  1181b360    00000020                     : copy_decompress_none.obj (.text:decompress:none:__TI_decompress_none)
                  1181b380    00000020                     : copy_decompress_rle.obj (.text:decompress:rle24:__TI_decompress_rle24)

.stack     0    1181b3a0    00000800     UNINITIALIZED
                  1181b3a0    00000008     rts6740_elf.lib : boot.obj (.stack)
                  1181b3a8    000007f8     --HOLE--

.const     0    11813ae8    00000038     
                  11813ae8    0000001c     main.obj (.const:.string)
                  11813b04    0000001c     utils.lib : uartStdio.obj (.const:.string)

.switch    0    1181bba0    00000134     
                  1181bba0    00000030     drivers.lib : emifa.obj (.switch:EMIFANANDEccValGet)
                  1181bbd0    00000024     utils.lib : uartStdio.obj (.switch:UARTprintf)
                  1181bbf4    00000010     drivers.lib : emifa.obj (.switch:EMIFAAsyncDevDataBusWidthSelect)
                  1181bc04    00000010                 : emifa.obj (.switch:EMIFAAsyncDevOpModeSelect)
                  1181bc14    00000010                 : emifa.obj (.switch:EMIFACSWaitPinSelect)
                  1181bc24    00000010                 : emifa.obj (.switch:EMIFAExtendedWaitConfig)
                  1181bc34    00000010                 : emifa.obj (.switch:EMIFANAND4BitECCSelect)
                  1181bc44    00000010                 : emifa.obj (.switch:EMIFANAND4BitEccErrAddrGet)
                  1181bc54    00000010                 : emifa.obj (.switch:EMIFANAND4BitEccErrValGet)
                  1181bc64    00000010                 : emifa.obj (.switch:EMIFANANDCSSet)
                  1181bc74    00000010                 : emifa.obj (.switch:EMIFANANDECCStart)
                  1181bc84    00000010                 : emifa.obj (.switch:EMIFANORPageAccessDelaySet)
                  1181bc94    00000010                 : emifa.obj (.switch:EMIFANORPageModeConfig)
                  1181bca4    00000010                 : emifa.obj (.switch:EMIFANORPageSizeSet)
                  1181bcb4    00000010                 : emifa.obj (.switch:EMIFAWaitTimingConfig)
                  1181bcc4    00000010                 : gpio.obj (.switch:GPIOIntTypeSet)

.cinit     0    11813b40    00000058     
                  11813b40    0000000d     (.cinit..far.load) [load image, compression = rle]
                  11813b4d    0000000d     (.cinit..fardata.load) [load image, compression = rle]
                  11813b5a    0000000a     (.cinit..rodata.load) [load image, compression = rle]
                  11813b64    00000009     (.cinit..neardata.load) [load image, compression = rle]
                  11813b6d    00000003     --HOLE-- [fill = 0]
                  11813b70    00000008     (__TI_handler_table)
                  11813b78    00000020     (__TI_cinit_table)

.init_array 
*          0    11800000    00000000     UNINITIALIZED

.far       0    11800000    00013ae8     UNINITIALIZED
                  11800000    00013888     (.common:all_channel_datas)
                  11813888    00000240     system_config.lib : interrupt.obj (.far)
                  11813ac8    00000020     (.common:ad9833_dev)

.fardata   0    11813b30    0000000c     UNINITIALIZED
                  11813b30    0000000c     rts6740_elf.lib : exit.obj (.fardata)

.init_array 
*          0    11800000    00000000     UNINITIALIZED

.neardata 
*          0    11813b20    00000009     UNINITIALIZED
                  11813b20    00000008     ads8568.obj (.neardata)
                  11813b28    00000001     main.obj (.neardata)

.rodata    0    11813b2c    00000004     UNINITIALIZED
                  11813b2c    00000004     utils.lib : uartStdio.obj (.rodata)

.bss       0    11813b30    00000000     UNINITIALIZED

MODULE SUMMARY

       Module                     code    ro data   rw data
       ------                     ----    -------   -------
    ./src/
       main.obj                   1248    28        80041  
       ad9833.obj                 864     0         0      
       ads8568.obj                736     0         8      
       led.obj                    288     0         0      
       EMIFAPinmuxSetup.obj       224     0         0      
    +--+--------------------------+-------+---------+---------+
       Total:                     3360    28        80049  
                                                           
    ../startware/Library/Platform/Debug/Platform.lib
       GPIO.obj                   480     0         0      
       UART.obj                   384     0         0      
       UARTConsole.obj            224     0         0      
    +--+--------------------------+-------+---------+---------+
       Total:                     1088    0         0      
                                                           
    ../startware/Library/StarterWare/Drivers/Debug/drivers.lib
       emifa.obj                  4032    256       0      
       timer.obj                  2080    0         0      
       gpio.obj                   1408    16        0      
       uart.obj                   1408    0         0      
       psc.obj                    320     0         0      
    +--+--------------------------+-------+---------+---------+
       Total:                     9248    272       0      
                                                           
    ../startware/Library/StarterWare/SystemConfig/Debug/system_config.lib
       interrupt.obj              8320    0         576    
       cache.obj                  1056    0         0      
       intvecs.obj                512     0         0      
    +--+--------------------------+-------+---------+---------+
       Total:                     9888    0         576    
                                                           
    ../startware/Library/StarterWare/Utils/Debug/utils.lib
       uartStdio.obj              2912    68        0      
    +--+--------------------------+-------+---------+---------+
       Total:                     2912    68        0      
                                                           
    /opt/ti/ccsv7/tools/compiler/ti-cgt-c6000_8.2.2/lib/rts6740_elf.lib
       divd.obj                   1472    0         0      
       autoinit.obj               352     0         0      
       copy_decompress_rle.obj    288     0         0      
       exit.obj                   256     0         12     
       cpy_tbl.obj                256     0         0      
       memset.obj                 224     0         0      
       divu.obj                   192     0         0      
       tls.obj                    192     0         0      
       memcpy64.obj               160     0         0      
       remu.obj                   160     0         0      
       boot.obj                   128     0         0      
       fixdu.obj                  128     0         0      
       llshift.obj                96      0         0      
       args_main.obj              64      0         0      
       frcmpyd_div.obj            64      0         0      
       copy_decompress_none.obj   32      0         0      
       pre_init.obj               32      0         0      
       startup.obj                32      0         0      
    +--+--------------------------+-------+---------+---------+
       Total:                     4128    0         12     
                                                           
       Stack:                     0       0         2048   
       Linker Generated:          0       85        0      
    +--+--------------------------+-------+---------+---------+
       Grand Total:               30624   453       82685  


LINKER GENERATED COPY TABLES

__TI_cinit_table @ 11813b78 records: 4, size/record: 8, table size: 32
	.far: load addr=11813b40, load size=0000000d bytes, run addr=11800000, run size=00013ae8 bytes, compression=rle
	.fardata: load addr=11813b4d, load size=0000000d bytes, run addr=11813b30, run size=0000000c bytes, compression=rle
	.rodata: load addr=11813b5a, load size=0000000a bytes, run addr=11813b2c, run size=00000004 bytes, compression=rle
	.neardata: load addr=11813b64, load size=00000009 bytes, run addr=11813b20, run size=00000009 bytes, compression=rle


LINKER GENERATED HANDLER TABLE

__TI_handler_table @ 11813b70 records: 2, size/record: 4, table size: 8
	index: 0, handler: __TI_decompress_rle24
	index: 1, handler: __TI_decompress_none


GLOBAL SYMBOLS: SORTED ALPHABETICALLY BY Name 

address   name                             
-------   ----                             
1181b340  C$$EXIT                          
11819860  CacheDisableMAR                  
118196e8  CacheEnable                      
118197c8  CacheEnableMAR                   
11819914  CacheInv                         
118198ec  CacheInvL1pAll                   
11819930  CacheWB                          
118198f8  CacheWBAll                       
1181994c  CacheWBInv                       
11819908  CacheWBInvAll                    
11819e40  Delay                            
11815a38  EMIFAAsyncDevDataBusWidthSelect  
11815ae4  EMIFAAsyncDevOpModeSelect        
118158c8  EMIFACSWaitPinSelect             
11815ba0  EMIFAExtendedWaitConfig          
11819e6c  EMIFAInit                        
11815888  EMIFAMaxExtWaitCycleSet          
118156a0  EMIFAModuleIdRead                
11816504  EMIFAMskedIntClear               
118165e8  EMIFAMskedIntDisable             
11816574  EMIFAMskedIntEnable              
11816498  EMIFAMskedIntStatusRead          
11815740  EMIFANAND4BitECCAddrCalcStart    
11815ff8  EMIFANAND4BitECCLoad             
11815db0  EMIFANAND4BitECCNumOfErrsGet     
118157f8  EMIFANAND4BitECCSelect           
11815d90  EMIFANAND4BitECCStateGet         
11816188  EMIFANAND4BitEccErrAddrGet       
11816228  EMIFANAND4BitEccErrValGet        
118156b8  EMIFANANDCSSet                   
11815760  EMIFANANDECCStart                
11816024  EMIFANANDEccValGet               
11815f44  EMIFANORPageAccessDelaySet       
11815dd0  EMIFANORPageModeConfig           
11815e88  EMIFANORPageSizeSet              
1181ab20  EMIFAPinMuxSetup                 
11816428  EMIFARawIntClear                 
118163c0  EMIFARawIntStatusRead            
11815c58  EMIFASDRAMConfig                 
11815cb0  EMIFASDRAMPowDownModeConfig      
11815ce0  EMIFASDRAMRefDurPowDownModeEnable
11815cf8  EMIFASDRAMRefRateSet             
11815d2c  EMIFASDRAMSelfRefExitTimeConfig  
11815c84  EMIFASDRAMSelfRefModeConfig      
11815d14  EMIFASDRAMTimingConfig           
118159e8  EMIFAWaitPinPolaritySet          
11815d48  EMIFAWaitPinStatusGet            
118162c8  EMIFAWaitTimingConfig            
11817e38  ExcCombineAdd                    
11817e80  ExcCombineRemove                 
11817e18  ExcGlobalEnable                  
1181a200  GPIOBank0Pin0PinMuxSetup         
1181a238  GPIOBank0Pin1PinMuxSetup         
1181a274  GPIOBank0Pin2PinMuxSetup         
1181a2b0  GPIOBank0Pin5PinMuxSetup         
1181a2ec  GPIOBank0Pin6PinMuxSetup         
1181a364  GPIOBank6Pin12PinMuxSetup        
1181a3a0  GPIOBank6Pin13PinMuxSetup        
1181a328  GPIOBank6Pin1PinMuxSetup         
11818a24  GPIOBankIntDisable               
118189f4  GPIOBankIntEnable                
11818a50  GPIOBankPinsWrite                
11818618  GPIODirModeGet                   
11818580  GPIODirModeSet                   
118188c4  GPIOIntTypeGet                   
11818758  GPIOIntTypeSet                   
118189ac  GPIOPinIntClear                  
1181894c  GPIOPinIntStatus                 
11819f28  GPIOPinMuxSetup                  
118186f8  GPIOPinRead                      
11818678  GPIOPinWrite                     
118179e0  IntDSPINTCInit                   
11817d90  IntDisable                       
11817d60  IntEnable                        
11817b58  IntEventClear                    
11817c94  IntEventCombineAdd               
11817b90  IntEventCombineInit              
11817d38  IntEventCombineRegister          
11817ce8  IntEventCombineRemove            
11817a9c  IntEventMap                      
11817b24  IntEventSet                      
11817dec  IntGlobalDisable                 
11817dd8  IntGlobalEnable                  
11817e00  IntGlobalRestore                 
11817a50  IntRegister                      
11817dc4  IntReset                         
11817a74  IntUnRegister                    
11819494  InterruptInit                    
118194a8  PSCInit                          
1181a6c0  PSCModuleControl                 
11813b20  TMR_PERIOD_LSB32                 
11813b24  TMR_PERIOD_MSB32                 
1181768c  TimerCaptureConfigure            
11817488  TimerCaptureGet                  
11817834  TimerClockModeSet                
118174d8  TimerCompareGet                  
118174b4  TimerCompareSet                  
11817254  TimerConfigure                   
118173f4  TimerCounterGet                  
118173c0  TimerCounterSet                  
1181721c  TimerDisable                     
11817670  TimerDivDwnRatio34Get            
11817624  TimerDivDwnRatio34Set            
118171c0  TimerEnable                      
11819ec8  TimerInit                        
11817798  TimerInputGateDisable            
11817760  TimerInputGateEnable             
11817528  TimerIntDisable                  
118174f8  TimerIntEnable                   
11817578  TimerIntStatusClear              
11817554  TimerIntStatusGet                
11819f74  TimerInterruptInit               
11817914  TimerInvertINDisable             
118178dc  TimerInvertINEnable              
1181798c  TimerInvertOUTDisable            
11817950  TimerInvertOUTEnable             
1181912c  TimerIsr                         
118178ac  TimerOUTStatusGet                
11817390  TimerPeriodGet                   
11817354  TimerPeriodSet                   
11817608  TimerPreScalarCount34Get         
118175b4  TimerPreScalarCount34Set         
11817870  TimerPulseModeSet                
118177d0  TimerPulseWidthSet               
11817728  TimerReadResetDisable            
118176ec  TimerReadResetEnable             
11817458  TimerReloadGet                   
11817424  TimerReloadSet                   
118172cc  TimerWatchdogActivate            
1181730c  TimerWatchdogReactivate          
11818f64  UARTBreakCtl                     
11818e54  UARTCharGet                      
11818e28  UARTCharGetNonBlocking           
11818e90  UARTCharPut                      
11818de8  UARTCharPutNonBlocking           
11818d98  UARTCharsAvail                   
11818b94  UARTConfigGetExpClk              
11818b00  UARTConfigSetExpClk              
1181acc0  UARTConsoleGetc                  
1181ac60  UARTConsoleInit                  
1181ac98  UARTConsolePutc                  
11818c6c  UARTDMADisable                   
11818c4c  UARTDMAEnable                    
11818d14  UARTDisable                      
11818cf8  UARTEnable                       
11818d54  UARTFIFODisable                  
11818d40  UARTFIFOEnable                   
11818c28  UARTFIFOLevelSet                 
11816a14  UARTGetHexNum                    
11816954  UARTGetNum                       
11816cc4  UARTGetc                         
11816704  UARTGets                         
11818f10  UARTIntDisable                   
11818ee8  UARTIntEnable                    
11818f38  UARTIntStatus                    
11818ff0  UARTModemControlClear            
11819024  UARTModemControlGet              
11818f98  UARTModemControlSet              
11819044  UARTModemStatusGet               
11818cd4  UARTParityModeGet                
11818c8c  UARTParityModeSet                
1181a3e0  UARTPinMuxSetup                  
11816864  UARTPutHexNum                    
118167a0  UARTPutNum                       
11816cac  UARTPutc                         
1181666c  UARTPuts                         
11818dc8  UARTRxErrorGet                   
11818d6c  UARTSpaceAvail                   
11816660  UARTStdioInit                    
11816d34  UARTprintf                       
11816cd0  UARTwrite                        
11813b78  __TI_CINIT_Base                  
11813b98  __TI_CINIT_Limit                 
11813b70  __TI_Handler_Table_Base          
11813b78  __TI_Handler_Table_Limit         
UNDEFED   __TI_INITARRAY_Base              
UNDEFED   __TI_INITARRAY_Limit             
1181bba0  __TI_STACK_END                   
00000800  __TI_STACK_SIZE                  
11813b20  __TI_STATIC_BASE                 
UNDEFED   __TI_TLS_INIT_Base               
UNDEFED   __TI_TLS_INIT_Limit              
11813b30  __TI_cleanup_ptr                 
1181b360  __TI_decompress_none             
1181b380  __TI_decompress_rle24            
11813b34  __TI_dtors_ptr                   
11813b38  __TI_enable_exit_profile_output  
11819fc0  __TI_frcmpyd_div                 
ffffffff  __TI_pprof_out_hndl              
ffffffff  __TI_prof_data_size              
ffffffff  __TI_prof_data_start             
1181af60  __TI_tls_init                    
ffffffff  __binit__                        
11817fc0  __c6xabi_divd                    
1181aea0  __c6xabi_divu                    
1181b160  __c6xabi_fixdu                   
1181b260  __c6xabi_llshru                  
1181b020  __c6xabi_remu                    
ffffffff  __c_args__                       
1181aea0  __divu                           
1181b020  __remu                           
1181b2c0  _args_main                       
1181a560  _auto_init_elf                   
11814bf8  _c674x_mask_int10_isr            
11814dc0  _c674x_mask_int11_isr            
11814f84  _c674x_mask_int12_isr            
11815148  _c674x_mask_int13_isr            
11815310  _c674x_mask_int14_isr            
118154d8  _c674x_mask_int15_isr            
11814150  _c674x_mask_int4_isr             
11814318  _c674x_mask_int5_isr             
118144e0  _c674x_mask_int6_isr             
118146a4  _c674x_mask_int7_isr             
11814868  _c674x_mask_int8_isr             
11814a30  _c674x_mask_int9_isr             
11813c00  _c674x_nmi_isr                   
11813dc4  _c674x_rsvd_int2_isr             
11813f88  _c674x_rsvd_int3_isr             
1181b1e0  _c_int00                         
1181a000  _intcVectorTable                 
1181b3a0  _stack                           
1181b300  _system_post_cinit               
1181b320  _system_pre_init                 
1181b340  abort                            
11819a04  ad9833_delay                     
11813ac8  ad9833_dev                       
11819b94  ad9833_device_init               
11819980  ad9833_gpio_init                 
11819bac  ad9833_set_para                  
11819a48  ad9833_write_reg                 
11819d48  ads8568_device_init              
11819dac  ads8568_device_reset             
11819ce0  ads8568_gpio_init                
11819de0  ads8568_start_convert            
11819e0c  ads8568_write_reg                
11800000  all_channel_datas                
ffffffff  binit                            
1181aa20  copy_in                          
1181ace0  exit                             
118194d4  init_ad9833                      
1181a800  led_gpio_init                    
1181a884  leds_flash                       
11813b28  leds_flash_flag                  
11819080  main                             
1181b0c0  memcpy                           
1181adc0  memset                           


GLOBAL SYMBOLS: SORTED BY Symbol Address 

address   name                             
-------   ----                             
00000800  __TI_STACK_SIZE                  
11800000  all_channel_datas                
11813ac8  ad9833_dev                       
11813b20  TMR_PERIOD_LSB32                 
11813b20  __TI_STATIC_BASE                 
11813b24  TMR_PERIOD_MSB32                 
11813b28  leds_flash_flag                  
11813b30  __TI_cleanup_ptr                 
11813b34  __TI_dtors_ptr                   
11813b38  __TI_enable_exit_profile_output  
11813b70  __TI_Handler_Table_Base          
11813b78  __TI_CINIT_Base                  
11813b78  __TI_Handler_Table_Limit         
11813b98  __TI_CINIT_Limit                 
11813c00  _c674x_nmi_isr                   
11813dc4  _c674x_rsvd_int2_isr             
11813f88  _c674x_rsvd_int3_isr             
11814150  _c674x_mask_int4_isr             
11814318  _c674x_mask_int5_isr             
118144e0  _c674x_mask_int6_isr             
118146a4  _c674x_mask_int7_isr             
11814868  _c674x_mask_int8_isr             
11814a30  _c674x_mask_int9_isr             
11814bf8  _c674x_mask_int10_isr            
11814dc0  _c674x_mask_int11_isr            
11814f84  _c674x_mask_int12_isr            
11815148  _c674x_mask_int13_isr            
11815310  _c674x_mask_int14_isr            
118154d8  _c674x_mask_int15_isr            
118156a0  EMIFAModuleIdRead                
118156b8  EMIFANANDCSSet                   
11815740  EMIFANAND4BitECCAddrCalcStart    
11815760  EMIFANANDECCStart                
118157f8  EMIFANAND4BitECCSelect           
11815888  EMIFAMaxExtWaitCycleSet          
118158c8  EMIFACSWaitPinSelect             
118159e8  EMIFAWaitPinPolaritySet          
11815a38  EMIFAAsyncDevDataBusWidthSelect  
11815ae4  EMIFAAsyncDevOpModeSelect        
11815ba0  EMIFAExtendedWaitConfig          
11815c58  EMIFASDRAMConfig                 
11815c84  EMIFASDRAMSelfRefModeConfig      
11815cb0  EMIFASDRAMPowDownModeConfig      
11815ce0  EMIFASDRAMRefDurPowDownModeEnable
11815cf8  EMIFASDRAMRefRateSet             
11815d14  EMIFASDRAMTimingConfig           
11815d2c  EMIFASDRAMSelfRefExitTimeConfig  
11815d48  EMIFAWaitPinStatusGet            
11815d90  EMIFANAND4BitECCStateGet         
11815db0  EMIFANAND4BitECCNumOfErrsGet     
11815dd0  EMIFANORPageModeConfig           
11815e88  EMIFANORPageSizeSet              
11815f44  EMIFANORPageAccessDelaySet       
11815ff8  EMIFANAND4BitECCLoad             
11816024  EMIFANANDEccValGet               
11816188  EMIFANAND4BitEccErrAddrGet       
11816228  EMIFANAND4BitEccErrValGet        
118162c8  EMIFAWaitTimingConfig            
118163c0  EMIFARawIntStatusRead            
11816428  EMIFARawIntClear                 
11816498  EMIFAMskedIntStatusRead          
11816504  EMIFAMskedIntClear               
11816574  EMIFAMskedIntEnable              
118165e8  EMIFAMskedIntDisable             
11816660  UARTStdioInit                    
1181666c  UARTPuts                         
11816704  UARTGets                         
118167a0  UARTPutNum                       
11816864  UARTPutHexNum                    
11816954  UARTGetNum                       
11816a14  UARTGetHexNum                    
11816cac  UARTPutc                         
11816cc4  UARTGetc                         
11816cd0  UARTwrite                        
11816d34  UARTprintf                       
118171c0  TimerEnable                      
1181721c  TimerDisable                     
11817254  TimerConfigure                   
118172cc  TimerWatchdogActivate            
1181730c  TimerWatchdogReactivate          
11817354  TimerPeriodSet                   
11817390  TimerPeriodGet                   
118173c0  TimerCounterSet                  
118173f4  TimerCounterGet                  
11817424  TimerReloadSet                   
11817458  TimerReloadGet                   
11817488  TimerCaptureGet                  
118174b4  TimerCompareSet                  
118174d8  TimerCompareGet                  
118174f8  TimerIntEnable                   
11817528  TimerIntDisable                  
11817554  TimerIntStatusGet                
11817578  TimerIntStatusClear              
118175b4  TimerPreScalarCount34Set         
11817608  TimerPreScalarCount34Get         
11817624  TimerDivDwnRatio34Set            
11817670  TimerDivDwnRatio34Get            
1181768c  TimerCaptureConfigure            
118176ec  TimerReadResetEnable             
11817728  TimerReadResetDisable            
11817760  TimerInputGateEnable             
11817798  TimerInputGateDisable            
118177d0  TimerPulseWidthSet               
11817834  TimerClockModeSet                
11817870  TimerPulseModeSet                
118178ac  TimerOUTStatusGet                
118178dc  TimerInvertINEnable              
11817914  TimerInvertINDisable             
11817950  TimerInvertOUTEnable             
1181798c  TimerInvertOUTDisable            
118179e0  IntDSPINTCInit                   
11817a50  IntRegister                      
11817a74  IntUnRegister                    
11817a9c  IntEventMap                      
11817b24  IntEventSet                      
11817b58  IntEventClear                    
11817b90  IntEventCombineInit              
11817c94  IntEventCombineAdd               
11817ce8  IntEventCombineRemove            
11817d38  IntEventCombineRegister          
11817d60  IntEnable                        
11817d90  IntDisable                       
11817dc4  IntReset                         
11817dd8  IntGlobalEnable                  
11817dec  IntGlobalDisable                 
11817e00  IntGlobalRestore                 
11817e18  ExcGlobalEnable                  
11817e38  ExcCombineAdd                    
11817e80  ExcCombineRemove                 
11817fc0  __c6xabi_divd                    
11818580  GPIODirModeSet                   
11818618  GPIODirModeGet                   
11818678  GPIOPinWrite                     
118186f8  GPIOPinRead                      
11818758  GPIOIntTypeSet                   
118188c4  GPIOIntTypeGet                   
1181894c  GPIOPinIntStatus                 
118189ac  GPIOPinIntClear                  
118189f4  GPIOBankIntEnable                
11818a24  GPIOBankIntDisable               
11818a50  GPIOBankPinsWrite                
11818b00  UARTConfigSetExpClk              
11818b94  UARTConfigGetExpClk              
11818c28  UARTFIFOLevelSet                 
11818c4c  UARTDMAEnable                    
11818c6c  UARTDMADisable                   
11818c8c  UARTParityModeSet                
11818cd4  UARTParityModeGet                
11818cf8  UARTEnable                       
11818d14  UARTDisable                      
11818d40  UARTFIFOEnable                   
11818d54  UARTFIFODisable                  
11818d6c  UARTSpaceAvail                   
11818d98  UARTCharsAvail                   
11818dc8  UARTRxErrorGet                   
11818de8  UARTCharPutNonBlocking           
11818e28  UARTCharGetNonBlocking           
11818e54  UARTCharGet                      
11818e90  UARTCharPut                      
11818ee8  UARTIntEnable                    
11818f10  UARTIntDisable                   
11818f38  UARTIntStatus                    
11818f64  UARTBreakCtl                     
11818f98  UARTModemControlSet              
11818ff0  UARTModemControlClear            
11819024  UARTModemControlGet              
11819044  UARTModemStatusGet               
11819080  main                             
1181912c  TimerIsr                         
11819494  InterruptInit                    
118194a8  PSCInit                          
118194d4  init_ad9833                      
118196e8  CacheEnable                      
118197c8  CacheEnableMAR                   
11819860  CacheDisableMAR                  
118198ec  CacheInvL1pAll                   
118198f8  CacheWBAll                       
11819908  CacheWBInvAll                    
11819914  CacheInv                         
11819930  CacheWB                          
1181994c  CacheWBInv                       
11819980  ad9833_gpio_init                 
11819a04  ad9833_delay                     
11819a48  ad9833_write_reg                 
11819b94  ad9833_device_init               
11819bac  ad9833_set_para                  
11819ce0  ads8568_gpio_init                
11819d48  ads8568_device_init              
11819dac  ads8568_device_reset             
11819de0  ads8568_start_convert            
11819e0c  ads8568_write_reg                
11819e40  Delay                            
11819e6c  EMIFAInit                        
11819ec8  TimerInit                        
11819f28  GPIOPinMuxSetup                  
11819f74  TimerInterruptInit               
11819fc0  __TI_frcmpyd_div                 
1181a000  _intcVectorTable                 
1181a200  GPIOBank0Pin0PinMuxSetup         
1181a238  GPIOBank0Pin1PinMuxSetup         
1181a274  GPIOBank0Pin2PinMuxSetup         
1181a2b0  GPIOBank0Pin5PinMuxSetup         
1181a2ec  GPIOBank0Pin6PinMuxSetup         
1181a328  GPIOBank6Pin1PinMuxSetup         
1181a364  GPIOBank6Pin12PinMuxSetup        
1181a3a0  GPIOBank6Pin13PinMuxSetup        
1181a3e0  UARTPinMuxSetup                  
1181a560  _auto_init_elf                   
1181a6c0  PSCModuleControl                 
1181a800  led_gpio_init                    
1181a884  leds_flash                       
1181aa20  copy_in                          
1181ab20  EMIFAPinMuxSetup                 
1181ac60  UARTConsoleInit                  
1181ac98  UARTConsolePutc                  
1181acc0  UARTConsoleGetc                  
1181ace0  exit                             
1181adc0  memset                           
1181aea0  __c6xabi_divu                    
1181aea0  __divu                           
1181af60  __TI_tls_init                    
1181b020  __c6xabi_remu                    
1181b020  __remu                           
1181b0c0  memcpy                           
1181b160  __c6xabi_fixdu                   
1181b1e0  _c_int00                         
1181b260  __c6xabi_llshru                  
1181b2c0  _args_main                       
1181b300  _system_post_cinit               
1181b320  _system_pre_init                 
1181b340  C$$EXIT                          
1181b340  abort                            
1181b360  __TI_decompress_none             
1181b380  __TI_decompress_rle24            
1181b3a0  _stack                           
1181bba0  __TI_STACK_END                   
ffffffff  __TI_pprof_out_hndl              
ffffffff  __TI_prof_data_size              
ffffffff  __TI_prof_data_start             
ffffffff  __binit__                        
ffffffff  __c_args__                       
ffffffff  binit                            
UNDEFED   __TI_INITARRAY_Base              
UNDEFED   __TI_INITARRAY_Limit             
UNDEFED   __TI_TLS_INIT_Base               
UNDEFED   __TI_TLS_INIT_Limit              

[246 symbols]
