******************************************************************************
               TMS320C6x Linker Unix v8.2.2                    
******************************************************************************
>> Linked Fri Jan 19 16:23:08 2018

OUTPUT FILE NAME:   <OMAPL138_SPI_AD7606_STARTWARE_CORE_DSP_CCSV74.out>
ENTRY POINT SYMBOL: "_c_int00"  address: 11821120


MEMORY CONFIGURATION

         name            origin    length      used     unused   attr    fill
----------------------  --------  ---------  --------  --------  ----  --------
  SHDSPL2ROM            11700000   00100000  00000000  00100000  RWIX
  SHDSPL2RAM            11800000   00040000  00022b30  0001d4d0  RWIX
  SHRAM                 80000000   00020000  00000000  00020000  RWIX
  DDR2                  c0000000   08000000  00000000  08000000  RWIX


SEGMENT ALLOCATION MAP

run origin  load origin   length   init length attrs members
----------  ----------- ---------- ----------- ----- -------
11800000    11800000    00013fb2   00000000    rw-
  11800000    11800000    00013c90   00000000    rw- .far
  11813c90    11813c90    0000031c   00000000    rw- .fardata
  11813fac    11813fac    00000006   00000000    rw- .neardata
11813fb4    11813fb4    00000004   00000000    r--
  11813fb4    11813fb4    00000004   00000000    r-- .rodata
11814000    11814000    0000d7a0   0000d7a0    r-x
  11814000    11814000    0000d7a0   0000d7a0    r-x .text
118217a0    118217a0    00001000   00000000    rw-
  118217a0    118217a0    00000800   00000000    rw- .stack
  11821fa0    11821fa0    00000800   00000000    rw- .sysmem
118227a0    118227a0    00000194   00000194    r--
  118227a0    118227a0    00000194   00000194    r-- .const
11822938    11822938    00000120   00000000    rw-
  11822938    11822938    00000120   00000000    rw- .cio
11822a58    11822a58    00000128   00000128    r--
  11822a58    11822a58    0000006c   0000006c    r-- .switch
  11822ac8    11822ac8    000000b8   000000b8    r-- .cinit


SECTION ALLOCATION MAP

 output                                  attributes/
section   page    origin      length       input sections
--------  ----  ----------  ----------   ----------------
.text      0    11814000    0000d7a0     
                  11814000    00001ce0     rts6740_elf.lib : _printfi.obj (.text:__TI_printfi)
                  11815ce0    00001aa0     system_config.lib : interrupt.obj (.text:retain)
                  11817780    00000b60     utils.lib : uartStdio.obj (.text)
                  118182e0    00000860     c6748.obj (.text)
                  11818b40    00000820     drivers.lib : timer.obj (.text)
                  11819360    000007e0     main.obj (.text)
                  11819b40    00000700     ad7606.obj (.text)
                  1181a240    00000680     rts6740_elf.lib : _printfi.obj (.text:_pconv_a)
                  1181a8c0    000005e0     system_config.lib : interrupt.obj (.text)
                  1181aea0    000005c0     rts6740_elf.lib : divd.obj (.text:__c6xabi_divd)
                  1181b460    00000580     drivers.lib : gpio.obj (.text)
                  1181b9e0    00000580                 : uart.obj (.text)
                  1181bf60    00000500     rts6740_elf.lib : _printfi.obj (.text:_pconv_g)
                  1181c460    00000440                     : memory.obj (.text:free)
                  1181c8a0    00000420                     : _printfi.obj (.text:_pconv_e)
                  1181ccc0    00000420     system_config.lib : cache.obj (.text)
                  1181d0e0    000003e0     rts6740_elf.lib : fputs.obj (.text:fputs)
                  1181d4c0    00000360     ad9833.obj (.text)
                  1181d820    000002a0     rts6740_elf.lib : _printfi.obj (.text:_pconv_f)
                  1181dac0    000002a0                     : _printfi.obj (.text:fcvt)
                  1181dd60    00000260                     : imath64.obj (.text:__c6xabi_divull)
                  1181dfc0    00000220                     : fputc.obj (.text:fputc)
                  1181e1e0    00000220                     : setvbuf.obj (.text:setvbuf)
                  1181e400    00000200                     : _printfi.obj (.text:_ltostr)
                  1181e600    000001e0     Platform.lib : GPIO.obj (.text)
                  1181e7e0    00000020     rts6740_elf.lib : errno.obj (.text:__c6xabi_errno_addr)
                  1181e800    00000200     system_config.lib : intvecs.obj (.text)
                  1181ea00    000001c0     rts6740_elf.lib : imath40.obj (.text:__c6xabi_divul)
                  1181ebc0    000001c0                     : frexp.obj (.text:frexp)
                  1181ed80    000001a0                     : hostrename.obj (.text:HOSTrename)
                  1181ef20    00000180     Platform.lib : UART.obj (.text)
                  1181f0a0    00000180     rts6740_elf.lib : ldexp.obj (.text:ldexp)
                  1181f220    00000180                     : memory.obj (.text:malloc)
                  1181f3a0    00000160                     : autoinit.obj (.text:_auto_init_elf)
                  1181f500    00000140                     : fclose.obj (.text:__TI_closefile)
                  1181f640    00000140     drivers.lib : psc.obj (.text)
                  1181f780    00000140     rts6740_elf.lib : getdevice.obj (.text:getdevice)
                  1181f8c0    00000120                     : fseek.obj (.text:fseek)
                  1181f9e0    00000100                     : copy_decompress_rle.obj (.text:__TI_decompress_rle_core)
                  1181fae0    00000100                     : _io_perm.obj (.text:__TI_wrt_ok)
                  1181fbe0    00000100                     : atoi.obj (.text:atoi)
                  1181fce0    00000100                     : cpy_tbl.obj (.text:copy_in)
                  1181fde0    000000e0                     : hostlseek.obj (.text:HOSTlseek)
                  1181fec0    000000e0                     : hostopen.obj (.text:HOSTopen)
                  1181ffa0    000000e0                     : hostwrite.obj (.text:HOSTwrite)
                  11820080    000000e0     Platform.lib : UARTConsole.obj (.text)
                  11820160    000000e0     rts6740_elf.lib : close.obj (.text:close)
                  11820240    000000e0                     : exit.obj (.text:exit)
                  11820320    000000e0     led.obj (.text)
                  11820400    000000e0     rts6740_elf.lib : ltoa.obj (.text:ltoa)
                  118204e0    000000e0                     : memset.obj (.text:memset)
                  118205c0    000000e0                     : printf.obj (.text:printf)
                  118206a0    000000c0                     : hostread.obj (.text:HOSTread)
                  11820760    000000c0                     : hostunlink.obj (.text:HOSTunlink)
                  11820820    000000c0                     : fflush.obj (.text:__TI_doflush)
                  118208e0    000000c0                     : divu.obj (.text:__divu)
                  118209a0    000000c0                     : _printfi.obj (.text:_ecpy)
                  11820a60    000000c0                     : memory.obj (.text:mremove)
                  11820b20    000000c0                     : tls.obj (.text:tls:init:__TI_tls_init)
                  11820be0    000000a0                     : hostclose.obj (.text:HOSTclose)
                  11820c80    000000a0                     : fopen.obj (.text:__TI_cleanup)
                  11820d20    000000a0                     : remu.obj (.text:__remu)
                  11820dc0    000000a0                     : memory.obj (.text:_minit)
                  11820e60    000000a0                     : memcpy64.obj (.text:memcpy)
                  11820f00    000000a0                     : memory.obj (.text:minsert)
                  11820fa0    00000080                     : trgmsg.obj (.text:__TI_readmsg)
                  11821020    00000080                     : fixdu.obj (.text:__c6xabi_fixdu)
                  118210a0    00000080                     : llshift.obj (.text:__c6xabi_llshl)
                  11821120    00000080                     : boot.obj (.text:_c_int00)
                  118211a0    00000080                     : getdevice.obj (.text:finddevice)
                  11821220    00000080                     : unlink.obj (.text:unlink)
                  118212a0    00000060                     : trgmsg.obj (.text:__TI_writemsg)
                  11821300    00000060                     : llshift.obj (.text:__c6xabi_llshru)
                  11821360    00000060                     : imath64.obj (.text:_subcull)
                  118213c0    00000060                     : lseek.obj (.text:lseek)
                  11821420    00000060                     : memccpy.obj (.text:memccpy)
                  11821480    00000060                     : sprintf.obj (.text:sprintf)
                  118214e0    00000060                     : write.obj (.text:write)
                  11821540    00000040                     : frcmpyd_div.obj (.text:__TI_frcmpyd_div)
                  11821580    00000040                     : isinf.obj (.text:__c6xabi_isinf)
                  118215c0    00000040                     : _printfi.obj (.text:__c6xabi_isnan)
                  11821600    00000040                     : args_main.obj (.text:_args_main)
                  11821640    00000040                     : sprintf.obj (.text:_outs)
                  11821680    00000020                     : _lock.obj (.text:_nop)
                  118216a0    00000020                     : printf.obj (.text:_outc)
                  118216c0    00000020                     : sprintf.obj (.text:_outc)
                  118216e0    00000020                     : printf.obj (.text:_outs)
                  11821700    00000020                     : startup.obj (.text:_system_post_cinit)
                  11821720    00000020                     : pre_init.obj (.text:_system_pre_init)
                  11821740    00000020                     : exit.obj (.text:abort)
                  11821760    00000020                     : copy_decompress_none.obj (.text:decompress:none:__TI_decompress_none)
                  11821780    00000020                     : copy_decompress_rle.obj (.text:decompress:rle24:__TI_decompress_rle24)

.stack     0    118217a0    00000800     UNINITIALIZED
                  118217a0    00000008     rts6740_elf.lib : boot.obj (.stack)
                  118217a8    000007f8     --HOLE--

.cio       0    11822938    00000120     UNINITIALIZED
                  11822938    00000120     rts6740_elf.lib : trgmsg.obj (.cio)

.const     0    118227a0    00000194     
                  118227a0    00000101     rts6740_elf.lib : ctype.obj (.const:.string:_ctypes_)
                  118228a1    00000003     --HOLE-- [fill = 0]
                  118228a4    00000050     c6748.obj (.const:.string)
                  118228f4    00000024     rts6740_elf.lib : _printfi.obj (.const:.string)
                  11822918    0000001c     utils.lib : uartStdio.obj (.const:.string)

.far       0    11800000    00013c90     UNINITIALIZED
                  11800000    000138e8     (.common:ad7606_dev)
                  118138e8    00000240     system_config.lib : interrupt.obj (.far)
                  11813b28    00000140     (.common:__TI_tmpnams)
                  11813c68    00000020     (.common:ad9833_dev)
                  11813c88    00000008     (.common:parmbuf)

.sysmem    0    11821fa0    00000800     UNINITIALIZED
                  11821fa0    00000008     rts6740_elf.lib : memory.obj (.sysmem)
                  11821fa8    000007f8     --HOLE--

.switch    0    11822a58    0000006c     
                  11822a58    00000038     rts6740_elf.lib : _printfi.obj (.switch:__TI_printfi)
                  11822a90    00000024     utils.lib : uartStdio.obj (.switch:UARTprintf)
                  11822ab4    00000010     drivers.lib : gpio.obj (.switch:GPIOIntTypeSet)

.cinit     0    11822ac8    000000b8     
                  11822ac8    0000006f     (.cinit..fardata.load) [load image, compression = rle]
                  11822b37    0000000d     (.cinit..far.load) [load image, compression = rle]
                  11822b44    0000000a     (.cinit..rodata.load) [load image, compression = rle]
                  11822b4e    00000009     (.cinit..neardata.load) [load image, compression = rle]
                  11822b57    00000001     --HOLE-- [fill = 0]
                  11822b58    00000008     (__TI_handler_table)
                  11822b60    00000020     (__TI_cinit_table)

.init_array 
*          0    11800000    00000000     UNINITIALIZED

.fardata   0    11813c90    0000031c     UNINITIALIZED
                  11813c90    000001e0     rts6740_elf.lib : defs.obj (.fardata:_ftable)
                  11813e70    000000a0                     : write.obj (.fardata:_stream)
                  11813f10    00000078                     : write.obj (.fardata:_device)
                  11813f88    0000000c                     : exit.obj (.fardata)
                  11813f94    00000008                     : memory.obj (.fardata)
                  11813f9c    00000004                     : _lock.obj (.fardata:_lock)
                  11813fa0    00000004                     : _lock.obj (.fardata:_unlock)
                  11813fa4    00000004                     : defs.obj (.fardata)
                  11813fa8    00000004                     : errno.obj (.fardata)

.init_array 
*          0    11800000    00000000     UNINITIALIZED

.neardata 
*          0    11813fac    00000006     UNINITIALIZED
                  11813fac    00000004     ad7606.obj (.neardata)
                  11813fb0    00000002     main.obj (.neardata)

.rodata    0    11813fb4    00000004     UNINITIALIZED
                  11813fb4    00000004     utils.lib : uartStdio.obj (.rodata)

.bss       0    11813fb8    00000000     UNINITIALIZED

MODULE SUMMARY

       Module                     code    ro data   rw data
       ------                     ----    -------   -------
    ./src/
       main.obj                   2016    0         80138  
       c6748.obj                  2144    80        0      
       ad7606.obj                 1792    0         4      
       ad9833.obj                 864     0         0      
       led.obj                    224     0         0      
    +--+--------------------------+-------+---------+---------+
       Total:                     7040    80        80142  
                                                           
    ../startware/Library/Platform/Debug/Platform.lib
       GPIO.obj                   480     0         0      
       UART.obj                   384     0         0      
       UARTConsole.obj            224     0         0      
    +--+--------------------------+-------+---------+---------+
       Total:                     1088    0         0      
                                                           
    ../startware/Library/StarterWare/Drivers/Debug/drivers.lib
       timer.obj                  2080    0         0      
       gpio.obj                   1408    16        0      
       uart.obj                   1408    0         0      
       psc.obj                    320     0         0      
    +--+--------------------------+-------+---------+---------+
       Total:                     5216    16        0      
                                                           
    ../startware/Library/StarterWare/SystemConfig/Debug/system_config.lib
       interrupt.obj              8320    0         576    
       cache.obj                  1056    0         0      
       intvecs.obj                512     0         0      
    +--+--------------------------+-------+---------+---------+
       Total:                     9888    0         576    
                                                           
    ../startware/Library/StarterWare/Utils/Debug/utils.lib
       uartStdio.obj              2912    68        0      
    +--+--------------------------+-------+---------+---------+
       Total:                     2912    68        0      
                                                           
    /opt/ti/ccsv7/tools/compiler/ti-cgt-c6000_8.2.2/lib/rts6740_elf.lib
       _printfi.obj               13504   92        0      
       memory.obj                 1984    0         8      
       divd.obj                   1472    0         0      
       fputs.obj                  992     0         0      
       defs.obj                   0       0         804    
       imath64.obj                704     0         0      
       fputc.obj                  544     0         0      
       setvbuf.obj                544     0         0      
       trgmsg.obj                 224     0         288    
       frexp.obj                  448     0         0      
       getdevice.obj              448     0         0      
       imath40.obj                448     0         0      
       hostrename.obj             416     0         0      
       ldexp.obj                  384     0         0      
       write.obj                  96      0         280    
       autoinit.obj               352     0         0      
       fclose.obj                 320     0         0      
       copy_decompress_rle.obj    288     0         0      
       fseek.obj                  288     0         0      
       printf.obj                 288     0         0      
       exit.obj                   256     0         12     
       ctype.obj                  0       257       0      
       _io_perm.obj               256     0         0      
       atoi.obj                   256     0         0      
       cpy_tbl.obj                256     0         0      
       hostopen.obj               224     0         8      
       close.obj                  224     0         0      
       hostlseek.obj              224     0         0      
       hostwrite.obj              224     0         0      
       llshift.obj                224     0         0      
       ltoa.obj                   224     0         0      
       memset.obj                 224     0         0      
       divu.obj                   192     0         0      
       fflush.obj                 192     0         0      
       hostread.obj               192     0         0      
       hostunlink.obj             192     0         0      
       sprintf.obj                192     0         0      
       tls.obj                    192     0         0      
       fopen.obj                  160     0         0      
       hostclose.obj              160     0         0      
       memcpy64.obj               160     0         0      
       remu.obj                   160     0         0      
       boot.obj                   128     0         0      
       fixdu.obj                  128     0         0      
       unlink.obj                 128     0         0      
       lseek.obj                  96      0         0      
       memccpy.obj                96      0         0      
       args_main.obj              64      0         0      
       frcmpyd_div.obj            64      0         0      
       isinf.obj                  64      0         0      
       _lock.obj                  32      0         8      
       errno.obj                  32      0         4      
       copy_decompress_none.obj   32      0         0      
       pre_init.obj               32      0         0      
       startup.obj                32      0         0      
    +--+--------------------------+-------+---------+---------+
       Total:                     29056   349       1412   
                                                           
       Heap:                      0       0         2048   
       Stack:                     0       0         2048   
       Linker Generated:          0       183       0      
    +--+--------------------------+-------+---------+---------+
       Grand Total:               55200   696       86226  


LINKER GENERATED COPY TABLES

__TI_cinit_table @ 11822b60 records: 4, size/record: 8, table size: 32
	.fardata: load addr=11822ac8, load size=0000006f bytes, run addr=11813c90, run size=0000031c bytes, compression=rle
	.far: load addr=11822b37, load size=0000000d bytes, run addr=11800000, run size=00013c90 bytes, compression=rle
	.rodata: load addr=11822b44, load size=0000000a bytes, run addr=11813fb4, run size=00000004 bytes, compression=rle
	.neardata: load addr=11822b4e, load size=00000009 bytes, run addr=11813fac, run size=00000006 bytes, compression=rle


LINKER GENERATED HANDLER TABLE

__TI_handler_table @ 11822b58 records: 2, size/record: 4, table size: 8
	index: 0, handler: __TI_decompress_rle24
	index: 1, handler: __TI_decompress_none


GLOBAL SYMBOLS: SORTED ALPHABETICALLY BY Name 

address   name                           
-------   ----                           
118197b8  AD7606_INIT                    
11819740  AD9833_INIT                    
11821740  C$$EXIT                        
118212f8  C$$IO$$                        
11818668  C6748_configCache              
11818498  C6748_enableDsp                
118182e0  C6748_init                     
11818300  C6748_initRAM                  
1181854c  C6748_lpscTransition           
118184c8  C6748_pinmuxConfig             
1181cfc0  CacheDisableMAR                
1181ce48  CacheEnable                    
1181cf28  CacheEnableMAR                 
1181d074  CacheInv                       
1181d04c  CacheInvL1pAll                 
1181d090  CacheWB                        
1181d058  CacheWBAll                     
1181d0ac  CacheWBInv                     
1181d068  CacheWBInvAll                  
11818a78  DumpBuffer                     
1181ad18  ExcCombineAdd                  
1181ad60  ExcCombineRemove               
1181acf8  ExcGlobalEnable                
1181e600  GPIOBank0Pin0PinMuxSetup       
1181e638  GPIOBank0Pin1PinMuxSetup       
1181e674  GPIOBank0Pin2PinMuxSetup       
1181e6b0  GPIOBank0Pin5PinMuxSetup       
1181e6ec  GPIOBank0Pin6PinMuxSetup       
1181e764  GPIOBank6Pin12PinMuxSetup      
1181e7a0  GPIOBank6Pin13PinMuxSetup      
1181e728  GPIOBank6Pin1PinMuxSetup       
1181b904  GPIOBankIntDisable             
1181b8d4  GPIOBankIntEnable              
1181b930  GPIOBankPinsWrite              
1181b4f8  GPIODirModeGet                 
1181b460  GPIODirModeSet                 
1181b7a4  GPIOIntTypeGet                 
1181b638  GPIOIntTypeSet                 
1181b88c  GPIOPinIntClear                
1181b82c  GPIOPinIntStatus               
1181b5d8  GPIOPinRead                    
1181b558  GPIOPinWrite                   
11819984  GPIO_INIT                      
11820be0  HOSTclose                      
1181fde0  HOSTlseek                      
1181fec0  HOSTopen                       
118206a0  HOSTread                       
1181ed80  HOSTrename                     
11820760  HOSTunlink                     
1181ffa0  HOSTwrite                      
11819710  INT_INIT                       
1181a8c0  IntDSPINTCInit                 
1181ac70  IntDisable                     
1181ac40  IntEnable                      
1181aa38  IntEventClear                  
1181ab74  IntEventCombineAdd             
1181aa70  IntEventCombineInit            
1181ac18  IntEventCombineRegister        
1181abc8  IntEventCombineRemove          
1181a97c  IntEventMap                    
1181aa04  IntEventSet                    
1181accc  IntGlobalDisable               
1181acb8  IntGlobalEnable                
1181ace0  IntGlobalRestore               
1181a930  IntRegister                    
1181aca4  IntReset                       
1181a954  IntUnRegister                  
1181f640  PSCModuleControl               
11819724  PSC_INIT                       
11819668  TIMER_INIT                     
118196d0  TIMER_INT_INIT                 
118195f4  TIMER_ISR                      
1181900c  TimerCaptureConfigure          
11818e08  TimerCaptureGet                
118191b4  TimerClockModeSet              
11818e58  TimerCompareGet                
11818e34  TimerCompareSet                
11818bd4  TimerConfigure                 
11818d74  TimerCounterGet                
11818d40  TimerCounterSet                
11818b9c  TimerDisable                   
11818ff0  TimerDivDwnRatio34Get          
11818fa4  TimerDivDwnRatio34Set          
11818b40  TimerEnable                    
11819118  TimerInputGateDisable          
118190e0  TimerInputGateEnable           
11818ea8  TimerIntDisable                
11818e78  TimerIntEnable                 
11818ef8  TimerIntStatusClear            
11818ed4  TimerIntStatusGet              
11819294  TimerInvertINDisable           
1181925c  TimerInvertINEnable            
1181930c  TimerInvertOUTDisable          
118192d0  TimerInvertOUTEnable           
1181922c  TimerOUTStatusGet              
11818d10  TimerPeriodGet                 
11818cd4  TimerPeriodSet                 
11818f88  TimerPreScalarCount34Get       
11818f34  TimerPreScalarCount34Set       
118191f0  TimerPulseModeSet              
11819150  TimerPulseWidthSet             
118190a8  TimerReadResetDisable          
1181906c  TimerReadResetEnable           
11818dd8  TimerReloadGet                 
11818da4  TimerReloadSet                 
11818c4c  TimerWatchdogActivate          
11818c8c  TimerWatchdogReactivate        
1181be44  UARTBreakCtl                   
1181bd34  UARTCharGet                    
1181bd08  UARTCharGetNonBlocking         
1181bd70  UARTCharPut                    
1181bcc8  UARTCharPutNonBlocking         
1181bc78  UARTCharsAvail                 
1181ba74  UARTConfigGetExpClk            
1181b9e0  UARTConfigSetExpClk            
11820140  UARTConsoleGetc                
118200e0  UARTConsoleInit                
11820118  UARTConsolePutc                
1181bb4c  UARTDMADisable                 
1181bb2c  UARTDMAEnable                  
1181bbf4  UARTDisable                    
1181bbd8  UARTEnable                     
1181bc34  UARTFIFODisable                
1181bc20  UARTFIFOEnable                 
1181bb08  UARTFIFOLevelSet               
11817b34  UARTGetHexNum                  
11817a74  UARTGetNum                     
11817de4  UARTGetc                       
11817824  UARTGets                       
1181bdf0  UARTIntDisable                 
1181bdc8  UARTIntEnable                  
1181be18  UARTIntStatus                  
1181bed0  UARTModemControlClear          
1181bf04  UARTModemControlGet            
1181be78  UARTModemControlSet            
1181bf24  UARTModemStatusGet             
1181bbb4  UARTParityModeGet              
1181bb6c  UARTParityModeSet              
1181ef20  UARTPinMuxSetup                
11817984  UARTPutHexNum                  
118178c0  UARTPutNum                     
11817dcc  UARTPutc                       
1181778c  UARTPuts                       
1181bca8  UARTRxErrorGet                 
1181bc4c  UARTSpaceAvail                 
11817780  UARTStdioInit                  
11817e54  UARTprintf                     
11817df0  UARTwrite                      
11818924  UTIL_printMem                  
11822938  __CIOBUF_                      
11822b60  __TI_CINIT_Base                
11822b80  __TI_CINIT_Limit               
11822b58  __TI_Handler_Table_Base        
11822b60  __TI_Handler_Table_Limit       
UNDEFED   __TI_INITARRAY_Base            
UNDEFED   __TI_INITARRAY_Limit           
11821fa0  __TI_STACK_END                 
00000800  __TI_STACK_SIZE                
11813fac  __TI_STATIC_BASE               
00000800  __TI_SYSMEM_SIZE               
UNDEFED   __TI_TLS_INIT_Base             
UNDEFED   __TI_TLS_INIT_Limit            
11820c80  __TI_cleanup                   
11813f88  __TI_cleanup_ptr               
1181f500  __TI_closefile                 
11821760  __TI_decompress_none           
11821780  __TI_decompress_rle24          
11820820  __TI_doflush                   
11813f8c  __TI_dtors_ptr                 
11813f90  __TI_enable_exit_profile_output
11821540  __TI_frcmpyd_div               
11813fa4  __TI_ft_end                    
ffffffff  __TI_pprof_out_hndl            
11814000  __TI_printfi                   
ffffffff  __TI_prof_data_size            
ffffffff  __TI_prof_data_start           
11820fa0  __TI_readmsg                   
11820b20  __TI_tls_init                  
11813b28  __TI_tmpnams                   
118212a0  __TI_writemsg                  
1181fae0  __TI_wrt_ok                    
ffffffff  __binit__                      
1181aea0  __c6xabi_divd                  
118208e0  __c6xabi_divu                  
1181ea00  __c6xabi_divul                 
1181dd60  __c6xabi_divull                
1181e7e0  __c6xabi_errno_addr            
11821020  __c6xabi_fixdu                 
11821580  __c6xabi_isinf                 
118210a0  __c6xabi_llshl                 
11821300  __c6xabi_llshru                
11820d20  __c6xabi_remu                  
ffffffff  __c_args__                     
118208e0  __divu                         
11813fa8  __errno                        
11820d20  __remu                         
11821600  _args_main                     
1181f3a0  _auto_init_elf                 
11816cd8  _c674x_mask_int10_isr          
11816ea0  _c674x_mask_int11_isr          
11817064  _c674x_mask_int12_isr          
11817228  _c674x_mask_int13_isr          
118173f0  _c674x_mask_int14_isr          
118175b8  _c674x_mask_int15_isr          
11816230  _c674x_mask_int4_isr           
118163f8  _c674x_mask_int5_isr           
118165c0  _c674x_mask_int6_isr           
11816784  _c674x_mask_int7_isr           
11816948  _c674x_mask_int8_isr           
11816b10  _c674x_mask_int9_isr           
11815ce0  _c674x_nmi_isr                 
11815ea4  _c674x_rsvd_int2_isr           
11816068  _c674x_rsvd_int3_isr           
11821120  _c_int00                       
118227a0  _ctypes_                       
11813f10  _device                        
11813c90  _ftable                        
1181e800  _intcVectorTable               
11813f9c  _lock                          
11820dc0  _minit                         
11821680  _nop                           
118217a0  _stack                         
11813e70  _stream                        
11821360  _subcull                       
11821fa0  _sys_memory                    
11821700  _system_post_cinit             
11821720  _system_pre_init               
11813fa0  _unlock                        
11821740  abort                          
11819b40  ad7606_delay                   
11800000  ad7606_dev                     
11819f78  ad7606_device_init             
11819f50  ad7606_device_not_busy         
11819b8c  ad7606_device_reset            
11819e74  ad7606_read_sample_data        
11819d20  ad7606_set_over_sample         
11819e18  ad7606_set_range               
1181a1e0  ad7606_set_sample              
11819fd0  ad7606_spi_read                
11819c38  ad7606_start_convst            
1181d544  ad9833_delay                   
11813c68  ad9833_dev                     
1181d6d4  ad9833_device_init             
1181d4c0  ad9833_gpio_init               
1181d6ec  ad9833_set_para                
1181d588  ad9833_write_reg               
11813fb0  adc_complete_flag              
1181fbe0  atoi                           
ffffffff  binit                          
11813fac  busy_timeout                   
11820160  close                          
1181fce0  copy_in                        
11813fa8  errno                          
11820240  exit                           
118211a0  finddevice                     
1181dfc0  fputc                          
1181d0e0  fputs                          
1181c460  free                           
1181ebc0  frexp                          
1181ebc0  frexpl                         
1181f8c0  fseek                          
1181f780  getdevice                      
118186d4  init_psc                       
1181f0a0  ldexp                          
1181f0a0  ldexpl                         
11820320  leds_flash                     
11813fb1  leds_flash_flag                
118213c0  lseek                          
11820400  ltoa                           
11819360  main                           
1181f220  malloc                         
11821420  memccpy                        
11820e60  memcpy                         
118204e0  memset                         
11813c88  parmbuf                        
118205c0  printf                         
1181dfc0  putc                           
11821220  remove                         
1181e1e0  setvbuf                        
11821480  sprintf                        
11821220  unlink                         
118214e0  write                          


GLOBAL SYMBOLS: SORTED BY Symbol Address 

address   name                           
-------   ----                           
00000800  __TI_STACK_SIZE                
00000800  __TI_SYSMEM_SIZE               
11800000  ad7606_dev                     
11813b28  __TI_tmpnams                   
11813c68  ad9833_dev                     
11813c88  parmbuf                        
11813c90  _ftable                        
11813e70  _stream                        
11813f10  _device                        
11813f88  __TI_cleanup_ptr               
11813f8c  __TI_dtors_ptr                 
11813f90  __TI_enable_exit_profile_output
11813f9c  _lock                          
11813fa0  _unlock                        
11813fa4  __TI_ft_end                    
11813fa8  __errno                        
11813fa8  errno                          
11813fac  __TI_STATIC_BASE               
11813fac  busy_timeout                   
11813fb0  adc_complete_flag              
11813fb1  leds_flash_flag                
11814000  __TI_printfi                   
11815ce0  _c674x_nmi_isr                 
11815ea4  _c674x_rsvd_int2_isr           
11816068  _c674x_rsvd_int3_isr           
11816230  _c674x_mask_int4_isr           
118163f8  _c674x_mask_int5_isr           
118165c0  _c674x_mask_int6_isr           
11816784  _c674x_mask_int7_isr           
11816948  _c674x_mask_int8_isr           
11816b10  _c674x_mask_int9_isr           
11816cd8  _c674x_mask_int10_isr          
11816ea0  _c674x_mask_int11_isr          
11817064  _c674x_mask_int12_isr          
11817228  _c674x_mask_int13_isr          
118173f0  _c674x_mask_int14_isr          
118175b8  _c674x_mask_int15_isr          
11817780  UARTStdioInit                  
1181778c  UARTPuts                       
11817824  UARTGets                       
118178c0  UARTPutNum                     
11817984  UARTPutHexNum                  
11817a74  UARTGetNum                     
11817b34  UARTGetHexNum                  
11817dcc  UARTPutc                       
11817de4  UARTGetc                       
11817df0  UARTwrite                      
11817e54  UARTprintf                     
118182e0  C6748_init                     
11818300  C6748_initRAM                  
11818498  C6748_enableDsp                
118184c8  C6748_pinmuxConfig             
1181854c  C6748_lpscTransition           
11818668  C6748_configCache              
118186d4  init_psc                       
11818924  UTIL_printMem                  
11818a78  DumpBuffer                     
11818b40  TimerEnable                    
11818b9c  TimerDisable                   
11818bd4  TimerConfigure                 
11818c4c  TimerWatchdogActivate          
11818c8c  TimerWatchdogReactivate        
11818cd4  TimerPeriodSet                 
11818d10  TimerPeriodGet                 
11818d40  TimerCounterSet                
11818d74  TimerCounterGet                
11818da4  TimerReloadSet                 
11818dd8  TimerReloadGet                 
11818e08  TimerCaptureGet                
11818e34  TimerCompareSet                
11818e58  TimerCompareGet                
11818e78  TimerIntEnable                 
11818ea8  TimerIntDisable                
11818ed4  TimerIntStatusGet              
11818ef8  TimerIntStatusClear            
11818f34  TimerPreScalarCount34Set       
11818f88  TimerPreScalarCount34Get       
11818fa4  TimerDivDwnRatio34Set          
11818ff0  TimerDivDwnRatio34Get          
1181900c  TimerCaptureConfigure          
1181906c  TimerReadResetEnable           
118190a8  TimerReadResetDisable          
118190e0  TimerInputGateEnable           
11819118  TimerInputGateDisable          
11819150  TimerPulseWidthSet             
118191b4  TimerClockModeSet              
118191f0  TimerPulseModeSet              
1181922c  TimerOUTStatusGet              
1181925c  TimerInvertINEnable            
11819294  TimerInvertINDisable           
118192d0  TimerInvertOUTEnable           
1181930c  TimerInvertOUTDisable          
11819360  main                           
118195f4  TIMER_ISR                      
11819668  TIMER_INIT                     
118196d0  TIMER_INT_INIT                 
11819710  INT_INIT                       
11819724  PSC_INIT                       
11819740  AD9833_INIT                    
118197b8  AD7606_INIT                    
11819984  GPIO_INIT                      
11819b40  ad7606_delay                   
11819b8c  ad7606_device_reset            
11819c38  ad7606_start_convst            
11819d20  ad7606_set_over_sample         
11819e18  ad7606_set_range               
11819e74  ad7606_read_sample_data        
11819f50  ad7606_device_not_busy         
11819f78  ad7606_device_init             
11819fd0  ad7606_spi_read                
1181a1e0  ad7606_set_sample              
1181a8c0  IntDSPINTCInit                 
1181a930  IntRegister                    
1181a954  IntUnRegister                  
1181a97c  IntEventMap                    
1181aa04  IntEventSet                    
1181aa38  IntEventClear                  
1181aa70  IntEventCombineInit            
1181ab74  IntEventCombineAdd             
1181abc8  IntEventCombineRemove          
1181ac18  IntEventCombineRegister        
1181ac40  IntEnable                      
1181ac70  IntDisable                     
1181aca4  IntReset                       
1181acb8  IntGlobalEnable                
1181accc  IntGlobalDisable               
1181ace0  IntGlobalRestore               
1181acf8  ExcGlobalEnable                
1181ad18  ExcCombineAdd                  
1181ad60  ExcCombineRemove               
1181aea0  __c6xabi_divd                  
1181b460  GPIODirModeSet                 
1181b4f8  GPIODirModeGet                 
1181b558  GPIOPinWrite                   
1181b5d8  GPIOPinRead                    
1181b638  GPIOIntTypeSet                 
1181b7a4  GPIOIntTypeGet                 
1181b82c  GPIOPinIntStatus               
1181b88c  GPIOPinIntClear                
1181b8d4  GPIOBankIntEnable              
1181b904  GPIOBankIntDisable             
1181b930  GPIOBankPinsWrite              
1181b9e0  UARTConfigSetExpClk            
1181ba74  UARTConfigGetExpClk            
1181bb08  UARTFIFOLevelSet               
1181bb2c  UARTDMAEnable                  
1181bb4c  UARTDMADisable                 
1181bb6c  UARTParityModeSet              
1181bbb4  UARTParityModeGet              
1181bbd8  UARTEnable                     
1181bbf4  UARTDisable                    
1181bc20  UARTFIFOEnable                 
1181bc34  UARTFIFODisable                
1181bc4c  UARTSpaceAvail                 
1181bc78  UARTCharsAvail                 
1181bca8  UARTRxErrorGet                 
1181bcc8  UARTCharPutNonBlocking         
1181bd08  UARTCharGetNonBlocking         
1181bd34  UARTCharGet                    
1181bd70  UARTCharPut                    
1181bdc8  UARTIntEnable                  
1181bdf0  UARTIntDisable                 
1181be18  UARTIntStatus                  
1181be44  UARTBreakCtl                   
1181be78  UARTModemControlSet            
1181bed0  UARTModemControlClear          
1181bf04  UARTModemControlGet            
1181bf24  UARTModemStatusGet             
1181c460  free                           
1181ce48  CacheEnable                    
1181cf28  CacheEnableMAR                 
1181cfc0  CacheDisableMAR                
1181d04c  CacheInvL1pAll                 
1181d058  CacheWBAll                     
1181d068  CacheWBInvAll                  
1181d074  CacheInv                       
1181d090  CacheWB                        
1181d0ac  CacheWBInv                     
1181d0e0  fputs                          
1181d4c0  ad9833_gpio_init               
1181d544  ad9833_delay                   
1181d588  ad9833_write_reg               
1181d6d4  ad9833_device_init             
1181d6ec  ad9833_set_para                
1181dd60  __c6xabi_divull                
1181dfc0  fputc                          
1181dfc0  putc                           
1181e1e0  setvbuf                        
1181e600  GPIOBank0Pin0PinMuxSetup       
1181e638  GPIOBank0Pin1PinMuxSetup       
1181e674  GPIOBank0Pin2PinMuxSetup       
1181e6b0  GPIOBank0Pin5PinMuxSetup       
1181e6ec  GPIOBank0Pin6PinMuxSetup       
1181e728  GPIOBank6Pin1PinMuxSetup       
1181e764  GPIOBank6Pin12PinMuxSetup      
1181e7a0  GPIOBank6Pin13PinMuxSetup      
1181e7e0  __c6xabi_errno_addr            
1181e800  _intcVectorTable               
1181ea00  __c6xabi_divul                 
1181ebc0  frexp                          
1181ebc0  frexpl                         
1181ed80  HOSTrename                     
1181ef20  UARTPinMuxSetup                
1181f0a0  ldexp                          
1181f0a0  ldexpl                         
1181f220  malloc                         
1181f3a0  _auto_init_elf                 
1181f500  __TI_closefile                 
1181f640  PSCModuleControl               
1181f780  getdevice                      
1181f8c0  fseek                          
1181fae0  __TI_wrt_ok                    
1181fbe0  atoi                           
1181fce0  copy_in                        
1181fde0  HOSTlseek                      
1181fec0  HOSTopen                       
1181ffa0  HOSTwrite                      
118200e0  UARTConsoleInit                
11820118  UARTConsolePutc                
11820140  UARTConsoleGetc                
11820160  close                          
11820240  exit                           
11820320  leds_flash                     
11820400  ltoa                           
118204e0  memset                         
118205c0  printf                         
118206a0  HOSTread                       
11820760  HOSTunlink                     
11820820  __TI_doflush                   
118208e0  __c6xabi_divu                  
118208e0  __divu                         
11820b20  __TI_tls_init                  
11820be0  HOSTclose                      
11820c80  __TI_cleanup                   
11820d20  __c6xabi_remu                  
11820d20  __remu                         
11820dc0  _minit                         
11820e60  memcpy                         
11820fa0  __TI_readmsg                   
11821020  __c6xabi_fixdu                 
118210a0  __c6xabi_llshl                 
11821120  _c_int00                       
118211a0  finddevice                     
11821220  remove                         
11821220  unlink                         
118212a0  __TI_writemsg                  
118212f8  C$$IO$$                        
11821300  __c6xabi_llshru                
11821360  _subcull                       
118213c0  lseek                          
11821420  memccpy                        
11821480  sprintf                        
118214e0  write                          
11821540  __TI_frcmpyd_div               
11821580  __c6xabi_isinf                 
11821600  _args_main                     
11821680  _nop                           
11821700  _system_post_cinit             
11821720  _system_pre_init               
11821740  C$$EXIT                        
11821740  abort                          
11821760  __TI_decompress_none           
11821780  __TI_decompress_rle24          
118217a0  _stack                         
11821fa0  __TI_STACK_END                 
11821fa0  _sys_memory                    
118227a0  _ctypes_                       
11822938  __CIOBUF_                      
11822b58  __TI_Handler_Table_Base        
11822b60  __TI_CINIT_Base                
11822b60  __TI_Handler_Table_Limit       
11822b80  __TI_CINIT_Limit               
ffffffff  __TI_pprof_out_hndl            
ffffffff  __TI_prof_data_size            
ffffffff  __TI_prof_data_start           
ffffffff  __binit__                      
ffffffff  __c_args__                     
ffffffff  binit                          
UNDEFED   __TI_INITARRAY_Base            
UNDEFED   __TI_INITARRAY_Limit           
UNDEFED   __TI_TLS_INIT_Base             
UNDEFED   __TI_TLS_INIT_Limit            

[282 symbols]
