<?xml version="1.0"?>
<link_info>
   <banner>TMS320C6x Linker Unix v8.2.2</banner>
   <copyright>Copyright (c) 1996-2017 Texas Instruments Incorporated</copyright>
   <link_time>0x5a6308f9</link_time>
   <link_errors>0x0</link_errors>
   <output_file>OMAPL138_SPI_AD7606_STARTWARE_CORE_DSP_CCSV74.out</output_file>
   <entry_point>
      <name>_c_int00</name>
      <address>0x1180d660</address>
   </entry_point>
   <input_file_list>
      <input_file id="fl-2">
         <path>./src/</path>
         <kind>object</kind>
         <file>ad7606.obj</file>
         <name>ad7606.obj</name>
      </input_file>
      <input_file id="fl-3">
         <path>./src/</path>
         <kind>object</kind>
         <file>ad9833.obj</file>
         <name>ad9833.obj</name>
      </input_file>
      <input_file id="fl-4">
         <path>./src/</path>
         <kind>object</kind>
         <file>c6748.obj</file>
         <name>c6748.obj</name>
      </input_file>
      <input_file id="fl-5">
         <path>./src/</path>
         <kind>object</kind>
         <file>c6748_gpio.obj</file>
         <name>c6748_gpio.obj</name>
      </input_file>
      <input_file id="fl-6">
         <path>./src/</path>
         <kind>object</kind>
         <file>led.obj</file>
         <name>led.obj</name>
      </input_file>
      <input_file id="fl-7">
         <path>./src/</path>
         <kind>object</kind>
         <file>main.obj</file>
         <name>main.obj</name>
      </input_file>
      <input_file id="fl-8">
         <path>./src/</path>
         <kind>object</kind>
         <file>spi0.obj</file>
         <name>spi0.obj</name>
      </input_file>
      <input_file id="fl-11">
         <kind>object</kind>
         <file>&lt;internal&gt;</file>
         <name>&lt;internal&gt;</name>
      </input_file>
      <input_file id="fl-12">
         <path>../startware/Library/Platform/Debug/</path>
         <kind>archive</kind>
         <file>Platform.lib</file>
         <name>GPIO.obj</name>
      </input_file>
      <input_file id="fl-13">
         <path>../startware/Library/StarterWare/Drivers/Debug/</path>
         <kind>archive</kind>
         <file>drivers.lib</file>
         <name>timer.obj</name>
      </input_file>
      <input_file id="fl-14">
         <path>../startware/Library/StarterWare/Drivers/Debug/</path>
         <kind>archive</kind>
         <file>drivers.lib</file>
         <name>spi.obj</name>
      </input_file>
      <input_file id="fl-15">
         <path>../startware/Library/StarterWare/Drivers/Debug/</path>
         <kind>archive</kind>
         <file>drivers.lib</file>
         <name>psc.obj</name>
      </input_file>
      <input_file id="fl-16">
         <path>../startware/Library/StarterWare/Drivers/Debug/</path>
         <kind>archive</kind>
         <file>drivers.lib</file>
         <name>gpio.obj</name>
      </input_file>
      <input_file id="fl-17">
         <path>../startware/Library/StarterWare/Utils/Debug/</path>
         <kind>archive</kind>
         <file>utils.lib</file>
         <name>uartStdio.obj</name>
      </input_file>
      <input_file id="fl-18">
         <path>../startware/Library/StarterWare/SystemConfig/Debug/</path>
         <kind>archive</kind>
         <file>system_config.lib</file>
         <name>interrupt.obj</name>
      </input_file>
      <input_file id="fl-19">
         <path>../startware/Library/StarterWare/SystemConfig/Debug/</path>
         <kind>archive</kind>
         <file>system_config.lib</file>
         <name>cache.obj</name>
      </input_file>
      <input_file id="fl-1a">
         <path>../startware/Library/StarterWare/SystemConfig/Debug/</path>
         <kind>archive</kind>
         <file>system_config.lib</file>
         <name>intvecs.obj</name>
      </input_file>
      <input_file id="fl-34">
         <path>/opt/ti/ccsv7/tools/compiler/ti-cgt-c6000_8.2.2/lib/</path>
         <kind>archive</kind>
         <file>rts6740_elf.lib</file>
         <name>boot.obj</name>
      </input_file>
      <input_file id="fl-35">
         <path>/opt/ti/ccsv7/tools/compiler/ti-cgt-c6000_8.2.2/lib/</path>
         <kind>archive</kind>
         <file>rts6740_elf.lib</file>
         <name>copy_decompress_none.obj</name>
      </input_file>
      <input_file id="fl-36">
         <path>/opt/ti/ccsv7/tools/compiler/ti-cgt-c6000_8.2.2/lib/</path>
         <kind>archive</kind>
         <file>rts6740_elf.lib</file>
         <name>copy_decompress_rle.obj</name>
      </input_file>
      <input_file id="fl-37">
         <path>/opt/ti/ccsv7/tools/compiler/ti-cgt-c6000_8.2.2/lib/</path>
         <kind>archive</kind>
         <file>rts6740_elf.lib</file>
         <name>copy_zero_init.obj</name>
      </input_file>
      <input_file id="fl-38">
         <path>/opt/ti/ccsv7/tools/compiler/ti-cgt-c6000_8.2.2/lib/</path>
         <kind>archive</kind>
         <file>rts6740_elf.lib</file>
         <name>divf.obj</name>
      </input_file>
      <input_file id="fl-39">
         <path>/opt/ti/ccsv7/tools/compiler/ti-cgt-c6000_8.2.2/lib/</path>
         <kind>archive</kind>
         <file>rts6740_elf.lib</file>
         <name>divu.obj</name>
      </input_file>
      <input_file id="fl-3a">
         <path>/opt/ti/ccsv7/tools/compiler/ti-cgt-c6000_8.2.2/lib/</path>
         <kind>archive</kind>
         <file>rts6740_elf.lib</file>
         <name>exit.obj</name>
      </input_file>
      <input_file id="fl-3b">
         <path>/opt/ti/ccsv7/tools/compiler/ti-cgt-c6000_8.2.2/lib/</path>
         <kind>archive</kind>
         <file>rts6740_elf.lib</file>
         <name>fixdu.obj</name>
      </input_file>
      <input_file id="fl-3c">
         <path>/opt/ti/ccsv7/tools/compiler/ti-cgt-c6000_8.2.2/lib/</path>
         <kind>archive</kind>
         <file>rts6740_elf.lib</file>
         <name>memcpy64.obj</name>
      </input_file>
      <input_file id="fl-3d">
         <path>/opt/ti/ccsv7/tools/compiler/ti-cgt-c6000_8.2.2/lib/</path>
         <kind>archive</kind>
         <file>rts6740_elf.lib</file>
         <name>memset.obj</name>
      </input_file>
      <input_file id="fl-3e">
         <path>/opt/ti/ccsv7/tools/compiler/ti-cgt-c6000_8.2.2/lib/</path>
         <kind>archive</kind>
         <file>rts6740_elf.lib</file>
         <name>pre_init.obj</name>
      </input_file>
      <input_file id="fl-3f">
         <path>/opt/ti/ccsv7/tools/compiler/ti-cgt-c6000_8.2.2/lib/</path>
         <kind>archive</kind>
         <file>rts6740_elf.lib</file>
         <name>printf.obj</name>
      </input_file>
      <input_file id="fl-40">
         <path>/opt/ti/ccsv7/tools/compiler/ti-cgt-c6000_8.2.2/lib/</path>
         <kind>archive</kind>
         <file>rts6740_elf.lib</file>
         <name>remu.obj</name>
      </input_file>
      <input_file id="fl-41">
         <path>/opt/ti/ccsv7/tools/compiler/ti-cgt-c6000_8.2.2/lib/</path>
         <kind>archive</kind>
         <file>rts6740_elf.lib</file>
         <name>sprintf.obj</name>
      </input_file>
      <input_file id="fl-42">
         <path>/opt/ti/ccsv7/tools/compiler/ti-cgt-c6000_8.2.2/lib/</path>
         <kind>archive</kind>
         <file>rts6740_elf.lib</file>
         <name>_lock.obj</name>
      </input_file>
      <input_file id="fl-43">
         <path>/opt/ti/ccsv7/tools/compiler/ti-cgt-c6000_8.2.2/lib/</path>
         <kind>archive</kind>
         <file>rts6740_elf.lib</file>
         <name>_printfi.obj</name>
      </input_file>
      <input_file id="fl-44">
         <path>/opt/ti/ccsv7/tools/compiler/ti-cgt-c6000_8.2.2/lib/</path>
         <kind>archive</kind>
         <file>rts6740_elf.lib</file>
         <name>args_main.obj</name>
      </input_file>
      <input_file id="fl-45">
         <path>/opt/ti/ccsv7/tools/compiler/ti-cgt-c6000_8.2.2/lib/</path>
         <kind>archive</kind>
         <file>rts6740_elf.lib</file>
         <name>atoi.obj</name>
      </input_file>
      <input_file id="fl-46">
         <path>/opt/ti/ccsv7/tools/compiler/ti-cgt-c6000_8.2.2/lib/</path>
         <kind>archive</kind>
         <file>rts6740_elf.lib</file>
         <name>autoinit.obj</name>
      </input_file>
      <input_file id="fl-47">
         <path>/opt/ti/ccsv7/tools/compiler/ti-cgt-c6000_8.2.2/lib/</path>
         <kind>archive</kind>
         <file>rts6740_elf.lib</file>
         <name>cpy_tbl.obj</name>
      </input_file>
      <input_file id="fl-48">
         <path>/opt/ti/ccsv7/tools/compiler/ti-cgt-c6000_8.2.2/lib/</path>
         <kind>archive</kind>
         <file>rts6740_elf.lib</file>
         <name>ctype.obj</name>
      </input_file>
      <input_file id="fl-49">
         <path>/opt/ti/ccsv7/tools/compiler/ti-cgt-c6000_8.2.2/lib/</path>
         <kind>archive</kind>
         <file>rts6740_elf.lib</file>
         <name>defs.obj</name>
      </input_file>
      <input_file id="fl-4a">
         <path>/opt/ti/ccsv7/tools/compiler/ti-cgt-c6000_8.2.2/lib/</path>
         <kind>archive</kind>
         <file>rts6740_elf.lib</file>
         <name>divd.obj</name>
      </input_file>
      <input_file id="fl-4b">
         <path>/opt/ti/ccsv7/tools/compiler/ti-cgt-c6000_8.2.2/lib/</path>
         <kind>archive</kind>
         <file>rts6740_elf.lib</file>
         <name>fputc.obj</name>
      </input_file>
      <input_file id="fl-4c">
         <path>/opt/ti/ccsv7/tools/compiler/ti-cgt-c6000_8.2.2/lib/</path>
         <kind>archive</kind>
         <file>rts6740_elf.lib</file>
         <name>fputs.obj</name>
      </input_file>
      <input_file id="fl-4d">
         <path>/opt/ti/ccsv7/tools/compiler/ti-cgt-c6000_8.2.2/lib/</path>
         <kind>archive</kind>
         <file>rts6740_elf.lib</file>
         <name>frcmpyd_div.obj</name>
      </input_file>
      <input_file id="fl-4e">
         <path>/opt/ti/ccsv7/tools/compiler/ti-cgt-c6000_8.2.2/lib/</path>
         <kind>archive</kind>
         <file>rts6740_elf.lib</file>
         <name>frexp.obj</name>
      </input_file>
      <input_file id="fl-4f">
         <path>/opt/ti/ccsv7/tools/compiler/ti-cgt-c6000_8.2.2/lib/</path>
         <kind>archive</kind>
         <file>rts6740_elf.lib</file>
         <name>imath40.obj</name>
      </input_file>
      <input_file id="fl-50">
         <path>/opt/ti/ccsv7/tools/compiler/ti-cgt-c6000_8.2.2/lib/</path>
         <kind>archive</kind>
         <file>rts6740_elf.lib</file>
         <name>imath64.obj</name>
      </input_file>
      <input_file id="fl-51">
         <path>/opt/ti/ccsv7/tools/compiler/ti-cgt-c6000_8.2.2/lib/</path>
         <kind>archive</kind>
         <file>rts6740_elf.lib</file>
         <name>isinf.obj</name>
      </input_file>
      <input_file id="fl-52">
         <path>/opt/ti/ccsv7/tools/compiler/ti-cgt-c6000_8.2.2/lib/</path>
         <kind>archive</kind>
         <file>rts6740_elf.lib</file>
         <name>ldexp.obj</name>
      </input_file>
      <input_file id="fl-53">
         <path>/opt/ti/ccsv7/tools/compiler/ti-cgt-c6000_8.2.2/lib/</path>
         <kind>archive</kind>
         <file>rts6740_elf.lib</file>
         <name>llabs.obj</name>
      </input_file>
      <input_file id="fl-54">
         <path>/opt/ti/ccsv7/tools/compiler/ti-cgt-c6000_8.2.2/lib/</path>
         <kind>archive</kind>
         <file>rts6740_elf.lib</file>
         <name>llshift.obj</name>
      </input_file>
      <input_file id="fl-55">
         <path>/opt/ti/ccsv7/tools/compiler/ti-cgt-c6000_8.2.2/lib/</path>
         <kind>archive</kind>
         <file>rts6740_elf.lib</file>
         <name>ltoa.obj</name>
      </input_file>
      <input_file id="fl-56">
         <path>/opt/ti/ccsv7/tools/compiler/ti-cgt-c6000_8.2.2/lib/</path>
         <kind>archive</kind>
         <file>rts6740_elf.lib</file>
         <name>memccpy.obj</name>
      </input_file>
      <input_file id="fl-57">
         <path>/opt/ti/ccsv7/tools/compiler/ti-cgt-c6000_8.2.2/lib/</path>
         <kind>archive</kind>
         <file>rts6740_elf.lib</file>
         <name>startup.obj</name>
      </input_file>
      <input_file id="fl-58">
         <path>/opt/ti/ccsv7/tools/compiler/ti-cgt-c6000_8.2.2/lib/</path>
         <kind>archive</kind>
         <file>rts6740_elf.lib</file>
         <name>tls.obj</name>
      </input_file>
      <input_file id="fl-59">
         <path>/opt/ti/ccsv7/tools/compiler/ti-cgt-c6000_8.2.2/lib/</path>
         <kind>archive</kind>
         <file>rts6740_elf.lib</file>
         <name>tls_get_tp.obj</name>
      </input_file>
      <input_file id="fl-5a">
         <path>/opt/ti/ccsv7/tools/compiler/ti-cgt-c6000_8.2.2/lib/</path>
         <kind>archive</kind>
         <file>rts6740_elf.lib</file>
         <name>write.obj</name>
      </input_file>
      <input_file id="fl-5b">
         <path>/opt/ti/ccsv7/tools/compiler/ti-cgt-c6000_8.2.2/lib/</path>
         <kind>archive</kind>
         <file>rts6740_elf.lib</file>
         <name>_io_perm.obj</name>
      </input_file>
      <input_file id="fl-5c">
         <path>/opt/ti/ccsv7/tools/compiler/ti-cgt-c6000_8.2.2/lib/</path>
         <kind>archive</kind>
         <file>rts6740_elf.lib</file>
         <name>errno.obj</name>
      </input_file>
      <input_file id="fl-5d">
         <path>/opt/ti/ccsv7/tools/compiler/ti-cgt-c6000_8.2.2/lib/</path>
         <kind>archive</kind>
         <file>rts6740_elf.lib</file>
         <name>fflush.obj</name>
      </input_file>
      <input_file id="fl-5e">
         <path>/opt/ti/ccsv7/tools/compiler/ti-cgt-c6000_8.2.2/lib/</path>
         <kind>archive</kind>
         <file>rts6740_elf.lib</file>
         <name>fseek.obj</name>
      </input_file>
      <input_file id="fl-5f">
         <path>/opt/ti/ccsv7/tools/compiler/ti-cgt-c6000_8.2.2/lib/</path>
         <kind>archive</kind>
         <file>rts6740_elf.lib</file>
         <name>hostclose.obj</name>
      </input_file>
      <input_file id="fl-60">
         <path>/opt/ti/ccsv7/tools/compiler/ti-cgt-c6000_8.2.2/lib/</path>
         <kind>archive</kind>
         <file>rts6740_elf.lib</file>
         <name>hostlseek.obj</name>
      </input_file>
      <input_file id="fl-61">
         <path>/opt/ti/ccsv7/tools/compiler/ti-cgt-c6000_8.2.2/lib/</path>
         <kind>archive</kind>
         <file>rts6740_elf.lib</file>
         <name>hostopen.obj</name>
      </input_file>
      <input_file id="fl-62">
         <path>/opt/ti/ccsv7/tools/compiler/ti-cgt-c6000_8.2.2/lib/</path>
         <kind>archive</kind>
         <file>rts6740_elf.lib</file>
         <name>hostread.obj</name>
      </input_file>
      <input_file id="fl-63">
         <path>/opt/ti/ccsv7/tools/compiler/ti-cgt-c6000_8.2.2/lib/</path>
         <kind>archive</kind>
         <file>rts6740_elf.lib</file>
         <name>hostrename.obj</name>
      </input_file>
      <input_file id="fl-64">
         <path>/opt/ti/ccsv7/tools/compiler/ti-cgt-c6000_8.2.2/lib/</path>
         <kind>archive</kind>
         <file>rts6740_elf.lib</file>
         <name>hostunlink.obj</name>
      </input_file>
      <input_file id="fl-65">
         <path>/opt/ti/ccsv7/tools/compiler/ti-cgt-c6000_8.2.2/lib/</path>
         <kind>archive</kind>
         <file>rts6740_elf.lib</file>
         <name>hostwrite.obj</name>
      </input_file>
      <input_file id="fl-66">
         <path>/opt/ti/ccsv7/tools/compiler/ti-cgt-c6000_8.2.2/lib/</path>
         <kind>archive</kind>
         <file>rts6740_elf.lib</file>
         <name>lseek.obj</name>
      </input_file>
      <input_file id="fl-67">
         <path>/opt/ti/ccsv7/tools/compiler/ti-cgt-c6000_8.2.2/lib/</path>
         <kind>archive</kind>
         <file>rts6740_elf.lib</file>
         <name>setvbuf.obj</name>
      </input_file>
      <input_file id="fl-68">
         <path>/opt/ti/ccsv7/tools/compiler/ti-cgt-c6000_8.2.2/lib/</path>
         <kind>archive</kind>
         <file>rts6740_elf.lib</file>
         <name>trgmsg.obj</name>
      </input_file>
      <input_file id="fl-69">
         <path>/opt/ti/ccsv7/tools/compiler/ti-cgt-c6000_8.2.2/lib/</path>
         <kind>archive</kind>
         <file>rts6740_elf.lib</file>
         <name>fopen.obj</name>
      </input_file>
      <input_file id="fl-6a">
         <path>/opt/ti/ccsv7/tools/compiler/ti-cgt-c6000_8.2.2/lib/</path>
         <kind>archive</kind>
         <file>rts6740_elf.lib</file>
         <name>memory.obj</name>
      </input_file>
      <input_file id="fl-6b">
         <path>/opt/ti/ccsv7/tools/compiler/ti-cgt-c6000_8.2.2/lib/</path>
         <kind>archive</kind>
         <file>rts6740_elf.lib</file>
         <name>open.obj</name>
      </input_file>
      <input_file id="fl-6c">
         <path>/opt/ti/ccsv7/tools/compiler/ti-cgt-c6000_8.2.2/lib/</path>
         <kind>archive</kind>
         <file>rts6740_elf.lib</file>
         <name>fclose.obj</name>
      </input_file>
      <input_file id="fl-6d">
         <path>/opt/ti/ccsv7/tools/compiler/ti-cgt-c6000_8.2.2/lib/</path>
         <kind>archive</kind>
         <file>rts6740_elf.lib</file>
         <name>getdevice.obj</name>
      </input_file>
      <input_file id="fl-6e">
         <path>/opt/ti/ccsv7/tools/compiler/ti-cgt-c6000_8.2.2/lib/</path>
         <kind>archive</kind>
         <file>rts6740_elf.lib</file>
         <name>remove.obj</name>
      </input_file>
      <input_file id="fl-6f">
         <path>/opt/ti/ccsv7/tools/compiler/ti-cgt-c6000_8.2.2/lib/</path>
         <kind>archive</kind>
         <file>rts6740_elf.lib</file>
         <name>unlink.obj</name>
      </input_file>
      <input_file id="fl-70">
         <path>/opt/ti/ccsv7/tools/compiler/ti-cgt-c6000_8.2.2/lib/</path>
         <kind>archive</kind>
         <file>rts6740_elf.lib</file>
         <name>close.obj</name>
      </input_file>
      <input_file id="fl-71">
         <path>../startware/Library/Platform/Debug/</path>
         <kind>archive</kind>
         <file>Platform.lib</file>
         <name>UARTConsole.obj</name>
      </input_file>
      <input_file id="fl-72">
         <path>../startware/Library/Platform/Debug/</path>
         <kind>archive</kind>
         <file>Platform.lib</file>
         <name>UART.obj</name>
      </input_file>
      <input_file id="fl-73">
         <path>../startware/Library/StarterWare/Drivers/Debug/</path>
         <kind>archive</kind>
         <file>drivers.lib</file>
         <name>uart.obj</name>
      </input_file>
   </input_file_list>
   <object_component_list>
      <object_component id="oc-20d">
         <name>.text:__TI_printfi</name>
         <load_address>0x11800000</load_address>
         <run_address>0x11800000</run_address>
         <size>0x1ce0</size>
         <input_file_ref idref="fl-43"/>
      </object_component>
      <object_component id="oc-38">
         <name>.text:retain</name>
         <load_address>0x11801ce0</load_address>
         <run_address>0x11801ce0</run_address>
         <size>0x1aa0</size>
         <input_file_ref idref="fl-18"/>
      </object_component>
      <object_component id="oc-ed">
         <name>.text</name>
         <load_address>0x11803780</load_address>
         <run_address>0x11803780</run_address>
         <size>0xb60</size>
         <input_file_ref idref="fl-17"/>
      </object_component>
      <object_component id="oc-122">
         <name>.text</name>
         <load_address>0x118042e0</load_address>
         <run_address>0x118042e0</run_address>
         <size>0xb20</size>
         <input_file_ref idref="fl-2"/>
      </object_component>
      <object_component id="oc-10b">
         <name>.text</name>
         <load_address>0x11804e00</load_address>
         <run_address>0x11804e00</run_address>
         <size>0x860</size>
         <input_file_ref idref="fl-4"/>
      </object_component>
      <object_component id="oc-ff">
         <name>.text</name>
         <load_address>0x11805660</load_address>
         <run_address>0x11805660</run_address>
         <size>0x820</size>
         <input_file_ref idref="fl-13"/>
      </object_component>
      <object_component id="oc-288">
         <name>.text:_pconv_a</name>
         <load_address>0x11805e80</load_address>
         <run_address>0x11805e80</run_address>
         <size>0x680</size>
         <input_file_ref idref="fl-43"/>
      </object_component>
      <object_component id="oc-a8">
         <name>.text</name>
         <load_address>0x11806500</load_address>
         <run_address>0x11806500</run_address>
         <size>0x640</size>
         <input_file_ref idref="fl-7"/>
      </object_component>
      <object_component id="oc-f9">
         <name>.text</name>
         <load_address>0x11806b40</load_address>
         <run_address>0x11806b40</run_address>
         <size>0x5e0</size>
         <input_file_ref idref="fl-18"/>
      </object_component>
      <object_component id="oc-2ea">
         <name>.text:__c6xabi_divd</name>
         <load_address>0x11807120</load_address>
         <run_address>0x11807120</run_address>
         <size>0x5c0</size>
         <input_file_ref idref="fl-4a"/>
      </object_component>
      <object_component id="oc-111">
         <name>.text</name>
         <load_address>0x118076e0</load_address>
         <run_address>0x118076e0</run_address>
         <size>0x580</size>
         <input_file_ref idref="fl-16"/>
      </object_component>
      <object_component id="oc-1dc">
         <name>.text</name>
         <load_address>0x11807c60</load_address>
         <run_address>0x11807c60</run_address>
         <size>0x580</size>
         <input_file_ref idref="fl-73"/>
      </object_component>
      <object_component id="oc-276">
         <name>.text:_pconv_g</name>
         <load_address>0x118081e0</load_address>
         <run_address>0x118081e0</run_address>
         <size>0x500</size>
         <input_file_ref idref="fl-43"/>
      </object_component>
      <object_component id="oc-37e">
         <name>.text:free</name>
         <load_address>0x118086e0</load_address>
         <run_address>0x118086e0</run_address>
         <size>0x440</size>
         <input_file_ref idref="fl-6a"/>
      </object_component>
      <object_component id="oc-282">
         <name>.text:_pconv_e</name>
         <load_address>0x11808b20</load_address>
         <run_address>0x11808b20</run_address>
         <size>0x420</size>
         <input_file_ref idref="fl-43"/>
      </object_component>
      <object_component id="oc-e7">
         <name>.text</name>
         <load_address>0x11808f40</load_address>
         <run_address>0x11808f40</run_address>
         <size>0x420</size>
         <input_file_ref idref="fl-19"/>
      </object_component>
      <object_component id="oc-257">
         <name>.text:fputs</name>
         <load_address>0x11809360</load_address>
         <run_address>0x11809360</run_address>
         <size>0x3e0</size>
         <input_file_ref idref="fl-4c"/>
      </object_component>
      <object_component id="oc-11c">
         <name>.text</name>
         <load_address>0x11809740</load_address>
         <run_address>0x11809740</run_address>
         <size>0x360</size>
         <input_file_ref idref="fl-3"/>
      </object_component>
      <object_component id="oc-1b9">
         <name>.text:__c6xabi_divf</name>
         <load_address>0x11809aa0</load_address>
         <run_address>0x11809aa0</run_address>
         <size>0x2a0</size>
         <input_file_ref idref="fl-38"/>
      </object_component>
      <object_component id="oc-27c">
         <name>.text:_pconv_f</name>
         <load_address>0x11809d40</load_address>
         <run_address>0x11809d40</run_address>
         <size>0x2a0</size>
         <input_file_ref idref="fl-43"/>
      </object_component>
      <object_component id="oc-2fd">
         <name>.text:fcvt</name>
         <load_address>0x11809fe0</load_address>
         <run_address>0x11809fe0</run_address>
         <size>0x2a0</size>
         <input_file_ref idref="fl-43"/>
      </object_component>
      <object_component id="oc-2dc">
         <name>.text:__c6xabi_divull</name>
         <load_address>0x1180a280</load_address>
         <run_address>0x1180a280</run_address>
         <size>0x260</size>
         <input_file_ref idref="fl-50"/>
      </object_component>
      <object_component id="oc-250">
         <name>.text:fputc</name>
         <load_address>0x1180a4e0</load_address>
         <run_address>0x1180a4e0</run_address>
         <size>0x220</size>
         <input_file_ref idref="fl-4b"/>
      </object_component>
      <object_component id="oc-321">
         <name>.text:setvbuf</name>
         <load_address>0x1180a700</load_address>
         <run_address>0x1180a700</run_address>
         <size>0x220</size>
         <input_file_ref idref="fl-67"/>
      </object_component>
      <object_component id="oc-26a">
         <name>.text:_ltostr</name>
         <load_address>0x1180a920</load_address>
         <run_address>0x1180a920</run_address>
         <size>0x200</size>
         <input_file_ref idref="fl-43"/>
      </object_component>
      <object_component id="oc-405">
         <name>.text:HOSTlseek</name>
         <load_address>0x1180ab20</load_address>
         <run_address>0x1180ab20</run_address>
         <size>0xe0</size>
         <input_file_ref idref="fl-60"/>
      </object_component>
      <object_component id="oc-2e">
         <name>.text</name>
         <load_address>0x1180ac00</load_address>
         <run_address>0x1180ac00</run_address>
         <size>0x200</size>
         <input_file_ref idref="fl-1a"/>
      </object_component>
      <object_component id="oc-1ab">
         <name>.text</name>
         <load_address>0x1180ae00</load_address>
         <run_address>0x1180ae00</run_address>
         <size>0x1e0</size>
         <input_file_ref idref="fl-12"/>
      </object_component>
      <object_component id="oc-2e2">
         <name>.text:__c6xabi_divul</name>
         <load_address>0x1180afe0</load_address>
         <run_address>0x1180afe0</run_address>
         <size>0x1c0</size>
         <input_file_ref idref="fl-4f"/>
      </object_component>
      <object_component id="oc-305">
         <name>.text:frexp</name>
         <load_address>0x1180b1a0</load_address>
         <run_address>0x1180b1a0</run_address>
         <size>0x1c0</size>
         <input_file_ref idref="fl-4e"/>
      </object_component>
      <object_component id="oc-411">
         <name>.text:HOSTrename</name>
         <load_address>0x1180b360</load_address>
         <run_address>0x1180b360</run_address>
         <size>0x1a0</size>
         <input_file_ref idref="fl-63"/>
      </object_component>
      <object_component id="oc-1e2">
         <name>.text</name>
         <load_address>0x1180b500</load_address>
         <run_address>0x1180b500</run_address>
         <size>0x180</size>
         <input_file_ref idref="fl-72"/>
      </object_component>
      <object_component id="oc-30b">
         <name>.text:ldexp</name>
         <load_address>0x1180b680</load_address>
         <run_address>0x1180b680</run_address>
         <size>0x180</size>
         <input_file_ref idref="fl-52"/>
      </object_component>
      <object_component id="oc-384">
         <name>.text:malloc</name>
         <load_address>0x1180b800</load_address>
         <run_address>0x1180b800</run_address>
         <size>0x180</size>
         <input_file_ref idref="fl-6a"/>
      </object_component>
      <object_component id="oc-7a">
         <name>.text:_auto_init_elf</name>
         <load_address>0x1180b980</load_address>
         <run_address>0x1180b980</run_address>
         <size>0x160</size>
         <input_file_ref idref="fl-46"/>
      </object_component>
      <object_component id="oc-3cd">
         <name>.text:__TI_closefile</name>
         <load_address>0x1180bae0</load_address>
         <run_address>0x1180bae0</run_address>
         <size>0x140</size>
         <input_file_ref idref="fl-6c"/>
      </object_component>
      <object_component id="oc-105">
         <name>.text</name>
         <load_address>0x1180bc20</load_address>
         <run_address>0x1180bc20</run_address>
         <size>0x140</size>
         <input_file_ref idref="fl-15"/>
      </object_component>
      <object_component id="oc-45a">
         <name>.text:getdevice</name>
         <load_address>0x1180bd60</load_address>
         <run_address>0x1180bd60</run_address>
         <size>0x140</size>
         <input_file_ref idref="fl-6d"/>
      </object_component>
      <object_component id="oc-31b">
         <name>.text:fseek</name>
         <load_address>0x1180bea0</load_address>
         <run_address>0x1180bea0</run_address>
         <size>0x120</size>
         <input_file_ref idref="fl-5e"/>
      </object_component>
      <object_component id="oc-f3">
         <name>.text</name>
         <load_address>0x1180bfc0</load_address>
         <run_address>0x1180bfc0</run_address>
         <size>0x120</size>
         <input_file_ref idref="fl-6"/>
      </object_component>
      <object_component id="oc-50">
         <name>.text:__TI_decompress_rle_core</name>
         <load_address>0x1180c0e0</load_address>
         <run_address>0x1180c0e0</run_address>
         <size>0x100</size>
         <input_file_ref idref="fl-36"/>
      </object_component>
      <object_component id="oc-2c0">
         <name>.text:__TI_wrt_ok</name>
         <load_address>0x1180c1e0</load_address>
         <run_address>0x1180c1e0</run_address>
         <size>0x100</size>
         <input_file_ref idref="fl-5b"/>
      </object_component>
      <object_component id="oc-25e">
         <name>.text:atoi</name>
         <load_address>0x1180c2e0</load_address>
         <run_address>0x1180c2e0</run_address>
         <size>0x100</size>
         <input_file_ref idref="fl-45"/>
      </object_component>
      <object_component id="oc-bc">
         <name>.text:copy_in</name>
         <load_address>0x1180c3e0</load_address>
         <run_address>0x1180c3e0</run_address>
         <size>0x100</size>
         <input_file_ref idref="fl-47"/>
      </object_component>
      <object_component id="oc-3ed">
         <name>.text:HOSTopen</name>
         <load_address>0x1180c4e0</load_address>
         <run_address>0x1180c4e0</run_address>
         <size>0xe0</size>
         <input_file_ref idref="fl-61"/>
      </object_component>
      <object_component id="oc-3ff">
         <name>.text:HOSTwrite</name>
         <load_address>0x1180c5c0</load_address>
         <run_address>0x1180c5c0</run_address>
         <size>0xe0</size>
         <input_file_ref idref="fl-65"/>
      </object_component>
      <object_component id="oc-158">
         <name>.text</name>
         <load_address>0x1180c6a0</load_address>
         <run_address>0x1180c6a0</run_address>
         <size>0xe0</size>
         <input_file_ref idref="fl-71"/>
      </object_component>
      <object_component id="oc-428">
         <name>.text:close</name>
         <load_address>0x1180c780</load_address>
         <run_address>0x1180c780</run_address>
         <size>0xe0</size>
         <input_file_ref idref="fl-70"/>
      </object_component>
      <object_component id="oc-6e">
         <name>.text:exit</name>
         <load_address>0x1180c860</load_address>
         <run_address>0x1180c860</run_address>
         <size>0xe0</size>
         <input_file_ref idref="fl-3a"/>
      </object_component>
      <object_component id="oc-2f0">
         <name>.text:ltoa</name>
         <load_address>0x1180c940</load_address>
         <run_address>0x1180c940</run_address>
         <size>0xe0</size>
         <input_file_ref idref="fl-55"/>
      </object_component>
      <object_component id="oc-5c">
         <name>.text:memset</name>
         <load_address>0x1180ca20</load_address>
         <run_address>0x1180ca20</run_address>
         <size>0xe0</size>
         <input_file_ref idref="fl-3d"/>
      </object_component>
      <object_component id="oc-185">
         <name>.text:printf</name>
         <load_address>0x1180cb00</load_address>
         <run_address>0x1180cb00</run_address>
         <size>0xe0</size>
         <input_file_ref idref="fl-3f"/>
      </object_component>
      <object_component id="oc-3f9">
         <name>.text:HOSTread</name>
         <load_address>0x1180cbe0</load_address>
         <run_address>0x1180cbe0</run_address>
         <size>0xc0</size>
         <input_file_ref idref="fl-62"/>
      </object_component>
      <object_component id="oc-40b">
         <name>.text:HOSTunlink</name>
         <load_address>0x1180cca0</load_address>
         <run_address>0x1180cca0</run_address>
         <size>0xc0</size>
         <input_file_ref idref="fl-64"/>
      </object_component>
      <object_component id="oc-2cc">
         <name>.text:__TI_doflush</name>
         <load_address>0x1180cd60</load_address>
         <run_address>0x1180cd60</run_address>
         <size>0xc0</size>
         <input_file_ref idref="fl-5d"/>
      </object_component>
      <object_component id="oc-15e">
         <name>.text:__divu</name>
         <load_address>0x1180ce20</load_address>
         <run_address>0x1180ce20</run_address>
         <size>0xc0</size>
         <input_file_ref idref="fl-39"/>
      </object_component>
      <object_component id="oc-2f6">
         <name>.text:_ecpy</name>
         <load_address>0x1180cee0</load_address>
         <run_address>0x1180cee0</run_address>
         <size>0xc0</size>
         <input_file_ref idref="fl-43"/>
      </object_component>
      <object_component id="oc-3dd">
         <name>.text:mremove</name>
         <load_address>0x1180cfa0</load_address>
         <run_address>0x1180cfa0</run_address>
         <size>0xc0</size>
         <input_file_ref idref="fl-6a"/>
      </object_component>
      <object_component id="oc-c8">
         <name>.text:tls:init:__TI_tls_init</name>
         <load_address>0x1180d060</load_address>
         <run_address>0x1180d060</run_address>
         <size>0xc0</size>
         <input_file_ref idref="fl-58"/>
      </object_component>
      <object_component id="oc-3f3">
         <name>.text:HOSTclose</name>
         <load_address>0x1180d120</load_address>
         <run_address>0x1180d120</run_address>
         <size>0xa0</size>
         <input_file_ref idref="fl-5f"/>
      </object_component>
      <object_component id="oc-378">
         <name>.text:__TI_cleanup</name>
         <load_address>0x1180d1c0</load_address>
         <run_address>0x1180d1c0</run_address>
         <size>0xa0</size>
         <input_file_ref idref="fl-69"/>
      </object_component>
      <object_component id="oc-163">
         <name>.text:__remu</name>
         <load_address>0x1180d260</load_address>
         <run_address>0x1180d260</run_address>
         <size>0xa0</size>
         <input_file_ref idref="fl-40"/>
      </object_component>
      <object_component id="oc-3e4">
         <name>.text:_minit</name>
         <load_address>0x1180d300</load_address>
         <run_address>0x1180d300</run_address>
         <size>0xa0</size>
         <input_file_ref idref="fl-6a"/>
      </object_component>
      <object_component id="oc-44">
         <name>.text:memcpy</name>
         <load_address>0x1180d3a0</load_address>
         <run_address>0x1180d3a0</run_address>
         <size>0xa0</size>
         <input_file_ref idref="fl-3c"/>
      </object_component>
      <object_component id="oc-3d7">
         <name>.text:minsert</name>
         <load_address>0x1180d440</load_address>
         <run_address>0x1180d440</run_address>
         <size>0xa0</size>
         <input_file_ref idref="fl-6a"/>
      </object_component>
      <object_component id="oc-445">
         <name>.text:__TI_readmsg</name>
         <load_address>0x1180d4e0</load_address>
         <run_address>0x1180d4e0</run_address>
         <size>0x80</size>
         <input_file_ref idref="fl-68"/>
      </object_component>
      <object_component id="oc-1b1">
         <name>.text:__c6xabi_fixdu</name>
         <load_address>0x1180d560</load_address>
         <run_address>0x1180d560</run_address>
         <size>0x80</size>
         <input_file_ref idref="fl-3b"/>
      </object_component>
      <object_component id="oc-339">
         <name>.text:__c6xabi_llshl</name>
         <load_address>0x1180d5e0</load_address>
         <run_address>0x1180d5e0</run_address>
         <size>0x80</size>
         <input_file_ref idref="fl-54"/>
      </object_component>
      <object_component id="oc-2d">
         <name>.text:_c_int00</name>
         <load_address>0x1180d660</load_address>
         <run_address>0x1180d660</run_address>
         <size>0x80</size>
         <input_file_ref idref="fl-34"/>
      </object_component>
      <object_component id="oc-47a">
         <name>.text:finddevice</name>
         <load_address>0x1180d6e0</load_address>
         <run_address>0x1180d6e0</run_address>
         <size>0x80</size>
         <input_file_ref idref="fl-6d"/>
      </object_component>
      <object_component id="oc-42e">
         <name>.text:unlink</name>
         <load_address>0x1180d760</load_address>
         <run_address>0x1180d760</run_address>
         <size>0x80</size>
         <input_file_ref idref="fl-6f"/>
      </object_component>
      <object_component id="oc-43f">
         <name>.text:__TI_writemsg</name>
         <load_address>0x1180d7e0</load_address>
         <run_address>0x1180d7e0</run_address>
         <size>0x60</size>
         <input_file_ref idref="fl-68"/>
      </object_component>
      <object_component id="oc-345">
         <name>.text:__c6xabi_llshru</name>
         <load_address>0x1180d840</load_address>
         <run_address>0x1180d840</run_address>
         <size>0x60</size>
         <input_file_ref idref="fl-54"/>
      </object_component>
      <object_component id="oc-33f">
         <name>.text:_subcull</name>
         <load_address>0x1180d8a0</load_address>
         <run_address>0x1180d8a0</run_address>
         <size>0x60</size>
         <input_file_ref idref="fl-50"/>
      </object_component>
      <object_component id="oc-370">
         <name>.text:lseek</name>
         <load_address>0x1180d900</load_address>
         <run_address>0x1180d900</run_address>
         <size>0x60</size>
         <input_file_ref idref="fl-66"/>
      </object_component>
      <object_component id="oc-28e">
         <name>.text:memccpy</name>
         <load_address>0x1180d960</load_address>
         <run_address>0x1180d960</run_address>
         <size>0x60</size>
         <input_file_ref idref="fl-56"/>
      </object_component>
      <object_component id="oc-18b">
         <name>.text:sprintf</name>
         <load_address>0x1180d9c0</load_address>
         <run_address>0x1180d9c0</run_address>
         <size>0x60</size>
         <input_file_ref idref="fl-41"/>
      </object_component>
      <object_component id="oc-2c6">
         <name>.text:write</name>
         <load_address>0x1180da20</load_address>
         <run_address>0x1180da20</run_address>
         <size>0x60</size>
         <input_file_ref idref="fl-5a"/>
      </object_component>
      <object_component id="oc-34f">
         <name>.text:__TI_frcmpyd_div</name>
         <load_address>0x1180da80</load_address>
         <run_address>0x1180da80</run_address>
         <size>0x40</size>
         <input_file_ref idref="fl-4d"/>
      </object_component>
      <object_component id="oc-270">
         <name>.text:__c6xabi_isinf</name>
         <load_address>0x1180dac0</load_address>
         <run_address>0x1180dac0</run_address>
         <size>0x40</size>
         <input_file_ref idref="fl-51"/>
      </object_component>
      <object_component id="oc-264">
         <name>.text:__c6xabi_isnan</name>
         <load_address>0x1180db00</load_address>
         <run_address>0x1180db00</run_address>
         <size>0x40</size>
         <input_file_ref idref="fl-43"/>
      </object_component>
      <object_component id="oc-68">
         <name>.text:_args_main</name>
         <load_address>0x1180db40</load_address>
         <run_address>0x1180db40</run_address>
         <size>0x40</size>
         <input_file_ref idref="fl-44"/>
      </object_component>
      <object_component id="oc-21b">
         <name>.text:_outs</name>
         <load_address>0x1180db80</load_address>
         <run_address>0x1180db80</run_address>
         <size>0x40</size>
         <input_file_ref idref="fl-41"/>
      </object_component>
      <object_component id="oc-364">
         <name>.text:__c6xabi_errno_addr</name>
         <load_address>0x1180dbc0</load_address>
         <run_address>0x1180dbc0</run_address>
         <size>0x20</size>
         <input_file_ref idref="fl-5c"/>
      </object_component>
      <object_component id="oc-241">
         <name>.text:_nop</name>
         <load_address>0x1180dbe0</load_address>
         <run_address>0x1180dbe0</run_address>
         <size>0x20</size>
         <input_file_ref idref="fl-42"/>
      </object_component>
      <object_component id="oc-201">
         <name>.text:_outc</name>
         <load_address>0x1180dc00</load_address>
         <run_address>0x1180dc00</run_address>
         <size>0x20</size>
         <input_file_ref idref="fl-3f"/>
      </object_component>
      <object_component id="oc-215">
         <name>.text:_outc</name>
         <load_address>0x1180dc20</load_address>
         <run_address>0x1180dc20</run_address>
         <size>0x20</size>
         <input_file_ref idref="fl-41"/>
      </object_component>
      <object_component id="oc-207">
         <name>.text:_outs</name>
         <load_address>0x1180dc40</load_address>
         <run_address>0x1180dc40</run_address>
         <size>0x20</size>
         <input_file_ref idref="fl-3f"/>
      </object_component>
      <object_component id="oc-c2">
         <name>.text:_system_post_cinit</name>
         <load_address>0x1180dc60</load_address>
         <run_address>0x1180dc60</run_address>
         <size>0x20</size>
         <input_file_ref idref="fl-57"/>
      </object_component>
      <object_component id="oc-74">
         <name>.text:_system_pre_init</name>
         <load_address>0x1180dc80</load_address>
         <run_address>0x1180dc80</run_address>
         <size>0x20</size>
         <input_file_ref idref="fl-3e"/>
      </object_component>
      <object_component id="oc-b3">
         <name>.text:abort</name>
         <load_address>0x1180dca0</load_address>
         <run_address>0x1180dca0</run_address>
         <size>0x20</size>
         <input_file_ref idref="fl-3a"/>
      </object_component>
      <object_component id="oc-1b">
         <name>.text:decompress:none:__TI_decompress_none</name>
         <load_address>0x1180dcc0</load_address>
         <run_address>0x1180dcc0</run_address>
         <size>0x20</size>
         <input_file_ref idref="fl-35"/>
      </object_component>
      <object_component id="oc-21">
         <name>.text:decompress:rle24:__TI_decompress_rle24</name>
         <load_address>0x1180dce0</load_address>
         <run_address>0x1180dce0</run_address>
         <size>0x20</size>
         <input_file_ref idref="fl-36"/>
      </object_component>
      <object_component id="oc-3e">
         <name>.stack</name>
         <uninitialized>true</uninitialized>
         <run_address>0x11810060</run_address>
         <size>0x8</size>
         <input_file_ref idref="fl-34"/>
      </object_component>
      <object_component id="oc-4bd">
         <name>.stack</name>
         <uninitialized>true</uninitialized>
         <run_address>0x11810060</run_address>
         <size>0x0</size>
      </object_component>
      <object_component id="oc-466">
         <name>.cio</name>
         <uninitialized>true</uninitialized>
         <run_address>0x11811530</run_address>
         <size>0x120</size>
         <input_file_ref idref="fl-68"/>
      </object_component>
      <object_component id="oc-2d6">
         <name>.const:.string:_ctypes_</name>
         <load_address>0x11811380</load_address>
         <run_address>0x11811380</run_address>
         <size>0x101</size>
         <input_file_ref idref="fl-48"/>
      </object_component>
      <object_component id="oc-184">
         <name>.const:.string</name>
         <load_address>0x11811484</load_address>
         <run_address>0x11811484</run_address>
         <size>0x50</size>
         <input_file_ref idref="fl-4"/>
      </object_component>
      <object_component id="oc-294">
         <name>.const:.string</name>
         <load_address>0x118114d4</load_address>
         <run_address>0x118114d4</run_address>
         <size>0x24</size>
         <input_file_ref idref="fl-43"/>
      </object_component>
      <object_component id="oc-117">
         <name>.const:.string</name>
         <load_address>0x118114f8</load_address>
         <run_address>0x118114f8</run_address>
         <size>0x1c</size>
         <input_file_ref idref="fl-7"/>
      </object_component>
      <object_component id="oc-168">
         <name>.const:.string</name>
         <load_address>0x11811514</load_address>
         <run_address>0x11811514</run_address>
         <size>0x1c</size>
         <input_file_ref idref="fl-17"/>
      </object_component>
      <object_component id="oc-295">
         <name>.switch:__TI_printfi</name>
         <load_address>0x11811650</load_address>
         <run_address>0x11811650</run_address>
         <size>0x38</size>
         <input_file_ref idref="fl-43"/>
      </object_component>
      <object_component id="oc-16c">
         <name>.switch:UARTprintf</name>
         <load_address>0x11811688</load_address>
         <run_address>0x11811688</run_address>
         <size>0x24</size>
         <input_file_ref idref="fl-17"/>
      </object_component>
      <object_component id="oc-198">
         <name>.switch:GPIOIntTypeSet</name>
         <load_address>0x118116ac</load_address>
         <run_address>0x118116ac</run_address>
         <size>0x10</size>
         <input_file_ref idref="fl-16"/>
      </object_component>
      <object_component id="oc-41">
         <name>.sysmem</name>
         <uninitialized>true</uninitialized>
         <run_address>0x11810860</run_address>
         <size>0x8</size>
         <input_file_ref idref="fl-6a"/>
      </object_component>
      <object_component id="oc-4be">
         <name>.sysmem</name>
         <uninitialized>true</uninitialized>
         <run_address>0x11810860</run_address>
         <size>0x0</size>
      </object_component>
      <object_component id="oc-4b9">
         <name>.cinit..fardata.load</name>
         <load_address>0x118116c8</load_address>
         <run_address>0x118116c8</run_address>
         <size>0x6f</size>
      </object_component>
      <object_component id="oc-4bc">
         <name>.cinit..far.load</name>
         <load_address>0x11811737</load_address>
         <run_address>0x11811737</run_address>
         <size>0xb</size>
      </object_component>
      <object_component id="oc-4bb">
         <name>.cinit..rodata.load</name>
         <load_address>0x11811742</load_address>
         <run_address>0x11811742</run_address>
         <size>0xa</size>
      </object_component>
      <object_component id="oc-4ba">
         <name>.cinit..neardata.load</name>
         <load_address>0x1181174c</load_address>
         <run_address>0x1181174c</run_address>
         <size>0x9</size>
      </object_component>
      <object_component id="oc-4b7">
         <name>__TI_handler_table</name>
         <load_address>0x11811758</load_address>
         <run_address>0x11811758</run_address>
         <size>0x8</size>
      </object_component>
      <object_component id="oc-4b8">
         <name>__TI_cinit_table</name>
         <load_address>0x11811760</load_address>
         <run_address>0x11811760</run_address>
         <size>0x20</size>
      </object_component>
      <object_component id="oc-b0">
         <name>.fardata</name>
         <load_address>0x11811358</load_address>
         <run_address>0x11811358</run_address>
         <size>0xc</size>
         <input_file_ref idref="fl-3a"/>
      </object_component>
      <object_component id="oc-1f8">
         <name>.fardata:_lock</name>
         <load_address>0x1181136c</load_address>
         <run_address>0x1181136c</run_address>
         <size>0x4</size>
         <input_file_ref idref="fl-42"/>
      </object_component>
      <object_component id="oc-1fe">
         <name>.fardata:_unlock</name>
         <load_address>0x11811370</load_address>
         <run_address>0x11811370</run_address>
         <size>0x4</size>
         <input_file_ref idref="fl-42"/>
      </object_component>
      <object_component id="oc-1fb">
         <name>.fardata:_ftable</name>
         <load_address>0x11811060</load_address>
         <run_address>0x11811060</run_address>
         <size>0x1e0</size>
         <input_file_ref idref="fl-49"/>
      </object_component>
      <object_component id="oc-3ca">
         <name>.fardata</name>
         <load_address>0x11811374</load_address>
         <run_address>0x11811374</run_address>
         <size>0x4</size>
         <input_file_ref idref="fl-49"/>
      </object_component>
      <object_component id="oc-393">
         <name>.fardata:_device</name>
         <load_address>0x118112e0</load_address>
         <run_address>0x118112e0</run_address>
         <size>0x78</size>
         <input_file_ref idref="fl-5a"/>
      </object_component>
      <object_component id="oc-329">
         <name>.fardata:_stream</name>
         <load_address>0x11811240</load_address>
         <run_address>0x11811240</run_address>
         <size>0xa0</size>
         <input_file_ref idref="fl-5a"/>
      </object_component>
      <object_component id="oc-3bd">
         <name>.fardata</name>
         <load_address>0x11811378</load_address>
         <run_address>0x11811378</run_address>
         <size>0x4</size>
         <input_file_ref idref="fl-5c"/>
      </object_component>
      <object_component id="oc-3d4">
         <name>.fardata</name>
         <load_address>0x11811364</load_address>
         <run_address>0x11811364</run_address>
         <size>0x8</size>
         <input_file_ref idref="fl-6a"/>
      </object_component>
      <object_component id="oc-1bf">
         <name>.neardata</name>
         <load_address>0x118116bc</load_address>
         <run_address>0x118116bc</run_address>
         <size>0x5</size>
         <input_file_ref idref="fl-2"/>
      </object_component>
      <object_component id="oc-169">
         <name>.rodata</name>
         <load_address>0x118116c4</load_address>
         <run_address>0x118116c4</run_address>
         <size>0x4</size>
         <input_file_ref idref="fl-17"/>
      </object_component>
      <object_component id="oc-82">
         <name>.far</name>
         <uninitialized>true</uninitialized>
         <run_address>0x1180fcb8</run_address>
         <size>0x240</size>
         <input_file_ref idref="fl-18"/>
      </object_component>
      <object_component id="oc-118">
         <name>.common:ad9833_dev</name>
         <uninitialized>true</uninitialized>
         <run_address>0x11810038</run_address>
         <size>0x20</size>
      </object_component>
      <object_component id="oc-11b">
         <name>.common:ad7606_dev</name>
         <uninitialized>true</uninitialized>
         <run_address>0x1180dd00</run_address>
         <size>0x1fb8</size>
      </object_component>
      <object_component id="oc-434">
         <name>.common:__TI_tmpnams</name>
         <uninitialized>true</uninitialized>
         <run_address>0x1180fef8</run_address>
         <size>0x140</size>
      </object_component>
      <object_component id="oc-43c">
         <name>.common:parmbuf</name>
         <uninitialized>true</uninitialized>
         <run_address>0x11810058</run_address>
         <size>0x8</size>
      </object_component>
      <object_component id="oc-1c3">
         <name>.debug_info</name>
         <load_address>0x0</load_address>
         <run_address>0x0</run_address>
         <size>0x88f</size>
         <input_file_ref idref="fl-2"/>
      </object_component>
      <object_component id="oc-1c0">
         <name>.debug_info</name>
         <load_address>0x88f</load_address>
         <run_address>0x88f</run_address>
         <size>0x132</size>
         <input_file_ref idref="fl-2"/>
      </object_component>
      <object_component id="oc-123">
         <name>.debug_info</name>
         <load_address>0x9c1</load_address>
         <run_address>0x9c1</run_address>
         <size>0xcca</size>
         <input_file_ref idref="fl-2"/>
      </object_component>
      <object_component id="oc-19c">
         <name>.debug_info</name>
         <load_address>0x168b</load_address>
         <run_address>0x168b</run_address>
         <size>0x43e</size>
         <input_file_ref idref="fl-2"/>
      </object_component>
      <object_component id="oc-193">
         <name>.debug_info</name>
         <load_address>0x1ac9</load_address>
         <run_address>0x1ac9</run_address>
         <size>0xc7a</size>
         <input_file_ref idref="fl-2"/>
      </object_component>
      <object_component id="oc-94">
         <name>.debug_info</name>
         <load_address>0x2743</load_address>
         <run_address>0x2743</run_address>
         <size>0xb2</size>
         <input_file_ref idref="fl-2"/>
      </object_component>
      <object_component id="oc-129">
         <name>.debug_info</name>
         <load_address>0x27f5</load_address>
         <run_address>0x27f5</run_address>
         <size>0x209</size>
         <input_file_ref idref="fl-2"/>
      </object_component>
      <object_component id="oc-1a6">
         <name>.debug_info</name>
         <load_address>0x29fe</load_address>
         <run_address>0x29fe</run_address>
         <size>0x1d9</size>
         <input_file_ref idref="fl-2"/>
      </object_component>
      <object_component id="oc-298">
         <name>.debug_info</name>
         <load_address>0x2bd7</load_address>
         <run_address>0x2bd7</run_address>
         <size>0x2c</size>
         <input_file_ref idref="fl-2"/>
      </object_component>
      <object_component id="oc-1a1">
         <name>.debug_info</name>
         <load_address>0x2c03</load_address>
         <run_address>0x2c03</run_address>
         <size>0x12c</size>
         <input_file_ref idref="fl-2"/>
      </object_component>
      <object_component id="oc-1b8">
         <name>.debug_info</name>
         <load_address>0x2d2f</load_address>
         <run_address>0x2d2f</run_address>
         <size>0x93e</size>
         <input_file_ref idref="fl-3"/>
      </object_component>
      <object_component id="oc-11d">
         <name>.debug_info</name>
         <load_address>0x366d</load_address>
         <run_address>0x366d</run_address>
         <size>0x758</size>
         <input_file_ref idref="fl-3"/>
      </object_component>
      <object_component id="oc-192">
         <name>.debug_info</name>
         <load_address>0x3dc5</load_address>
         <run_address>0x3dc5</run_address>
         <size>0x76b</size>
         <input_file_ref idref="fl-4"/>
      </object_component>
      <object_component id="oc-10c">
         <name>.debug_info</name>
         <load_address>0x4530</load_address>
         <run_address>0x4530</run_address>
         <size>0xb80</size>
         <input_file_ref idref="fl-4"/>
      </object_component>
      <object_component id="oc-f4">
         <name>.debug_info</name>
         <load_address>0x50b0</load_address>
         <run_address>0x50b0</run_address>
         <size>0x1c2</size>
         <input_file_ref idref="fl-6"/>
      </object_component>
      <object_component id="oc-119">
         <name>.debug_info</name>
         <load_address>0x5272</load_address>
         <run_address>0x5272</run_address>
         <size>0xf74</size>
         <input_file_ref idref="fl-7"/>
      </object_component>
      <object_component id="oc-a9">
         <name>.debug_info</name>
         <load_address>0x61e6</load_address>
         <run_address>0x61e6</run_address>
         <size>0x87c</size>
         <input_file_ref idref="fl-7"/>
      </object_component>
      <object_component id="oc-1ad">
         <name>.debug_info</name>
         <load_address>0x6a62</load_address>
         <run_address>0x6a62</run_address>
         <size>0x4c8</size>
         <input_file_ref idref="fl-12"/>
      </object_component>
      <object_component id="oc-226">
         <name>.debug_info</name>
         <load_address>0x6f2a</load_address>
         <run_address>0x6f2a</run_address>
         <size>0x88</size>
         <input_file_ref idref="fl-12"/>
      </object_component>
      <object_component id="oc-181">
         <name>.debug_info</name>
         <load_address>0x6fb2</load_address>
         <run_address>0x6fb2</run_address>
         <size>0xcb</size>
         <input_file_ref idref="fl-13"/>
      </object_component>
      <object_component id="oc-103">
         <name>.debug_info</name>
         <load_address>0x707d</load_address>
         <run_address>0x707d</run_address>
         <size>0x1abd</size>
         <input_file_ref idref="fl-13"/>
      </object_component>
      <object_component id="oc-17c">
         <name>.debug_info</name>
         <load_address>0x8b3a</load_address>
         <run_address>0x8b3a</run_address>
         <size>0x8d</size>
         <input_file_ref idref="fl-13"/>
      </object_component>
      <object_component id="oc-23a">
         <name>.debug_info</name>
         <load_address>0x8bc7</load_address>
         <run_address>0x8bc7</run_address>
         <size>0x94</size>
         <input_file_ref idref="fl-14"/>
      </object_component>
      <object_component id="oc-183">
         <name>.debug_info</name>
         <load_address>0x8c5b</load_address>
         <run_address>0x8c5b</run_address>
         <size>0xc9</size>
         <input_file_ref idref="fl-15"/>
      </object_component>
      <object_component id="oc-106">
         <name>.debug_info</name>
         <load_address>0x8d24</load_address>
         <run_address>0x8d24</run_address>
         <size>0x34d</size>
         <input_file_ref idref="fl-15"/>
      </object_component>
      <object_component id="oc-112">
         <name>.debug_info</name>
         <load_address>0x9071</load_address>
         <run_address>0x9071</run_address>
         <size>0xbea</size>
         <input_file_ref idref="fl-16"/>
      </object_component>
      <object_component id="oc-173">
         <name>.debug_info</name>
         <load_address>0x9c5b</load_address>
         <run_address>0x9c5b</run_address>
         <size>0x1f9</size>
         <input_file_ref idref="fl-17"/>
      </object_component>
      <object_component id="oc-16a">
         <name>.debug_info</name>
         <load_address>0x9e54</load_address>
         <run_address>0x9e54</run_address>
         <size>0x127</size>
         <input_file_ref idref="fl-17"/>
      </object_component>
      <object_component id="oc-ee">
         <name>.debug_info</name>
         <load_address>0x9f7b</load_address>
         <run_address>0x9f7b</run_address>
         <size>0x1f42</size>
         <input_file_ref idref="fl-17"/>
      </object_component>
      <object_component id="oc-16e">
         <name>.debug_info</name>
         <load_address>0xbebd</load_address>
         <run_address>0xbebd</run_address>
         <size>0x94</size>
         <input_file_ref idref="fl-17"/>
      </object_component>
      <object_component id="oc-174">
         <name>.debug_info</name>
         <load_address>0xbf51</load_address>
         <run_address>0xbf51</run_address>
         <size>0x2c</size>
         <input_file_ref idref="fl-17"/>
      </object_component>
      <object_component id="oc-d2">
         <name>.debug_info</name>
         <load_address>0xbf7d</load_address>
         <run_address>0xbf7d</run_address>
         <size>0x228</size>
         <input_file_ref idref="fl-18"/>
      </object_component>
      <object_component id="oc-83">
         <name>.debug_info</name>
         <load_address>0xc1a5</load_address>
         <run_address>0xc1a5</run_address>
         <size>0x171</size>
         <input_file_ref idref="fl-18"/>
      </object_component>
      <object_component id="oc-fa">
         <name>.debug_info</name>
         <load_address>0xc316</load_address>
         <run_address>0xc316</run_address>
         <size>0x244f</size>
         <input_file_ref idref="fl-18"/>
      </object_component>
      <object_component id="oc-39">
         <name>.debug_info</name>
         <load_address>0xe765</load_address>
         <run_address>0xe765</run_address>
         <size>0x102d</size>
         <input_file_ref idref="fl-18"/>
      </object_component>
      <object_component id="oc-14d">
         <name>.debug_info</name>
         <load_address>0xf792</load_address>
         <run_address>0xf792</run_address>
         <size>0x8d</size>
         <input_file_ref idref="fl-18"/>
      </object_component>
      <object_component id="oc-152">
         <name>.debug_info</name>
         <load_address>0xf81f</load_address>
         <run_address>0xf81f</run_address>
         <size>0x2c</size>
         <input_file_ref idref="fl-18"/>
      </object_component>
      <object_component id="oc-e8">
         <name>.debug_info</name>
         <load_address>0xf84b</load_address>
         <run_address>0xf84b</run_address>
         <size>0x14b2</size>
         <input_file_ref idref="fl-19"/>
      </object_component>
      <object_component id="oc-2f">
         <name>.debug_info</name>
         <load_address>0x10cfd</load_address>
         <run_address>0x10cfd</run_address>
         <size>0x197</size>
         <input_file_ref idref="fl-1a"/>
      </object_component>
      <object_component id="oc-88">
         <name>.debug_info</name>
         <load_address>0x10e94</load_address>
         <run_address>0x10e94</run_address>
         <size>0x5d6</size>
         <input_file_ref idref="fl-34"/>
      </object_component>
      <object_component id="oc-3f">
         <name>.debug_info</name>
         <load_address>0x1146a</load_address>
         <run_address>0x1146a</run_address>
         <size>0xed</size>
         <input_file_ref idref="fl-34"/>
      </object_component>
      <object_component id="oc-33">
         <name>.debug_info</name>
         <load_address>0x11557</load_address>
         <run_address>0x11557</run_address>
         <size>0x17a</size>
         <input_file_ref idref="fl-34"/>
      </object_component>
      <object_component id="oc-4f">
         <name>.debug_info</name>
         <load_address>0x116d1</load_address>
         <run_address>0x116d1</run_address>
         <size>0x5ab</size>
         <input_file_ref idref="fl-35"/>
      </object_component>
      <object_component id="oc-1c">
         <name>.debug_info</name>
         <load_address>0x11c7c</load_address>
         <run_address>0x11c7c</run_address>
         <size>0x1c4</size>
         <input_file_ref idref="fl-35"/>
      </object_component>
      <object_component id="oc-4a">
         <name>.debug_info</name>
         <load_address>0x11e40</load_address>
         <run_address>0x11e40</run_address>
         <size>0x46</size>
         <input_file_ref idref="fl-35"/>
      </object_component>
      <object_component id="oc-8d">
         <name>.debug_info</name>
         <load_address>0x11e86</load_address>
         <run_address>0x11e86</run_address>
         <size>0x2c</size>
         <input_file_ref idref="fl-35"/>
      </object_component>
      <object_component id="oc-9a">
         <name>.debug_info</name>
         <load_address>0x11eb2</load_address>
         <run_address>0x11eb2</run_address>
         <size>0x595</size>
         <input_file_ref idref="fl-36"/>
      </object_component>
      <object_component id="oc-51">
         <name>.debug_info</name>
         <load_address>0x12447</load_address>
         <run_address>0x12447</run_address>
         <size>0x24c</size>
         <input_file_ref idref="fl-36"/>
      </object_component>
      <object_component id="oc-22">
         <name>.debug_info</name>
         <load_address>0x12693</load_address>
         <run_address>0x12693</run_address>
         <size>0x1a9</size>
         <input_file_ref idref="fl-36"/>
      </object_component>
      <object_component id="oc-57">
         <name>.debug_info</name>
         <load_address>0x1283c</load_address>
         <run_address>0x1283c</run_address>
         <size>0x46</size>
         <input_file_ref idref="fl-36"/>
      </object_component>
      <object_component id="oc-a2">
         <name>.debug_info</name>
         <load_address>0x12882</load_address>
         <run_address>0x12882</run_address>
         <size>0x2c</size>
         <input_file_ref idref="fl-36"/>
      </object_component>
      <object_component id="oc-9b">
         <name>.debug_info</name>
         <load_address>0x128ae</load_address>
         <run_address>0x128ae</run_address>
         <size>0x39</size>
         <input_file_ref idref="fl-36"/>
      </object_component>
      <object_component id="oc-234">
         <name>.debug_info</name>
         <load_address>0x128e7</load_address>
         <run_address>0x128e7</run_address>
         <size>0x5f7</size>
         <input_file_ref idref="fl-38"/>
      </object_component>
      <object_component id="oc-1ba">
         <name>.debug_info</name>
         <load_address>0x12ede</load_address>
         <run_address>0x12ede</run_address>
         <size>0x189</size>
         <input_file_ref idref="fl-38"/>
      </object_component>
      <object_component id="oc-15f">
         <name>.debug_info</name>
         <load_address>0x13067</load_address>
         <run_address>0x13067</run_address>
         <size>0x10c</size>
         <input_file_ref idref="fl-39"/>
      </object_component>
      <object_component id="oc-ba">
         <name>.debug_info</name>
         <load_address>0x13173</load_address>
         <run_address>0x13173</run_address>
         <size>0x5bf</size>
         <input_file_ref idref="fl-3a"/>
      </object_component>
      <object_component id="oc-b1">
         <name>.debug_info</name>
         <load_address>0x13732</load_address>
         <run_address>0x13732</run_address>
         <size>0x17d</size>
         <input_file_ref idref="fl-3a"/>
      </object_component>
      <object_component id="oc-b4">
         <name>.debug_info</name>
         <load_address>0x138af</load_address>
         <run_address>0x138af</run_address>
         <size>0x10f</size>
         <input_file_ref idref="fl-3a"/>
      </object_component>
      <object_component id="oc-6f">
         <name>.debug_info</name>
         <load_address>0x139be</load_address>
         <run_address>0x139be</run_address>
         <size>0x16f</size>
         <input_file_ref idref="fl-3a"/>
      </object_component>
      <object_component id="oc-1b2">
         <name>.debug_info</name>
         <load_address>0x13b2d</load_address>
         <run_address>0x13b2d</run_address>
         <size>0x16b</size>
         <input_file_ref idref="fl-3b"/>
      </object_component>
      <object_component id="oc-22c">
         <name>.debug_info</name>
         <load_address>0x13c98</load_address>
         <run_address>0x13c98</run_address>
         <size>0x94</size>
         <input_file_ref idref="fl-3b"/>
      </object_component>
      <object_component id="oc-45">
         <name>.debug_info</name>
         <load_address>0x13d2c</load_address>
         <run_address>0x13d2c</run_address>
         <size>0x119</size>
         <input_file_ref idref="fl-3c"/>
      </object_component>
      <object_component id="oc-a1">
         <name>.debug_info</name>
         <load_address>0x13e45</load_address>
         <run_address>0x13e45</run_address>
         <size>0x674</size>
         <input_file_ref idref="fl-3d"/>
      </object_component>
      <object_component id="oc-5d">
         <name>.debug_info</name>
         <load_address>0x144b9</load_address>
         <run_address>0x144b9</run_address>
         <size>0x21c</size>
         <input_file_ref idref="fl-3d"/>
      </object_component>
      <object_component id="oc-75">
         <name>.debug_info</name>
         <load_address>0x146d5</load_address>
         <run_address>0x146d5</run_address>
         <size>0x140</size>
         <input_file_ref idref="fl-3e"/>
      </object_component>
      <object_component id="oc-214">
         <name>.debug_info</name>
         <load_address>0x14815</load_address>
         <run_address>0x14815</run_address>
         <size>0x6a5</size>
         <input_file_ref idref="fl-3f"/>
      </object_component>
      <object_component id="oc-202">
         <name>.debug_info</name>
         <load_address>0x14eba</load_address>
         <run_address>0x14eba</run_address>
         <size>0x144</size>
         <input_file_ref idref="fl-3f"/>
      </object_component>
      <object_component id="oc-208">
         <name>.debug_info</name>
         <load_address>0x14ffe</load_address>
         <run_address>0x14ffe</run_address>
         <size>0x153</size>
         <input_file_ref idref="fl-3f"/>
      </object_component>
      <object_component id="oc-186">
         <name>.debug_info</name>
         <load_address>0x15151</load_address>
         <run_address>0x15151</run_address>
         <size>0x190</size>
         <input_file_ref idref="fl-3f"/>
      </object_component>
      <object_component id="oc-2ae">
         <name>.debug_info</name>
         <load_address>0x152e1</load_address>
         <run_address>0x152e1</run_address>
         <size>0xae</size>
         <input_file_ref idref="fl-3f"/>
      </object_component>
      <object_component id="oc-164">
         <name>.debug_info</name>
         <load_address>0x1538f</load_address>
         <run_address>0x1538f</run_address>
         <size>0x10c</size>
         <input_file_ref idref="fl-40"/>
      </object_component>
      <object_component id="oc-222">
         <name>.debug_info</name>
         <load_address>0x1549b</load_address>
         <run_address>0x1549b</run_address>
         <size>0x630</size>
         <input_file_ref idref="fl-41"/>
      </object_component>
      <object_component id="oc-18c">
         <name>.debug_info</name>
         <load_address>0x15acb</load_address>
         <run_address>0x15acb</run_address>
         <size>0x1af</size>
         <input_file_ref idref="fl-41"/>
      </object_component>
      <object_component id="oc-21c">
         <name>.debug_info</name>
         <load_address>0x15c7a</load_address>
         <run_address>0x15c7a</run_address>
         <size>0x185</size>
         <input_file_ref idref="fl-41"/>
      </object_component>
      <object_component id="oc-216">
         <name>.debug_info</name>
         <load_address>0x15dff</load_address>
         <run_address>0x15dff</run_address>
         <size>0x15a</size>
         <input_file_ref idref="fl-41"/>
      </object_component>
      <object_component id="oc-2a2">
         <name>.debug_info</name>
         <load_address>0x15f59</load_address>
         <run_address>0x15f59</run_address>
         <size>0x2c</size>
         <input_file_ref idref="fl-41"/>
      </object_component>
      <object_component id="oc-249">
         <name>.debug_info</name>
         <load_address>0x15f85</load_address>
         <run_address>0x15f85</run_address>
         <size>0x54c</size>
         <input_file_ref idref="fl-42"/>
      </object_component>
      <object_component id="oc-1f9">
         <name>.debug_info</name>
         <load_address>0x164d1</load_address>
         <run_address>0x164d1</run_address>
         <size>0xec</size>
         <input_file_ref idref="fl-42"/>
      </object_component>
      <object_component id="oc-1ff">
         <name>.debug_info</name>
         <load_address>0x165bd</load_address>
         <run_address>0x165bd</run_address>
         <size>0xf0</size>
         <input_file_ref idref="fl-42"/>
      </object_component>
      <object_component id="oc-242">
         <name>.debug_info</name>
         <load_address>0x166ad</load_address>
         <run_address>0x166ad</run_address>
         <size>0x11b</size>
         <input_file_ref idref="fl-42"/>
      </object_component>
      <object_component id="oc-297">
         <name>.debug_info</name>
         <load_address>0x167c8</load_address>
         <run_address>0x167c8</run_address>
         <size>0x75c</size>
         <input_file_ref idref="fl-43"/>
      </object_component>
      <object_component id="oc-26b">
         <name>.debug_info</name>
         <load_address>0x16f24</load_address>
         <run_address>0x16f24</run_address>
         <size>0x233</size>
         <input_file_ref idref="fl-43"/>
      </object_component>
      <object_component id="oc-265">
         <name>.debug_info</name>
         <load_address>0x17157</load_address>
         <run_address>0x17157</run_address>
         <size>0x209</size>
         <input_file_ref idref="fl-43"/>
      </object_component>
      <object_component id="oc-2f7">
         <name>.debug_info</name>
         <load_address>0x17360</load_address>
         <run_address>0x17360</run_address>
         <size>0x1a0</size>
         <input_file_ref idref="fl-43"/>
      </object_component>
      <object_component id="oc-277">
         <name>.debug_info</name>
         <load_address>0x17500</load_address>
         <run_address>0x17500</run_address>
         <size>0x34e</size>
         <input_file_ref idref="fl-43"/>
      </object_component>
      <object_component id="oc-2fe">
         <name>.debug_info</name>
         <load_address>0x1784e</load_address>
         <run_address>0x1784e</run_address>
         <size>0x222</size>
         <input_file_ref idref="fl-43"/>
      </object_component>
      <object_component id="oc-27d">
         <name>.debug_info</name>
         <load_address>0x17a70</load_address>
         <run_address>0x17a70</run_address>
         <size>0x306</size>
         <input_file_ref idref="fl-43"/>
      </object_component>
      <object_component id="oc-283">
         <name>.debug_info</name>
         <load_address>0x17d76</load_address>
         <run_address>0x17d76</run_address>
         <size>0x36c</size>
         <input_file_ref idref="fl-43"/>
      </object_component>
      <object_component id="oc-289">
         <name>.debug_info</name>
         <load_address>0x180e2</load_address>
         <run_address>0x180e2</run_address>
         <size>0x4a2</size>
         <input_file_ref idref="fl-43"/>
      </object_component>
      <object_component id="oc-20e">
         <name>.debug_info</name>
         <load_address>0x18584</load_address>
         <run_address>0x18584</run_address>
         <size>0x5c0</size>
         <input_file_ref idref="fl-43"/>
      </object_component>
      <object_component id="oc-29d">
         <name>.debug_info</name>
         <load_address>0x18b44</load_address>
         <run_address>0x18b44</run_address>
         <size>0x86</size>
         <input_file_ref idref="fl-43"/>
      </object_component>
      <object_component id="oc-316">
         <name>.debug_info</name>
         <load_address>0x18bca</load_address>
         <run_address>0x18bca</run_address>
         <size>0x46</size>
         <input_file_ref idref="fl-43"/>
      </object_component>
      <object_component id="oc-2a7">
         <name>.debug_info</name>
         <load_address>0x18c10</load_address>
         <run_address>0x18c10</run_address>
         <size>0x39</size>
         <input_file_ref idref="fl-43"/>
      </object_component>
      <object_component id="oc-af">
         <name>.debug_info</name>
         <load_address>0x18c49</load_address>
         <run_address>0x18c49</run_address>
         <size>0x5cc</size>
         <input_file_ref idref="fl-44"/>
      </object_component>
      <object_component id="oc-69">
         <name>.debug_info</name>
         <load_address>0x19215</load_address>
         <run_address>0x19215</run_address>
         <size>0x15f</size>
         <input_file_ref idref="fl-44"/>
      </object_component>
      <object_component id="oc-130">
         <name>.debug_info</name>
         <load_address>0x19374</load_address>
         <run_address>0x19374</run_address>
         <size>0x5e</size>
         <input_file_ref idref="fl-44"/>
      </object_component>
      <object_component id="oc-2da">
         <name>.debug_info</name>
         <load_address>0x193d2</load_address>
         <run_address>0x193d2</run_address>
         <size>0x57a</size>
         <input_file_ref idref="fl-45"/>
      </object_component>
      <object_component id="oc-25f">
         <name>.debug_info</name>
         <load_address>0x1994c</load_address>
         <run_address>0x1994c</run_address>
         <size>0x169</size>
         <input_file_ref idref="fl-45"/>
      </object_component>
      <object_component id="oc-cf">
         <name>.debug_info</name>
         <load_address>0x19ab5</load_address>
         <run_address>0x19ab5</run_address>
         <size>0x79e</size>
         <input_file_ref idref="fl-46"/>
      </object_component>
      <object_component id="oc-7b">
         <name>.debug_info</name>
         <load_address>0x1a253</load_address>
         <run_address>0x1a253</run_address>
         <size>0x1bc</size>
         <input_file_ref idref="fl-46"/>
      </object_component>
      <object_component id="oc-141">
         <name>.debug_info</name>
         <load_address>0x1a40f</load_address>
         <run_address>0x1a40f</run_address>
         <size>0x39</size>
         <input_file_ref idref="fl-46"/>
      </object_component>
      <object_component id="oc-1d7">
         <name>.debug_info</name>
         <load_address>0x1a448</load_address>
         <run_address>0x1a448</run_address>
         <size>0x39</size>
         <input_file_ref idref="fl-46"/>
      </object_component>
      <object_component id="oc-146">
         <name>.debug_info</name>
         <load_address>0x1a481</load_address>
         <run_address>0x1a481</run_address>
         <size>0xcd</size>
         <input_file_ref idref="fl-46"/>
      </object_component>
      <object_component id="oc-13b">
         <name>.debug_info</name>
         <load_address>0x1a54e</load_address>
         <run_address>0x1a54e</run_address>
         <size>0x650</size>
         <input_file_ref idref="fl-47"/>
      </object_component>
      <object_component id="oc-bd">
         <name>.debug_info</name>
         <load_address>0x1ab9e</load_address>
         <run_address>0x1ab9e</run_address>
         <size>0x194</size>
         <input_file_ref idref="fl-47"/>
      </object_component>
      <object_component id="oc-1c6">
         <name>.debug_info</name>
         <load_address>0x1ad32</load_address>
         <run_address>0x1ad32</run_address>
         <size>0x2c</size>
         <input_file_ref idref="fl-47"/>
      </object_component>
      <object_component id="oc-336">
         <name>.debug_info</name>
         <load_address>0x1ad5e</load_address>
         <run_address>0x1ad5e</run_address>
         <size>0xe6</size>
         <input_file_ref idref="fl-48"/>
      </object_component>
      <object_component id="oc-2d7">
         <name>.debug_info</name>
         <load_address>0x1ae44</load_address>
         <run_address>0x1ae44</run_address>
         <size>0xf2</size>
         <input_file_ref idref="fl-48"/>
      </object_component>
      <object_component id="oc-24c">
         <name>.debug_info</name>
         <load_address>0x1af36</load_address>
         <run_address>0x1af36</run_address>
         <size>0x12d</size>
         <input_file_ref idref="fl-49"/>
      </object_component>
      <object_component id="oc-1fc">
         <name>.debug_info</name>
         <load_address>0x1b063</load_address>
         <run_address>0x1b063</run_address>
         <size>0xef</size>
         <input_file_ref idref="fl-49"/>
      </object_component>
      <object_component id="oc-3cb">
         <name>.debug_info</name>
         <load_address>0x1b152</load_address>
         <run_address>0x1b152</run_address>
         <size>0xf7</size>
         <input_file_ref idref="fl-49"/>
      </object_component>
      <object_component id="oc-2eb">
         <name>.debug_info</name>
         <load_address>0x1b249</load_address>
         <run_address>0x1b249</run_address>
         <size>0x23d</size>
[...]
      <symbol id="sm-4ae">
         <name>CacheWBAll</name>
         <value>0x118092d8</value>
         <object_component_ref idref="oc-e7"/>
      </symbol>
      <symbol id="sm-4af">
         <name>CacheWB</name>
         <value>0x11809310</value>
         <object_component_ref idref="oc-e7"/>
      </symbol>
      <symbol id="sm-4b0">
         <name>CacheWBInvAll</name>
         <value>0x118092e8</value>
         <object_component_ref idref="oc-e7"/>
      </symbol>
      <symbol id="sm-4b1">
         <name>CacheWBInv</name>
         <value>0x1180932c</value>
         <object_component_ref idref="oc-e7"/>
      </symbol>
      <symbol id="sm-4b2">
         <name>CacheInvL1pAll</name>
         <value>0x118092cc</value>
         <object_component_ref idref="oc-e7"/>
      </symbol>
      <symbol id="sm-4ba">
         <name>_intcVectorTable</name>
         <value>0x1180ac00</value>
         <object_component_ref idref="oc-2e"/>
      </symbol>
      <symbol id="sm-4d0">
         <name>_c_int00</name>
         <value>0x1180d660</value>
         <object_component_ref idref="oc-2d"/>
      </symbol>
      <symbol id="sm-4d1">
         <name>_stack</name>
         <value>0x11810060</value>
         <object_component_ref idref="oc-3e"/>
      </symbol>
      <symbol id="sm-4e8">
         <name>__TI_decompress_none</name>
         <value>0x1180dcc0</value>
         <object_component_ref idref="oc-1b"/>
      </symbol>
      <symbol id="sm-513">
         <name>__TI_decompress_rle24</name>
         <value>0x1180dce0</value>
         <object_component_ref idref="oc-21"/>
      </symbol>
      <symbol id="sm-526">
         <name>__c6xabi_divf</name>
         <value>0x11809aa0</value>
         <object_component_ref idref="oc-1b9"/>
      </symbol>
      <symbol id="sm-52f">
         <name>__c6xabi_divu</name>
         <value>0x1180ce20</value>
         <object_component_ref idref="oc-15e"/>
      </symbol>
      <symbol id="sm-530">
         <name>__divu</name>
         <value>0x1180ce20</value>
         <object_component_ref idref="oc-15e"/>
      </symbol>
      <symbol id="sm-551">
         <name>C$$EXIT</name>
         <value>0x1180dca0</value>
         <object_component_ref idref="oc-b3"/>
      </symbol>
      <symbol id="sm-552">
         <name>abort</name>
         <value>0x1180dca0</value>
         <object_component_ref idref="oc-b3"/>
      </symbol>
      <symbol id="sm-553">
         <name>exit</name>
         <value>0x1180c860</value>
         <object_component_ref idref="oc-6e"/>
      </symbol>
      <symbol id="sm-554">
         <name>__TI_dtors_ptr</name>
         <value>0x1181135c</value>
         <object_component_ref idref="oc-b0"/>
      </symbol>
      <symbol id="sm-555">
         <name>__TI_cleanup_ptr</name>
         <value>0x11811358</value>
         <object_component_ref idref="oc-b0"/>
      </symbol>
      <symbol id="sm-556">
         <name>__TI_enable_exit_profile_output</name>
         <value>0x11811360</value>
         <object_component_ref idref="oc-b0"/>
      </symbol>
      <symbol id="sm-567">
         <name>__c6xabi_fixdu</name>
         <value>0x1180d560</value>
         <object_component_ref idref="oc-1b1"/>
      </symbol>
      <symbol id="sm-570">
         <name>memcpy</name>
         <value>0x1180d3a0</value>
         <object_component_ref idref="oc-44"/>
      </symbol>
      <symbol id="sm-580">
         <name>memset</name>
         <value>0x1180ca20</value>
         <object_component_ref idref="oc-5c"/>
      </symbol>
      <symbol id="sm-589">
         <name>_system_pre_init</name>
         <value>0x1180dc80</value>
         <object_component_ref idref="oc-74"/>
      </symbol>
      <symbol id="sm-5b1">
         <name>printf</name>
         <value>0x1180cb00</value>
         <object_component_ref idref="oc-185"/>
      </symbol>
      <symbol id="sm-5ba">
         <name>__remu</name>
         <value>0x1180d260</value>
         <object_component_ref idref="oc-163"/>
      </symbol>
      <symbol id="sm-5bb">
         <name>__c6xabi_remu</name>
         <value>0x1180d260</value>
         <object_component_ref idref="oc-163"/>
      </symbol>
      <symbol id="sm-5de">
         <name>sprintf</name>
         <value>0x1180d9c0</value>
         <object_component_ref idref="oc-18b"/>
      </symbol>
      <symbol id="sm-5f4">
         <name>_nop</name>
         <value>0x1180dbe0</value>
         <object_component_ref idref="oc-241"/>
      </symbol>
      <symbol id="sm-5f5">
         <name>_lock</name>
         <value>0x1181136c</value>
         <object_component_ref idref="oc-1f8"/>
      </symbol>
      <symbol id="sm-5f6">
         <name>_unlock</name>
         <value>0x11811370</value>
         <object_component_ref idref="oc-1fe"/>
      </symbol>
      <symbol id="sm-7c2">
         <name>__TI_printfi</name>
         <value>0x11800000</value>
         <object_component_ref idref="oc-20d"/>
      </symbol>
      <symbol id="sm-7d4">
         <name>_args_main</name>
         <value>0x1180db40</value>
         <object_component_ref idref="oc-68"/>
      </symbol>
      <symbol id="sm-7e8">
         <name>atoi</name>
         <value>0x1180c2e0</value>
         <object_component_ref idref="oc-25e"/>
      </symbol>
      <symbol id="sm-80e">
         <name>_auto_init_elf</name>
         <value>0x1180b980</value>
         <object_component_ref idref="oc-7a"/>
      </symbol>
      <symbol id="sm-825">
         <name>copy_in</name>
         <value>0x1180c3e0</value>
         <object_component_ref idref="oc-bc"/>
      </symbol>
      <symbol id="sm-82f">
         <name>_ctypes_</name>
         <value>0x11811380</value>
         <object_component_ref idref="oc-2d6"/>
      </symbol>
      <symbol id="sm-83f">
         <name>__TI_tmpnams</name>
         <value>0x1180fef8</value>
      </symbol>
      <symbol id="sm-840">
         <name>_ftable</name>
         <value>0x11811060</value>
         <object_component_ref idref="oc-1fb"/>
      </symbol>
      <symbol id="sm-841">
         <name>__TI_ft_end</name>
         <value>0x11811374</value>
         <object_component_ref idref="oc-3ca"/>
      </symbol>
      <symbol id="sm-860">
         <name>__c6xabi_divd</name>
         <value>0x11807120</value>
         <object_component_ref idref="oc-2ea"/>
      </symbol>
      <symbol id="sm-87e">
         <name>putc</name>
         <value>0x1180a4e0</value>
         <object_component_ref idref="oc-250"/>
      </symbol>
      <symbol id="sm-87f">
         <name>fputc</name>
         <value>0x1180a4e0</value>
         <object_component_ref idref="oc-250"/>
      </symbol>
      <symbol id="sm-8ab">
         <name>fputs</name>
         <value>0x11809360</value>
         <object_component_ref idref="oc-257"/>
      </symbol>
      <symbol id="sm-8be">
         <name>__TI_frcmpyd_div</name>
         <value>0x1180da80</value>
         <object_component_ref idref="oc-34f"/>
      </symbol>
      <symbol id="sm-8d2">
         <name>frexpl</name>
         <value>0x1180b1a0</value>
         <object_component_ref idref="oc-305"/>
      </symbol>
      <symbol id="sm-8d3">
         <name>frexp</name>
         <value>0x1180b1a0</value>
         <object_component_ref idref="oc-305"/>
      </symbol>
      <symbol id="sm-8e4">
         <name>__c6xabi_divul</name>
         <value>0x1180afe0</value>
         <object_component_ref idref="oc-2e2"/>
      </symbol>
      <symbol id="sm-900">
         <name>_subcull</name>
         <value>0x1180d8a0</value>
         <object_component_ref idref="oc-33f"/>
      </symbol>
      <symbol id="sm-901">
         <name>__c6xabi_divull</name>
         <value>0x1180a280</value>
         <object_component_ref idref="oc-2dc"/>
      </symbol>
      <symbol id="sm-90a">
         <name>__c6xabi_isinf</name>
         <value>0x1180dac0</value>
         <object_component_ref idref="oc-270"/>
      </symbol>
      <symbol id="sm-91e">
         <name>ldexpl</name>
         <value>0x1180b680</value>
         <object_component_ref idref="oc-30b"/>
      </symbol>
      <symbol id="sm-91f">
         <name>ldexp</name>
         <value>0x1180b680</value>
         <object_component_ref idref="oc-30b"/>
      </symbol>
      <symbol id="sm-93b">
         <name>__c6xabi_llshru</name>
         <value>0x1180d840</value>
         <object_component_ref idref="oc-345"/>
      </symbol>
      <symbol id="sm-93c">
         <name>__c6xabi_llshl</name>
         <value>0x1180d5e0</value>
         <object_component_ref idref="oc-339"/>
      </symbol>
      <symbol id="sm-94c">
         <name>ltoa</name>
         <value>0x1180c940</value>
         <object_component_ref idref="oc-2f0"/>
      </symbol>
      <symbol id="sm-95d">
         <name>memccpy</name>
         <value>0x1180d960</value>
         <object_component_ref idref="oc-28e"/>
      </symbol>
      <symbol id="sm-966">
         <name>_system_post_cinit</name>
         <value>0x1180dc60</value>
         <object_component_ref idref="oc-c2"/>
      </symbol>
      <symbol id="sm-97f">
         <name>__TI_tls_init</name>
         <value>0x1180d060</value>
         <object_component_ref idref="oc-c8"/>
      </symbol>
      <symbol id="sm-9a3">
         <name>_stream</name>
         <value>0x11811240</value>
         <object_component_ref idref="oc-329"/>
      </symbol>
      <symbol id="sm-9a4">
         <name>_device</name>
         <value>0x118112e0</value>
         <object_component_ref idref="oc-393"/>
      </symbol>
      <symbol id="sm-9a5">
         <name>write</name>
         <value>0x1180da20</value>
         <object_component_ref idref="oc-2c6"/>
      </symbol>
      <symbol id="sm-9bb">
         <name>__TI_wrt_ok</name>
         <value>0x1180c1e0</value>
         <object_component_ref idref="oc-2c0"/>
      </symbol>
      <symbol id="sm-9cc">
         <name>__errno</name>
         <value>0x11811378</value>
         <object_component_ref idref="oc-3bd"/>
      </symbol>
      <symbol id="sm-9cd">
         <name>errno</name>
         <value>0x11811378</value>
         <object_component_ref idref="oc-3bd"/>
      </symbol>
      <symbol id="sm-9ce">
         <name>__c6xabi_errno_addr</name>
         <value>0x1180dbc0</value>
         <object_component_ref idref="oc-364"/>
      </symbol>
      <symbol id="sm-9dd">
         <name>__TI_doflush</name>
         <value>0x1180cd60</value>
         <object_component_ref idref="oc-2cc"/>
      </symbol>
      <symbol id="sm-9f2">
         <name>fseek</name>
         <value>0x1180bea0</value>
         <object_component_ref idref="oc-31b"/>
      </symbol>
      <symbol id="sm-a02">
         <name>HOSTclose</name>
         <value>0x1180d120</value>
         <object_component_ref idref="oc-3f3"/>
      </symbol>
      <symbol id="sm-a12">
         <name>HOSTlseek</name>
         <value>0x1180ab20</value>
         <object_component_ref idref="oc-405"/>
      </symbol>
      <symbol id="sm-a26">
         <name>parmbuf</name>
         <value>0x11810058</value>
      </symbol>
      <symbol id="sm-a27">
         <name>HOSTopen</name>
         <value>0x1180c4e0</value>
         <object_component_ref idref="oc-3ed"/>
      </symbol>
      <symbol id="sm-a37">
         <name>HOSTread</name>
         <value>0x1180cbe0</value>
         <object_component_ref idref="oc-3f9"/>
      </symbol>
      <symbol id="sm-a55">
         <name>HOSTrename</name>
         <value>0x1180b360</value>
         <object_component_ref idref="oc-411"/>
      </symbol>
      <symbol id="sm-a68">
         <name>HOSTunlink</name>
         <value>0x1180cca0</value>
         <object_component_ref idref="oc-40b"/>
      </symbol>
      <symbol id="sm-a78">
         <name>HOSTwrite</name>
         <value>0x1180c5c0</value>
         <object_component_ref idref="oc-3ff"/>
      </symbol>
      <symbol id="sm-a87">
         <name>lseek</name>
         <value>0x1180d900</value>
         <object_component_ref idref="oc-370"/>
      </symbol>
      <symbol id="sm-aa1">
         <name>setvbuf</name>
         <value>0x1180a700</value>
         <object_component_ref idref="oc-321"/>
      </symbol>
      <symbol id="sm-ac7">
         <name>__TI_readmsg</name>
         <value>0x1180d4e0</value>
         <object_component_ref idref="oc-445"/>
      </symbol>
      <symbol id="sm-ac8">
         <name>C$$IO$$</name>
         <value>0x1180d838</value>
         <object_component_ref idref="oc-43f"/>
      </symbol>
      <symbol id="sm-ac9">
         <name>__CIOBUF_</name>
         <value>0x11811530</value>
         <object_component_ref idref="oc-466"/>
      </symbol>
      <symbol id="sm-aca">
         <name>__TI_writemsg</name>
         <value>0x1180d7e0</value>
         <object_component_ref idref="oc-43f"/>
      </symbol>
      <symbol id="sm-add">
         <name>__TI_cleanup</name>
         <value>0x1180d1c0</value>
         <object_component_ref idref="oc-378"/>
      </symbol>
      <symbol id="sm-b52">
         <name>_sys_memory</name>
         <value>0x11810860</value>
         <object_component_ref idref="oc-41"/>
      </symbol>
      <symbol id="sm-b53">
         <name>free</name>
         <value>0x118086e0</value>
         <object_component_ref idref="oc-37e"/>
      </symbol>
      <symbol id="sm-b54">
         <name>malloc</name>
         <value>0x1180b800</value>
         <object_component_ref idref="oc-384"/>
      </symbol>
      <symbol id="sm-b55">
         <name>_minit</name>
         <value>0x1180d300</value>
         <object_component_ref idref="oc-3e4"/>
      </symbol>
      <symbol id="sm-b6c">
         <name>__TI_closefile</name>
         <value>0x1180bae0</value>
         <object_component_ref idref="oc-3cd"/>
      </symbol>
      <symbol id="sm-b99">
         <name>finddevice</name>
         <value>0x1180d6e0</value>
         <object_component_ref idref="oc-47a"/>
      </symbol>
      <symbol id="sm-b9a">
         <name>getdevice</name>
         <value>0x1180bd60</value>
         <object_component_ref idref="oc-45a"/>
      </symbol>
      <symbol id="sm-bab">
         <name>unlink</name>
         <value>0x1180d760</value>
         <object_component_ref idref="oc-42e"/>
      </symbol>
      <symbol id="sm-bbd">
         <name>close</name>
         <value>0x1180c780</value>
         <object_component_ref idref="oc-428"/>
      </symbol>
      <symbol id="sm-bd5">
         <name>UARTConsoleGetc</name>
         <value>0x1180c760</value>
         <object_component_ref idref="oc-158"/>
      </symbol>
      <symbol id="sm-bd6">
         <name>UARTConsolePutc</name>
         <value>0x1180c738</value>
         <object_component_ref idref="oc-158"/>
      </symbol>
      <symbol id="sm-bd7">
         <name>UARTConsoleInit</name>
         <value>0x1180c700</value>
         <object_component_ref idref="oc-158"/>
      </symbol>
      <symbol id="sm-be6">
         <name>UARTPinMuxSetup</name>
         <value>0x1180b500</value>
         <object_component_ref idref="oc-1e2"/>
      </symbol>
      <symbol id="sm-c09">
         <name>UARTCharPutNonBlocking</name>
         <value>0x11807f48</value>
         <object_component_ref idref="oc-1dc"/>
      </symbol>
      <symbol id="sm-c0a">
         <name>UARTDMAEnable</name>
         <value>0x11807dac</value>
         <object_component_ref idref="oc-1dc"/>
      </symbol>
      <symbol id="sm-c0b">
         <name>UARTFIFODisable</name>
         <value>0x11807eb4</value>
         <object_component_ref idref="oc-1dc"/>
      </symbol>
      <symbol id="sm-c0c">
         <name>UARTModemControlSet</name>
         <value>0x118080f8</value>
         <object_component_ref idref="oc-1dc"/>
      </symbol>
      <symbol id="sm-c0d">
         <name>UARTConfigSetExpClk</name>
         <value>0x11807c60</value>
         <object_component_ref idref="oc-1dc"/>
      </symbol>
      <symbol id="sm-c0e">
         <name>UARTDisable</name>
         <value>0x11807e74</value>
         <object_component_ref idref="oc-1dc"/>
      </symbol>
      <symbol id="sm-c0f">
         <name>UARTIntEnable</name>
         <value>0x11808048</value>
         <object_component_ref idref="oc-1dc"/>
      </symbol>
      <symbol id="sm-c10">
         <name>UARTCharsAvail</name>
         <value>0x11807ef8</value>
         <object_component_ref idref="oc-1dc"/>
      </symbol>
      <symbol id="sm-c11">
         <name>UARTCharGetNonBlocking</name>
         <value>0x11807f88</value>
         <object_component_ref idref="oc-1dc"/>
      </symbol>
      <symbol id="sm-c12">
         <name>UARTModemStatusGet</name>
         <value>0x118081a4</value>
         <object_component_ref idref="oc-1dc"/>
      </symbol>
      <symbol id="sm-c13">
         <name>UARTIntDisable</name>
         <value>0x11808070</value>
         <object_component_ref idref="oc-1dc"/>
      </symbol>
      <symbol id="sm-c14">
         <name>UARTCharPut</name>
         <value>0x11807ff0</value>
         <object_component_ref idref="oc-1dc"/>
      </symbol>
      <symbol id="sm-c15">
         <name>UARTParityModeSet</name>
         <value>0x11807dec</value>
         <object_component_ref idref="oc-1dc"/>
      </symbol>
      <symbol id="sm-c16">
         <name>UARTRxErrorGet</name>
         <value>0x11807f28</value>
         <object_component_ref idref="oc-1dc"/>
      </symbol>
      <symbol id="sm-c17">
         <name>UARTConfigGetExpClk</name>
         <value>0x11807cf4</value>
         <object_component_ref idref="oc-1dc"/>
      </symbol>
      <symbol id="sm-c18">
         <name>UARTEnable</name>
         <value>0x11807e58</value>
         <object_component_ref idref="oc-1dc"/>
      </symbol>
      <symbol id="sm-c19">
         <name>UARTModemControlGet</name>
         <value>0x11808184</value>
         <object_component_ref idref="oc-1dc"/>
      </symbol>
      <symbol id="sm-c1a">
         <name>UARTFIFOEnable</name>
         <value>0x11807ea0</value>
         <object_component_ref idref="oc-1dc"/>
      </symbol>
      <symbol id="sm-c1b">
         <name>UARTIntStatus</name>
         <value>0x11808098</value>
         <object_component_ref idref="oc-1dc"/>
      </symbol>
      <symbol id="sm-c1c">
         <name>UARTDMADisable</name>
         <value>0x11807dcc</value>
         <object_component_ref idref="oc-1dc"/>
      </symbol>
      <symbol id="sm-c1d">
         <name>UARTSpaceAvail</name>
         <value>0x11807ecc</value>
         <object_component_ref idref="oc-1dc"/>
      </symbol>
      <symbol id="sm-c1e">
         <name>UARTCharGet</name>
         <value>0x11807fb4</value>
         <object_component_ref idref="oc-1dc"/>
      </symbol>
      <symbol id="sm-c1f">
         <name>UARTFIFOLevelSet</name>
         <value>0x11807d88</value>
         <object_component_ref idref="oc-1dc"/>
      </symbol>
      <symbol id="sm-c20">
         <name>UARTModemControlClear</name>
         <value>0x11808150</value>
         <object_component_ref idref="oc-1dc"/>
      </symbol>
      <symbol id="sm-c21">
         <name>UARTParityModeGet</name>
         <value>0x11807e34</value>
         <object_component_ref idref="oc-1dc"/>
      </symbol>
      <symbol id="sm-c22">
         <name>UARTBreakCtl</name>
         <value>0x118080c4</value>
         <object_component_ref idref="oc-1dc"/>
      </symbol>
      <symbol id="sm-c23">
         <name>__TI_STATIC_BASE</name>
         <value>0x118116bc</value>
      </symbol>
      <symbol id="sm-c25">
         <name>__TI_INITARRAY_Limit</name>
         <value>0x0</value>
      </symbol>
      <symbol id="sm-c26">
         <name>__TI_INITARRAY_Base</name>
         <value>0x0</value>
      </symbol>
      <symbol id="sm-c27">
         <name>__TI_TLS_INIT_Base</name>
         <value>0x0</value>
      </symbol>
      <symbol id="sm-c28">
         <name>__TI_TLS_INIT_Limit</name>
         <value>0x0</value>
      </symbol>
      <symbol id="sm-c29">
         <name>remove</name>
         <value>0x1180d760</value>
      </symbol>
   </symbol_table>
   <title>Link successful</title>
</link_info>
