<?xml version="1.0"?>
<link_info>
   <banner>TMS320C6x Linker Unix v8.2.2</banner>
   <copyright>Copyright (c) 1996-2017 Texas Instruments Incorporated</copyright>
   <link_time>0x5a5cb72e</link_time>
   <link_errors>0x0</link_errors>
   <output_file>OMAPL138_AD8568_SINGLE_CORE_DSP.out</output_file>
   <entry_point>
      <name>_c_int00</name>
      <address>0x11806660</address>
   </entry_point>
   <input_file_list>
      <input_file id="fl-2">
         <path>./src/</path>
         <kind>object</kind>
         <file>EMIFAPinmuxSetup.obj</file>
         <name>EMIFAPinmuxSetup.obj</name>
      </input_file>
      <input_file id="fl-3">
         <path>./src/</path>
         <kind>object</kind>
         <file>main.obj</file>
         <name>main.obj</name>
      </input_file>
      <input_file id="fl-c">
         <kind>object</kind>
         <file>&lt;internal&gt;</file>
         <name>&lt;internal&gt;</name>
      </input_file>
      <input_file id="fl-d">
         <path>../startware/Library/StarterWare/Drivers/Debug/</path>
         <kind>archive</kind>
         <file>drivers.lib</file>
         <name>timer.obj</name>
      </input_file>
      <input_file id="fl-e">
         <path>../startware/Library/StarterWare/Drivers/Debug/</path>
         <kind>archive</kind>
         <file>drivers.lib</file>
         <name>psc.obj</name>
      </input_file>
      <input_file id="fl-f">
         <path>../startware/Library/StarterWare/Drivers/Debug/</path>
         <kind>archive</kind>
         <file>drivers.lib</file>
         <name>gpio.obj</name>
      </input_file>
      <input_file id="fl-10">
         <path>../startware/Library/StarterWare/Drivers/Debug/</path>
         <kind>archive</kind>
         <file>drivers.lib</file>
         <name>emifa.obj</name>
      </input_file>
      <input_file id="fl-11">
         <path>../startware/Library/StarterWare/Utils/Debug/</path>
         <kind>archive</kind>
         <file>utils.lib</file>
         <name>uartStdio.obj</name>
      </input_file>
      <input_file id="fl-12">
         <path>../startware/Library/StarterWare/SystemConfig/Debug/</path>
         <kind>archive</kind>
         <file>system_config.lib</file>
         <name>interrupt.obj</name>
      </input_file>
      <input_file id="fl-13">
         <path>../startware/Library/StarterWare/SystemConfig/Debug/</path>
         <kind>archive</kind>
         <file>system_config.lib</file>
         <name>cache.obj</name>
      </input_file>
      <input_file id="fl-14">
         <path>../startware/Library/StarterWare/SystemConfig/Debug/</path>
         <kind>archive</kind>
         <file>system_config.lib</file>
         <name>intvecs.obj</name>
      </input_file>
      <input_file id="fl-2e">
         <path>/opt/ti/ccsv7/tools/compiler/ti-cgt-c6000_8.2.2/lib/</path>
         <kind>archive</kind>
         <file>rts6740_elf.lib</file>
         <name>boot.obj</name>
      </input_file>
      <input_file id="fl-2f">
         <path>/opt/ti/ccsv7/tools/compiler/ti-cgt-c6000_8.2.2/lib/</path>
         <kind>archive</kind>
         <file>rts6740_elf.lib</file>
         <name>copy_decompress_none.obj</name>
      </input_file>
      <input_file id="fl-30">
         <path>/opt/ti/ccsv7/tools/compiler/ti-cgt-c6000_8.2.2/lib/</path>
         <kind>archive</kind>
         <file>rts6740_elf.lib</file>
         <name>copy_decompress_rle.obj</name>
      </input_file>
      <input_file id="fl-31">
         <path>/opt/ti/ccsv7/tools/compiler/ti-cgt-c6000_8.2.2/lib/</path>
         <kind>archive</kind>
         <file>rts6740_elf.lib</file>
         <name>copy_zero_init.obj</name>
      </input_file>
      <input_file id="fl-32">
         <path>/opt/ti/ccsv7/tools/compiler/ti-cgt-c6000_8.2.2/lib/</path>
         <kind>archive</kind>
         <file>rts6740_elf.lib</file>
         <name>divu.obj</name>
      </input_file>
      <input_file id="fl-33">
         <path>/opt/ti/ccsv7/tools/compiler/ti-cgt-c6000_8.2.2/lib/</path>
         <kind>archive</kind>
         <file>rts6740_elf.lib</file>
         <name>exit.obj</name>
      </input_file>
      <input_file id="fl-34">
         <path>/opt/ti/ccsv7/tools/compiler/ti-cgt-c6000_8.2.2/lib/</path>
         <kind>archive</kind>
         <file>rts6740_elf.lib</file>
         <name>memcpy64.obj</name>
      </input_file>
      <input_file id="fl-35">
         <path>/opt/ti/ccsv7/tools/compiler/ti-cgt-c6000_8.2.2/lib/</path>
         <kind>archive</kind>
         <file>rts6740_elf.lib</file>
         <name>memset.obj</name>
      </input_file>
      <input_file id="fl-36">
         <path>/opt/ti/ccsv7/tools/compiler/ti-cgt-c6000_8.2.2/lib/</path>
         <kind>archive</kind>
         <file>rts6740_elf.lib</file>
         <name>pre_init.obj</name>
      </input_file>
      <input_file id="fl-37">
         <path>/opt/ti/ccsv7/tools/compiler/ti-cgt-c6000_8.2.2/lib/</path>
         <kind>archive</kind>
         <file>rts6740_elf.lib</file>
         <name>remu.obj</name>
      </input_file>
      <input_file id="fl-38">
         <path>/opt/ti/ccsv7/tools/compiler/ti-cgt-c6000_8.2.2/lib/</path>
         <kind>archive</kind>
         <file>rts6740_elf.lib</file>
         <name>args_main.obj</name>
      </input_file>
      <input_file id="fl-39">
         <path>/opt/ti/ccsv7/tools/compiler/ti-cgt-c6000_8.2.2/lib/</path>
         <kind>archive</kind>
         <file>rts6740_elf.lib</file>
         <name>autoinit.obj</name>
      </input_file>
      <input_file id="fl-3a">
         <path>/opt/ti/ccsv7/tools/compiler/ti-cgt-c6000_8.2.2/lib/</path>
         <kind>archive</kind>
         <file>rts6740_elf.lib</file>
         <name>cpy_tbl.obj</name>
      </input_file>
      <input_file id="fl-3b">
         <path>/opt/ti/ccsv7/tools/compiler/ti-cgt-c6000_8.2.2/lib/</path>
         <kind>archive</kind>
         <file>rts6740_elf.lib</file>
         <name>startup.obj</name>
      </input_file>
      <input_file id="fl-3c">
         <path>/opt/ti/ccsv7/tools/compiler/ti-cgt-c6000_8.2.2/lib/</path>
         <kind>archive</kind>
         <file>rts6740_elf.lib</file>
         <name>tls.obj</name>
      </input_file>
      <input_file id="fl-3d">
         <path>/opt/ti/ccsv7/tools/compiler/ti-cgt-c6000_8.2.2/lib/</path>
         <kind>archive</kind>
         <file>rts6740_elf.lib</file>
         <name>tls_get_tp.obj</name>
      </input_file>
      <input_file id="fl-3e">
         <path>../startware/Library/Platform/Debug/</path>
         <kind>archive</kind>
         <file>Platform.lib</file>
         <name>UARTConsole.obj</name>
      </input_file>
      <input_file id="fl-3f">
         <path>../startware/Library/Platform/Debug/</path>
         <kind>archive</kind>
         <file>Platform.lib</file>
         <name>UART.obj</name>
      </input_file>
      <input_file id="fl-40">
         <path>../startware/Library/StarterWare/Drivers/Debug/</path>
         <kind>archive</kind>
         <file>drivers.lib</file>
         <name>uart.obj</name>
      </input_file>
   </input_file_list>
   <object_component_list>
      <object_component id="oc-38">
         <name>.text:retain</name>
         <load_address>0x11800000</load_address>
         <run_address>0x11800000</run_address>
         <size>0x1aa0</size>
         <input_file_ref idref="fl-12"/>
      </object_component>
      <object_component id="oc-104">
         <name>.text</name>
         <load_address>0x11801aa0</load_address>
         <run_address>0x11801aa0</run_address>
         <size>0xfc0</size>
         <input_file_ref idref="fl-10"/>
      </object_component>
      <object_component id="oc-db">
         <name>.text</name>
         <load_address>0x11802a60</load_address>
         <run_address>0x11802a60</run_address>
         <size>0xb60</size>
         <input_file_ref idref="fl-11"/>
      </object_component>
      <object_component id="oc-e6">
         <name>.text</name>
         <load_address>0x118035c0</load_address>
         <run_address>0x118035c0</run_address>
         <size>0x820</size>
         <input_file_ref idref="fl-d"/>
      </object_component>
      <object_component id="oc-ec">
         <name>.text</name>
         <load_address>0x11803de0</load_address>
         <run_address>0x11803de0</run_address>
         <size>0x5e0</size>
         <input_file_ref idref="fl-12"/>
      </object_component>
      <object_component id="oc-f2">
         <name>.text</name>
         <load_address>0x118043c0</load_address>
         <run_address>0x118043c0</run_address>
         <size>0x580</size>
         <input_file_ref idref="fl-f"/>
      </object_component>
      <object_component id="oc-1bb">
         <name>.text</name>
         <load_address>0x11804940</load_address>
         <run_address>0x11804940</run_address>
         <size>0x580</size>
         <input_file_ref idref="fl-40"/>
      </object_component>
      <object_component id="oc-a2">
         <name>.text</name>
         <load_address>0x11804ec0</load_address>
         <run_address>0x11804ec0</run_address>
         <size>0x4e0</size>
         <input_file_ref idref="fl-3"/>
      </object_component>
      <object_component id="oc-d5">
         <name>.text</name>
         <load_address>0x118053a0</load_address>
         <run_address>0x118053a0</run_address>
         <size>0x420</size>
         <input_file_ref idref="fl-13"/>
      </object_component>
      <object_component id="oc-65">
         <name>.text:_args_main</name>
         <load_address>0x118057c0</load_address>
         <run_address>0x118057c0</run_address>
         <size>0x40</size>
         <input_file_ref idref="fl-38"/>
      </object_component>
      <object_component id="oc-2e">
         <name>.text</name>
         <load_address>0x11805800</load_address>
         <run_address>0x11805800</run_address>
         <size>0x200</size>
         <input_file_ref idref="fl-14"/>
      </object_component>
      <object_component id="oc-1c1">
         <name>.text</name>
         <load_address>0x11805a00</load_address>
         <run_address>0x11805a00</run_address>
         <size>0x180</size>
         <input_file_ref idref="fl-3f"/>
      </object_component>
      <object_component id="oc-77">
         <name>.text:_auto_init_elf</name>
         <load_address>0x11805b80</load_address>
         <run_address>0x11805b80</run_address>
         <size>0x160</size>
         <input_file_ref idref="fl-39"/>
      </object_component>
      <object_component id="oc-f8">
         <name>.text</name>
         <load_address>0x11805ce0</load_address>
         <run_address>0x11805ce0</run_address>
         <size>0x140</size>
         <input_file_ref idref="fl-e"/>
      </object_component>
      <object_component id="oc-4d">
         <name>.text:__TI_decompress_rle_core</name>
         <load_address>0x11805e20</load_address>
         <run_address>0x11805e20</run_address>
         <size>0x100</size>
         <input_file_ref idref="fl-30"/>
      </object_component>
      <object_component id="oc-b6">
         <name>.text:copy_in</name>
         <load_address>0x11805f20</load_address>
         <run_address>0x11805f20</run_address>
         <size>0x100</size>
         <input_file_ref idref="fl-3a"/>
      </object_component>
      <object_component id="oc-fe">
         <name>.text</name>
         <load_address>0x11806020</load_address>
         <run_address>0x11806020</run_address>
         <size>0xe0</size>
         <input_file_ref idref="fl-2"/>
      </object_component>
      <object_component id="oc-155">
         <name>.text</name>
         <load_address>0x11806100</load_address>
         <run_address>0x11806100</run_address>
         <size>0xe0</size>
         <input_file_ref idref="fl-3e"/>
      </object_component>
      <object_component id="oc-6b">
         <name>.text:exit</name>
         <load_address>0x118061e0</load_address>
         <run_address>0x118061e0</run_address>
         <size>0xe0</size>
         <input_file_ref idref="fl-33"/>
      </object_component>
      <object_component id="oc-59">
         <name>.text:memset</name>
         <load_address>0x118062c0</load_address>
         <run_address>0x118062c0</run_address>
         <size>0xe0</size>
         <input_file_ref idref="fl-35"/>
      </object_component>
      <object_component id="oc-e1">
         <name>.text:__divu</name>
         <load_address>0x118063a0</load_address>
         <run_address>0x118063a0</run_address>
         <size>0xc0</size>
         <input_file_ref idref="fl-32"/>
      </object_component>
      <object_component id="oc-c2">
         <name>.text:tls:init:__TI_tls_init</name>
         <load_address>0x11806460</load_address>
         <run_address>0x11806460</run_address>
         <size>0xc0</size>
         <input_file_ref idref="fl-3c"/>
      </object_component>
      <object_component id="oc-15b">
         <name>.text:__remu</name>
         <load_address>0x11806520</load_address>
         <run_address>0x11806520</run_address>
         <size>0xa0</size>
         <input_file_ref idref="fl-37"/>
      </object_component>
      <object_component id="oc-41">
         <name>.text:memcpy</name>
         <load_address>0x118065c0</load_address>
         <run_address>0x118065c0</run_address>
         <size>0xa0</size>
         <input_file_ref idref="fl-34"/>
      </object_component>
      <object_component id="oc-2d">
         <name>.text:_c_int00</name>
         <load_address>0x11806660</load_address>
         <run_address>0x11806660</run_address>
         <size>0x80</size>
         <input_file_ref idref="fl-2e"/>
      </object_component>
      <object_component id="oc-bc">
         <name>.text:_system_post_cinit</name>
         <load_address>0x118066e0</load_address>
         <run_address>0x118066e0</run_address>
         <size>0x20</size>
         <input_file_ref idref="fl-3b"/>
      </object_component>
      <object_component id="oc-71">
         <name>.text:_system_pre_init</name>
         <load_address>0x11806700</load_address>
         <run_address>0x11806700</run_address>
         <size>0x20</size>
         <input_file_ref idref="fl-36"/>
      </object_component>
      <object_component id="oc-ad">
         <name>.text:abort</name>
         <load_address>0x11806720</load_address>
         <run_address>0x11806720</run_address>
         <size>0x20</size>
         <input_file_ref idref="fl-33"/>
      </object_component>
      <object_component id="oc-1b">
         <name>.text:decompress:none:__TI_decompress_none</name>
         <load_address>0x11806740</load_address>
         <run_address>0x11806740</run_address>
         <size>0x20</size>
         <input_file_ref idref="fl-2f"/>
      </object_component>
      <object_component id="oc-21">
         <name>.text:decompress:rle24:__TI_decompress_rle24</name>
         <load_address>0x11806760</load_address>
         <run_address>0x11806760</run_address>
         <size>0x20</size>
         <input_file_ref idref="fl-30"/>
      </object_component>
      <object_component id="oc-3e">
         <name>.stack</name>
         <uninitialized>true</uninitialized>
         <run_address>0x11808980</run_address>
         <size>0x8</size>
         <input_file_ref idref="fl-2e"/>
      </object_component>
      <object_component id="oc-214">
         <name>.stack</name>
         <uninitialized>true</uninitialized>
         <run_address>0x11808980</run_address>
         <size>0x0</size>
      </object_component>
      <object_component id="oc-10a">
         <name>.const:.string</name>
         <load_address>0x118092b4</load_address>
         <run_address>0x118092b4</run_address>
         <size>0x24</size>
         <input_file_ref idref="fl-3"/>
      </object_component>
      <object_component id="oc-160">
         <name>.const:.string</name>
         <load_address>0x118092d8</load_address>
         <run_address>0x118092d8</run_address>
         <size>0x1c</size>
         <input_file_ref idref="fl-11"/>
      </object_component>
      <object_component id="oc-18a">
         <name>.switch:EMIFANANDEccValGet</name>
         <load_address>0x11809180</load_address>
         <run_address>0x11809180</run_address>
         <size>0x30</size>
         <input_file_ref idref="fl-10"/>
      </object_component>
      <object_component id="oc-164">
         <name>.switch:UARTprintf</name>
         <load_address>0x118091b0</load_address>
         <run_address>0x118091b0</run_address>
         <size>0x24</size>
         <input_file_ref idref="fl-11"/>
      </object_component>
      <object_component id="oc-184">
         <name>.switch:EMIFAAsyncDevDataBusWidthSelect</name>
         <load_address>0x118091d4</load_address>
         <run_address>0x118091d4</run_address>
         <size>0x10</size>
         <input_file_ref idref="fl-10"/>
      </object_component>
      <object_component id="oc-185">
         <name>.switch:EMIFAAsyncDevOpModeSelect</name>
         <load_address>0x118091e4</load_address>
         <run_address>0x118091e4</run_address>
         <size>0x10</size>
         <input_file_ref idref="fl-10"/>
      </object_component>
      <object_component id="oc-183">
         <name>.switch:EMIFACSWaitPinSelect</name>
         <load_address>0x118091f4</load_address>
         <run_address>0x118091f4</run_address>
         <size>0x10</size>
         <input_file_ref idref="fl-10"/>
      </object_component>
      <object_component id="oc-186">
         <name>.switch:EMIFAExtendedWaitConfig</name>
         <load_address>0x11809204</load_address>
         <run_address>0x11809204</run_address>
         <size>0x10</size>
         <input_file_ref idref="fl-10"/>
      </object_component>
      <object_component id="oc-182">
         <name>.switch:EMIFANAND4BitECCSelect</name>
         <load_address>0x11809214</load_address>
         <run_address>0x11809214</run_address>
         <size>0x10</size>
         <input_file_ref idref="fl-10"/>
      </object_component>
      <object_component id="oc-18b">
         <name>.switch:EMIFANAND4BitEccErrAddrGet</name>
         <load_address>0x11809224</load_address>
         <run_address>0x11809224</run_address>
         <size>0x10</size>
         <input_file_ref idref="fl-10"/>
      </object_component>
      <object_component id="oc-18c">
         <name>.switch:EMIFANAND4BitEccErrValGet</name>
         <load_address>0x11809234</load_address>
         <run_address>0x11809234</run_address>
         <size>0x10</size>
         <input_file_ref idref="fl-10"/>
      </object_component>
      <object_component id="oc-180">
         <name>.switch:EMIFANANDCSSet</name>
         <load_address>0x11809244</load_address>
         <run_address>0x11809244</run_address>
         <size>0x10</size>
         <input_file_ref idref="fl-10"/>
      </object_component>
      <object_component id="oc-181">
         <name>.switch:EMIFANANDECCStart</name>
         <load_address>0x11809254</load_address>
         <run_address>0x11809254</run_address>
         <size>0x10</size>
         <input_file_ref idref="fl-10"/>
      </object_component>
      <object_component id="oc-189">
         <name>.switch:EMIFANORPageAccessDelaySet</name>
         <load_address>0x11809264</load_address>
         <run_address>0x11809264</run_address>
         <size>0x10</size>
         <input_file_ref idref="fl-10"/>
      </object_component>
      <object_component id="oc-187">
         <name>.switch:EMIFANORPageModeConfig</name>
         <load_address>0x11809274</load_address>
         <run_address>0x11809274</run_address>
         <size>0x10</size>
         <input_file_ref idref="fl-10"/>
      </object_component>
      <object_component id="oc-188">
         <name>.switch:EMIFANORPageSizeSet</name>
         <load_address>0x11809284</load_address>
         <run_address>0x11809284</run_address>
         <size>0x10</size>
         <input_file_ref idref="fl-10"/>
      </object_component>
      <object_component id="oc-18d">
         <name>.switch:EMIFAWaitTimingConfig</name>
         <load_address>0x11809294</load_address>
         <run_address>0x11809294</run_address>
         <size>0x10</size>
         <input_file_ref idref="fl-10"/>
      </object_component>
      <object_component id="oc-17a">
         <name>.switch:GPIOIntTypeSet</name>
         <load_address>0x118092a4</load_address>
         <run_address>0x118092a4</run_address>
         <size>0x10</size>
         <input_file_ref idref="fl-f"/>
      </object_component>
      <object_component id="oc-210">
         <name>.cinit..fardata.load</name>
         <load_address>0x11809308</load_address>
         <run_address>0x11809308</run_address>
         <size>0xf</size>
      </object_component>
      <object_component id="oc-213">
         <name>.cinit..far.load</name>
         <load_address>0x11809317</load_address>
         <run_address>0x11809317</run_address>
         <size>0xb</size>
      </object_component>
      <object_component id="oc-212">
         <name>.cinit..rodata.load</name>
         <load_address>0x11809322</load_address>
         <run_address>0x11809322</run_address>
         <size>0xa</size>
      </object_component>
      <object_component id="oc-211">
         <name>.cinit..neardata.load</name>
         <load_address>0x1180932c</load_address>
         <run_address>0x1180932c</run_address>
         <size>0x9</size>
      </object_component>
      <object_component id="oc-20e">
         <name>__TI_handler_table</name>
         <load_address>0x11809338</load_address>
         <run_address>0x11809338</run_address>
         <size>0x8</size>
      </object_component>
      <object_component id="oc-20f">
         <name>__TI_cinit_table</name>
         <load_address>0x11809340</load_address>
         <run_address>0x11809340</run_address>
         <size>0x20</size>
      </object_component>
      <object_component id="oc-111">
         <name>.fardata:a0_channel_data</name>
         <load_address>0x11807970</load_address>
         <run_address>0x11807970</run_address>
         <size>0x200</size>
         <input_file_ref idref="fl-3"/>
      </object_component>
      <object_component id="oc-114">
         <name>.fardata:a1_channel_data</name>
         <load_address>0x11807b70</load_address>
         <run_address>0x11807b70</run_address>
         <size>0x200</size>
         <input_file_ref idref="fl-3"/>
      </object_component>
      <object_component id="oc-117">
         <name>.fardata:a2_channel_data</name>
         <load_address>0x11807d70</load_address>
         <run_address>0x11807d70</run_address>
         <size>0x200</size>
         <input_file_ref idref="fl-3"/>
      </object_component>
      <object_component id="oc-11a">
         <name>.fardata:a3_channel_data</name>
         <load_address>0x11807f70</load_address>
         <run_address>0x11807f70</run_address>
         <size>0x200</size>
         <input_file_ref idref="fl-3"/>
      </object_component>
      <object_component id="oc-11d">
         <name>.fardata:a4_channel_data</name>
         <load_address>0x11808170</load_address>
         <run_address>0x11808170</run_address>
         <size>0x200</size>
         <input_file_ref idref="fl-3"/>
      </object_component>
      <object_component id="oc-120">
         <name>.fardata:a5_channel_data</name>
         <load_address>0x11808370</load_address>
         <run_address>0x11808370</run_address>
         <size>0x200</size>
         <input_file_ref idref="fl-3"/>
      </object_component>
      <object_component id="oc-123">
         <name>.fardata:a6_channel_data</name>
         <load_address>0x11808570</load_address>
         <run_address>0x11808570</run_address>
         <size>0x200</size>
         <input_file_ref idref="fl-3"/>
      </object_component>
      <object_component id="oc-126">
         <name>.fardata:a7_channel_data</name>
         <load_address>0x11808770</load_address>
         <run_address>0x11808770</run_address>
         <size>0x200</size>
         <input_file_ref idref="fl-3"/>
      </object_component>
      <object_component id="oc-aa">
         <name>.fardata</name>
         <load_address>0x11808970</load_address>
         <run_address>0x11808970</run_address>
         <size>0xc</size>
         <input_file_ref idref="fl-33"/>
      </object_component>
      <object_component id="oc-10b">
         <name>.neardata</name>
         <load_address>0x118092f4</load_address>
         <run_address>0x118092f4</run_address>
         <size>0x10</size>
         <input_file_ref idref="fl-3"/>
      </object_component>
      <object_component id="oc-161">
         <name>.rodata</name>
         <load_address>0x11809304</load_address>
         <run_address>0x11809304</run_address>
         <size>0x4</size>
         <input_file_ref idref="fl-11"/>
      </object_component>
      <object_component id="oc-7f">
         <name>.far</name>
         <uninitialized>true</uninitialized>
         <run_address>0x11807720</run_address>
         <size>0x240</size>
         <input_file_ref idref="fl-12"/>
      </object_component>
      <object_component id="oc-10e">
         <name>.common:emif_rbuffer</name>
         <uninitialized>true</uninitialized>
         <run_address>0x11807960</run_address>
         <size>0x10</size>
      </object_component>
      <object_component id="oc-129">
         <name>.common:save_buffer</name>
         <uninitialized>true</uninitialized>
         <run_address>0x11806780</run_address>
         <size>0xfa0</size>
      </object_component>
      <object_component id="oc-17f">
         <name>.debug_info</name>
         <load_address>0x0</load_address>
         <run_address>0x0</run_address>
         <size>0x53b</size>
         <input_file_ref idref="fl-2"/>
      </object_component>
      <object_component id="oc-ff">
         <name>.debug_info</name>
         <load_address>0x53b</load_address>
         <run_address>0x53b</run_address>
         <size>0x161</size>
         <input_file_ref idref="fl-2"/>
      </object_component>
      <object_component id="oc-8e">
         <name>.debug_info</name>
         <load_address>0x69c</load_address>
         <run_address>0x69c</run_address>
         <size>0xb2</size>
         <input_file_ref idref="fl-2"/>
      </object_component>
      <object_component id="oc-10f">
         <name>.debug_info</name>
         <load_address>0x74e</load_address>
         <run_address>0x74e</run_address>
         <size>0xa82</size>
         <input_file_ref idref="fl-3"/>
      </object_component>
      <object_component id="oc-10c">
         <name>.debug_info</name>
         <load_address>0x11d0</load_address>
         <run_address>0x11d0</run_address>
         <size>0x166</size>
         <input_file_ref idref="fl-3"/>
      </object_component>
      <object_component id="oc-112">
         <name>.debug_info</name>
         <load_address>0x1336</load_address>
         <run_address>0x1336</run_address>
         <size>0xeb</size>
         <input_file_ref idref="fl-3"/>
      </object_component>
      <object_component id="oc-115">
         <name>.debug_info</name>
         <load_address>0x1421</load_address>
         <run_address>0x1421</run_address>
         <size>0xeb</size>
         <input_file_ref idref="fl-3"/>
      </object_component>
      <object_component id="oc-118">
         <name>.debug_info</name>
         <load_address>0x150c</load_address>
         <run_address>0x150c</run_address>
         <size>0xeb</size>
         <input_file_ref idref="fl-3"/>
      </object_component>
      <object_component id="oc-11b">
         <name>.debug_info</name>
         <load_address>0x15f7</load_address>
         <run_address>0x15f7</run_address>
         <size>0xeb</size>
         <input_file_ref idref="fl-3"/>
      </object_component>
      <object_component id="oc-11e">
         <name>.debug_info</name>
         <load_address>0x16e2</load_address>
         <run_address>0x16e2</run_address>
         <size>0xeb</size>
         <input_file_ref idref="fl-3"/>
      </object_component>
      <object_component id="oc-121">
         <name>.debug_info</name>
         <load_address>0x17cd</load_address>
         <run_address>0x17cd</run_address>
         <size>0xeb</size>
         <input_file_ref idref="fl-3"/>
      </object_component>
      <object_component id="oc-124">
         <name>.debug_info</name>
         <load_address>0x18b8</load_address>
         <run_address>0x18b8</run_address>
         <size>0xeb</size>
         <input_file_ref idref="fl-3"/>
      </object_component>
      <object_component id="oc-127">
         <name>.debug_info</name>
         <load_address>0x19a3</load_address>
         <run_address>0x19a3</run_address>
         <size>0xeb</size>
         <input_file_ref idref="fl-3"/>
      </object_component>
      <object_component id="oc-a3">
         <name>.debug_info</name>
         <load_address>0x1a8e</load_address>
         <run_address>0x1a8e</run_address>
         <size>0x9b1</size>
         <input_file_ref idref="fl-3"/>
      </object_component>
      <object_component id="oc-178">
         <name>.debug_info</name>
         <load_address>0x243f</load_address>
         <run_address>0x243f</run_address>
         <size>0xcb</size>
         <input_file_ref idref="fl-d"/>
      </object_component>
      <object_component id="oc-e7">
         <name>.debug_info</name>
         <load_address>0x250a</load_address>
         <run_address>0x250a</run_address>
         <size>0x1abd</size>
         <input_file_ref idref="fl-d"/>
      </object_component>
      <object_component id="oc-173">
         <name>.debug_info</name>
         <load_address>0x3fc7</load_address>
         <run_address>0x3fc7</run_address>
         <size>0x8d</size>
         <input_file_ref idref="fl-d"/>
      </object_component>
      <object_component id="oc-17d">
         <name>.debug_info</name>
         <load_address>0x4054</load_address>
         <run_address>0x4054</run_address>
         <size>0xc9</size>
         <input_file_ref idref="fl-e"/>
      </object_component>
      <object_component id="oc-f9">
         <name>.debug_info</name>
         <load_address>0x411d</load_address>
         <run_address>0x411d</run_address>
         <size>0x34d</size>
         <input_file_ref idref="fl-e"/>
      </object_component>
      <object_component id="oc-f3">
         <name>.debug_info</name>
         <load_address>0x446a</load_address>
         <run_address>0x446a</run_address>
         <size>0xbea</size>
         <input_file_ref idref="fl-f"/>
      </object_component>
      <object_component id="oc-105">
         <name>.debug_info</name>
         <load_address>0x5054</load_address>
         <run_address>0x5054</run_address>
         <size>0x1d9a</size>
         <input_file_ref idref="fl-10"/>
      </object_component>
      <object_component id="oc-16b">
         <name>.debug_info</name>
         <load_address>0x6dee</load_address>
         <run_address>0x6dee</run_address>
         <size>0x1f9</size>
         <input_file_ref idref="fl-11"/>
      </object_component>
      <object_component id="oc-162">
         <name>.debug_info</name>
         <load_address>0x6fe7</load_address>
         <run_address>0x6fe7</run_address>
         <size>0x127</size>
         <input_file_ref idref="fl-11"/>
      </object_component>
      <object_component id="oc-dc">
         <name>.debug_info</name>
         <load_address>0x710e</load_address>
         <run_address>0x710e</run_address>
         <size>0x1f42</size>
         <input_file_ref idref="fl-11"/>
      </object_component>
      <object_component id="oc-166">
         <name>.debug_info</name>
         <load_address>0x9050</load_address>
         <run_address>0x9050</run_address>
         <size>0x94</size>
         <input_file_ref idref="fl-11"/>
      </object_component>
      <object_component id="oc-16c">
         <name>.debug_info</name>
         <load_address>0x90e4</load_address>
         <run_address>0x90e4</run_address>
         <size>0x2c</size>
         <input_file_ref idref="fl-11"/>
      </object_component>
      <object_component id="oc-cc">
         <name>.debug_info</name>
         <load_address>0x9110</load_address>
         <run_address>0x9110</run_address>
         <size>0x228</size>
         <input_file_ref idref="fl-12"/>
      </object_component>
      <object_component id="oc-80">
         <name>.debug_info</name>
         <load_address>0x9338</load_address>
         <run_address>0x9338</run_address>
         <size>0x171</size>
         <input_file_ref idref="fl-12"/>
      </object_component>
      <object_component id="oc-ed">
         <name>.debug_info</name>
         <load_address>0x94a9</load_address>
         <run_address>0x94a9</run_address>
         <size>0x244f</size>
         <input_file_ref idref="fl-12"/>
      </object_component>
      <object_component id="oc-39">
         <name>.debug_info</name>
         <load_address>0xb8f8</load_address>
         <run_address>0xb8f8</run_address>
         <size>0x102d</size>
         <input_file_ref idref="fl-12"/>
      </object_component>
      <object_component id="oc-14a">
         <name>.debug_info</name>
         <load_address>0xc925</load_address>
         <run_address>0xc925</run_address>
         <size>0x8d</size>
         <input_file_ref idref="fl-12"/>
      </object_component>
      <object_component id="oc-14f">
         <name>.debug_info</name>
         <load_address>0xc9b2</load_address>
         <run_address>0xc9b2</run_address>
         <size>0x2c</size>
         <input_file_ref idref="fl-12"/>
      </object_component>
      <object_component id="oc-d6">
         <name>.debug_info</name>
         <load_address>0xc9de</load_address>
         <run_address>0xc9de</run_address>
         <size>0x14b2</size>
         <input_file_ref idref="fl-13"/>
      </object_component>
      <object_component id="oc-31">
         <name>.debug_info</name>
         <load_address>0xde90</load_address>
         <run_address>0xde90</run_address>
         <size>0x197</size>
         <input_file_ref idref="fl-14"/>
      </object_component>
      <object_component id="oc-85">
         <name>.debug_info</name>
         <load_address>0xe027</load_address>
         <run_address>0xe027</run_address>
         <size>0x5d6</size>
         <input_file_ref idref="fl-2e"/>
      </object_component>
      <object_component id="oc-3f">
         <name>.debug_info</name>
         <load_address>0xe5fd</load_address>
         <run_address>0xe5fd</run_address>
         <size>0xed</size>
         <input_file_ref idref="fl-2e"/>
      </object_component>
      <object_component id="oc-33">
         <name>.debug_info</name>
         <load_address>0xe6ea</load_address>
         <run_address>0xe6ea</run_address>
         <size>0x17a</size>
         <input_file_ref idref="fl-2e"/>
      </object_component>
      <object_component id="oc-4c">
         <name>.debug_info</name>
         <load_address>0xe864</load_address>
         <run_address>0xe864</run_address>
         <size>0x5ab</size>
         <input_file_ref idref="fl-2f"/>
      </object_component>
      <object_component id="oc-1c">
         <name>.debug_info</name>
         <load_address>0xee0f</load_address>
         <run_address>0xee0f</run_address>
         <size>0x1c4</size>
         <input_file_ref idref="fl-2f"/>
      </object_component>
      <object_component id="oc-47">
         <name>.debug_info</name>
         <load_address>0xefd3</load_address>
         <run_address>0xefd3</run_address>
         <size>0x46</size>
         <input_file_ref idref="fl-2f"/>
      </object_component>
      <object_component id="oc-87">
         <name>.debug_info</name>
         <load_address>0xf019</load_address>
         <run_address>0xf019</run_address>
         <size>0x2c</size>
         <input_file_ref idref="fl-2f"/>
      </object_component>
      <object_component id="oc-94">
         <name>.debug_info</name>
         <load_address>0xf045</load_address>
         <run_address>0xf045</run_address>
         <size>0x595</size>
         <input_file_ref idref="fl-30"/>
      </object_component>
      <object_component id="oc-4e">
         <name>.debug_info</name>
         <load_address>0xf5da</load_address>
         <run_address>0xf5da</run_address>
         <size>0x24c</size>
         <input_file_ref idref="fl-30"/>
      </object_component>
      <object_component id="oc-22">
         <name>.debug_info</name>
         <load_address>0xf826</load_address>
         <run_address>0xf826</run_address>
         <size>0x1a9</size>
         <input_file_ref idref="fl-30"/>
      </object_component>
      <object_component id="oc-54">
         <name>.debug_info</name>
         <load_address>0xf9cf</load_address>
         <run_address>0xf9cf</run_address>
         <size>0x46</size>
         <input_file_ref idref="fl-30"/>
      </object_component>
      <object_component id="oc-9c">
         <name>.debug_info</name>
         <load_address>0xfa15</load_address>
         <run_address>0xfa15</run_address>
         <size>0x2c</size>
         <input_file_ref idref="fl-30"/>
      </object_component>
      <object_component id="oc-95">
         <name>.debug_info</name>
         <load_address>0xfa41</load_address>
         <run_address>0xfa41</run_address>
         <size>0x39</size>
         <input_file_ref idref="fl-30"/>
      </object_component>
      <object_component id="oc-e2">
         <name>.debug_info</name>
         <load_address>0xfa7a</load_address>
         <run_address>0xfa7a</run_address>
         <size>0x10c</size>
         <input_file_ref idref="fl-32"/>
      </object_component>
      <object_component id="oc-b4">
         <name>.debug_info</name>
         <load_address>0xfb86</load_address>
         <run_address>0xfb86</run_address>
         <size>0x5bf</size>
         <input_file_ref idref="fl-33"/>
      </object_component>
      <object_component id="oc-ab">
         <name>.debug_info</name>
         <load_address>0x10145</load_address>
         <run_address>0x10145</run_address>
         <size>0x17d</size>
         <input_file_ref idref="fl-33"/>
      </object_component>
      <object_component id="oc-ae">
         <name>.debug_info</name>
         <load_address>0x102c2</load_address>
         <run_address>0x102c2</run_address>
         <size>0x10f</size>
         <input_file_ref idref="fl-33"/>
      </object_component>
      <object_component id="oc-6c">
         <name>.debug_info</name>
         <load_address>0x103d1</load_address>
         <run_address>0x103d1</run_address>
         <size>0x16f</size>
         <input_file_ref idref="fl-33"/>
      </object_component>
      <object_component id="oc-42">
         <name>.debug_info</name>
         <load_address>0x10540</load_address>
         <run_address>0x10540</run_address>
         <size>0x119</size>
         <input_file_ref idref="fl-34"/>
      </object_component>
      <object_component id="oc-9b">
         <name>.debug_info</name>
         <load_address>0x10659</load_address>
         <run_address>0x10659</run_address>
         <size>0x674</size>
         <input_file_ref idref="fl-35"/>
      </object_component>
      <object_component id="oc-5a">
         <name>.debug_info</name>
         <load_address>0x10ccd</load_address>
         <run_address>0x10ccd</run_address>
         <size>0x21c</size>
         <input_file_ref idref="fl-35"/>
      </object_component>
      <object_component id="oc-72">
         <name>.debug_info</name>
         <load_address>0x10ee9</load_address>
         <run_address>0x10ee9</run_address>
         <size>0x140</size>
         <input_file_ref idref="fl-36"/>
      </object_component>
      <object_component id="oc-15c">
         <name>.debug_info</name>
         <load_address>0x11029</load_address>
         <run_address>0x11029</run_address>
         <size>0x10c</size>
         <input_file_ref idref="fl-37"/>
      </object_component>
      <object_component id="oc-a9">
         <name>.debug_info</name>
         <load_address>0x11135</load_address>
         <run_address>0x11135</run_address>
         <size>0x5cc</size>
         <input_file_ref idref="fl-38"/>
      </object_component>
      <object_component id="oc-66">
         <name>.debug_info</name>
         <load_address>0x11701</load_address>
         <run_address>0x11701</run_address>
         <size>0x15f</size>
         <input_file_ref idref="fl-38"/>
      </object_component>
      <object_component id="oc-12d">
         <name>.debug_info</name>
         <load_address>0x11860</load_address>
         <run_address>0x11860</run_address>
         <size>0x5e</size>
         <input_file_ref idref="fl-38"/>
      </object_component>
      <object_component id="oc-c9">
         <name>.debug_info</name>
         <load_address>0x118be</load_address>
         <run_address>0x118be</run_address>
         <size>0x79e</size>
         <input_file_ref idref="fl-39"/>
      </object_component>
      <object_component id="oc-78">
         <name>.debug_info</name>
         <load_address>0x1205c</load_address>
         <run_address>0x1205c</run_address>
         <size>0x1bc</size>
         <input_file_ref idref="fl-39"/>
      </object_component>
      <object_component id="oc-13e">
         <name>.debug_info</name>
         <load_address>0x12218</load_address>
         <run_address>0x12218</run_address>
         <size>0x39</size>
         <input_file_ref idref="fl-39"/>
      </object_component>
      <object_component id="oc-1b6">
         <name>.debug_info</name>
         <load_address>0x12251</load_address>
         <run_address>0x12251</run_address>
         <size>0x39</size>
         <input_file_ref idref="fl-39"/>
      </object_component>
      <object_component id="oc-143">
         <name>.debug_info</name>
         <load_address>0x1228a</load_address>
         <run_address>0x1228a</run_address>
         <size>0xcd</size>
         <input_file_ref idref="fl-39"/>
      </object_component>
      <object_component id="oc-138">
         <name>.debug_info</name>
         <load_address>0x12357</load_address>
         <run_address>0x12357</run_address>
         <size>0x650</size>
         <input_file_ref idref="fl-3a"/>
      </object_component>
      <object_component id="oc-b7">
         <name>.debug_info</name>
         <load_address>0x129a7</load_address>
         <run_address>0x129a7</run_address>
         <size>0x194</size>
         <input_file_ref idref="fl-3a"/>
      </object_component>
      <object_component id="oc-1a5">
         <name>.debug_info</name>
         <load_address>0x12b3b</load_address>
         <run_address>0x12b3b</run_address>
         <size>0x2c</size>
         <input_file_ref idref="fl-3a"/>
      </object_component>
      <object_component id="oc-bd">
         <name>.debug_info</name>
         <load_address>0x12b67</load_address>
         <run_address>0x12b67</run_address>
         <size>0x13d</size>
         <input_file_ref idref="fl-3b"/>
      </object_component>
      <object_component id="oc-13b">
         <name>.debug_info</name>
         <load_address>0x12ca4</load_address>
         <run_address>0x12ca4</run_address>
         <size>0x744</size>
         <input_file_ref idref="fl-3c"/>
      </object_component>
      <object_component id="oc-c3">
         <name>.debug_info</name>
         <load_address>0x133e8</load_address>
         <run_address>0x133e8</run_address>
         <size>0x207</size>
         <input_file_ref idref="fl-3c"/>
      </object_component>
      <object_component id="oc-1ac">
         <name>.debug_info</name>
         <load_address>0x135ef</load_address>
         <run_address>0x135ef</run_address>
         <size>0x2c</size>
         <input_file_ref idref="fl-3c"/>
      </object_component>
      <object_component id="oc-1b1">
         <name>.debug_info</name>
         <load_address>0x1361b</load_address>
         <run_address>0x1361b</run_address>
         <size>0x39</size>
         <input_file_ref idref="fl-3c"/>
      </object_component>
      <object_component id="oc-156">
         <name>.debug_info</name>
         <load_address>0x13654</load_address>
         <run_address>0x13654</run_address>
         <size>0x3a1</size>
         <input_file_ref idref="fl-3e"/>
      </object_component>
      <object_component id="oc-1c8">
         <name>.debug_info</name>
         <load_address>0x139f5</load_address>
         <run_address>0x139f5</run_address>
         <size>0x94</size>
         <input_file_ref idref="fl-3e"/>
      </object_component>
      <object_component id="oc-1c2">
         <name>.debug_info</name>
         <load_address>0x13a89</load_address>
         <run_address>0x13a89</run_address>
         <size>0x1e7</size>
         <input_file_ref idref="fl-3f"/>
      </object_component>
      <object_component id="oc-1e0">
         <name>.debug_info</name>
         <load_address>0x13c70</load_address>
         <run_address>0x13c70</run_address>
         <size>0x88</size>
         <input_file_ref idref="fl-3f"/>
      </object_component>
      <object_component id="oc-1de">
         <name>.debug_info</name>
         <load_address>0x13cf8</load_address>
         <run_address>0x13cf8</run_address>
         <size>0x105</size>
         <input_file_ref idref="fl-40"/>
      </object_component>
      <object_component id="oc-1bc">
         <name>.debug_info</name>
         <load_address>0x13dfd</load_address>
         <run_address>0x13dfd</run_address>
         <size>0x13bd</size>
         <input_file_ref idref="fl-40"/>
      </object_component>
      <object_component id="oc-1d9">
         <name>.debug_info</name>
         <load_address>0x151ba</load_address>
         <run_address>0x151ba</run_address>
         <size>0x94</size>
         <input_file_ref idref="fl-40"/>
      </object_component>
      <object_component id="oc-215">
         <name>.debug_info</name>
         <load_address>0x1524e</load_address>
         <run_address>0x1524e</run_address>
         <size>0xb5</size>
      </object_component>
      <object_component id="oc-1d7">
         <name>.debug_line</name>
         <load_address>0x0</load_address>
         <run_address>0x0</run_address>
         <size>0x20</size>
         <input_file_ref idref="fl-2"/>
      </object_component>
      <object_component id="oc-102">
         <name>.debug_line</name>
         <load_address>0x20</load_address>
         <run_address>0x20</run_address>
         <size>0x7d</size>
         <input_file_ref idref="fl-2"/>
      </object_component>
      <object_component id="oc-90">
         <name>.debug_line</name>
         <load_address>0x9d</load_address>
         <run_address>0x9d</run_address>
         <size>0x20</size>
         <input_file_ref idref="fl-2"/>
      </object_component>
      <object_component id="oc-192">
         <name>.debug_line</name>
         <load_address>0xbd</load_address>
         <run_address>0xbd</run_address>
         <size>0x1df</size>
         <input_file_ref idref="fl-3"/>
      </object_component>
      <object_component id="oc-190">
         <name>.debug_line</name>
         <load_address>0x29c</load_address>
         <run_address>0x29c</run_address>
         <size>0x31</size>
         <input_file_ref idref="fl-3"/>
      </object_component>
      <object_component id="oc-194">
         <name>.debug_line</name>
         <load_address>0x2cd</load_address>
         <run_address>0x2cd</run_address>
         <size>0x31</size>
         <input_file_ref idref="fl-3"/>
      </object_component>
      <object_component id="oc-196">
         <name>.debug_line</name>
         <load_address>0x2fe</load_address>
         <run_address>0x2fe</run_address>
         <size>0x31</size>
         <input_file_ref idref="fl-3"/>
      </object_component>
      <object_component id="oc-198">
         <name>.debug_line</name>
         <load_address>0x32f</load_address>
         <run_address>0x32f</run_address>
         <size>0x31</size>
         <input_file_ref idref="fl-3"/>
      </object_component>
      <object_component id="oc-19a">
         <name>.debug_line</name>
         <load_address>0x360</load_address>
         <run_address>0x360</run_address>
         <size>0x31</size>
         <input_file_ref idref="fl-3"/>
      </object_component>
      <object_component id="oc-19c">
         <name>.debug_line</name>
         <load_address>0x391</load_address>
         <run_address>0x391</run_address>
         <size>0x31</size>
         <input_file_ref idref="fl-3"/>
      </object_component>
      <object_component id="oc-19e">
         <name>.debug_line</name>
         <load_address>0x3c2</load_address>
         <run_address>0x3c2</run_address>
         <size>0x31</size>
         <input_file_ref idref="fl-3"/>
      </object_component>
      <object_component id="oc-1a0">
         <name>.debug_line</name>
         <load_address>0x3f3</load_address>
         <run_address>0x3f3</run_address>
         <size>0x31</size>
         <input_file_ref idref="fl-3"/>
      </object_component>
      <object_component id="oc-1a2">
         <name>.debug_line</name>
         <load_address>0x424</load_address>
         <run_address>0x424</run_address>
         <size>0x31</size>
         <input_file_ref idref="fl-3"/>
      </object_component>
      <object_component id="oc-a6">
         <name>.debug_line</name>
         <load_address>0x455</load_address>
         <run_address>0x455</run_address>
         <size>0x1d2</size>
         <input_file_ref idref="fl-3"/>
      </object_component>
      <object_component id="oc-1d3">
         <name>.debug_line</name>
         <load_address>0x627</load_address>
         <run_address>0x627</run_address>
         <size>0x20</size>
         <input_file_ref idref="fl-d"/>
      </object_component>
      <object_component id="oc-ea">
         <name>.debug_line</name>
         <load_address>0x647</load_address>
         <run_address>0x647</run_address>
         <size>0x3c0</size>
         <input_file_ref idref="fl-d"/>
      </object_component>
      <object_component id="oc-175">
         <name>.debug_line</name>
         <load_address>0xa07</load_address>
         <run_address>0xa07</run_address>
         <size>0x20</size>
         <input_file_ref idref="fl-d"/>
      </object_component>
      <object_component id="oc-1d5">
         <name>.debug_line</name>
         <load_address>0xa27</load_address>
         <run_address>0xa27</run_address>
         <size>0x20</size>
         <input_file_ref idref="fl-e"/>
      </object_component>
      <object_component id="oc-fc">
         <name>.debug_line</name>
         <load_address>0xa47</load_address>
         <run_address>0xa47</run_address>
         <size>0x7d</size>
         <input_file_ref idref="fl-e"/>
      </object_component>
      <object_component id="oc-f6">
         <name>.debug_line</name>
         <load_address>0xac4</load_address>
         <run_address>0xac4</run_address>
         <size>0x1f4</size>
         <input_file_ref idref="fl-f"/>
      </object_component>
      <object_component id="oc-108">
         <name>.debug_line</name>
         <load_address>0xcb8</load_address>
         <run_address>0xcb8</run_address>
         <size>0x6c3</size>
         <input_file_ref idref="fl-10"/>
      </object_component>
      <object_component id="oc-1d1">
         <name>.debug_line</name>
         <load_address>0x137b</load_address>
         <run_address>0x137b</run_address>
         <size>0x6c</size>
         <input_file_ref idref="fl-11"/>
      </object_component>
      <object_component id="oc-1cf">
         <name>.debug_line</name>
         <load_address>0x13e7</load_address>
         <run_address>0x13e7</run_address>
         <size>0x6c</size>
         <input_file_ref idref="fl-11"/>
      </object_component>
      <object_component id="oc-df">
         <name>.debug_line</name>
         <load_address>0x1453</load_address>
         <run_address>0x1453</run_address>
         <size>0x48d</size>
         <input_file_ref idref="fl-11"/>
      </object_component>
      <object_component id="oc-168">
         <name>.debug_line</name>
         <load_address>0x18e0</load_address>
         <run_address>0x18e0</run_address>
         <size>0x20</size>
         <input_file_ref idref="fl-11"/>
      </object_component>
      <object_component id="oc-16e">
         <name>.debug_line</name>
         <load_address>0x1900</load_address>
         <run_address>0x1900</run_address>
         <size>0x6a</size>
         <input_file_ref idref="fl-11"/>
      </object_component>
      <object_component id="oc-149">
         <name>.debug_line</name>
         <load_address>0x196a</load_address>
         <run_address>0x196a</run_address>
         <size>0xc1</size>
         <input_file_ref idref="fl-12"/>
      </object_component>
      <object_component id="oc-cb">
         <name>.debug_line</name>
         <load_address>0x1a2b</load_address>
         <run_address>0x1a2b</run_address>
         <size>0x7a</size>
         <input_file_ref idref="fl-12"/>
      </object_component>
      <object_component id="oc-f0">
         <name>.debug_line</name>
         <load_address>0x1aa5</load_address>
         <run_address>0x1aa5</run_address>
         <size>0x34b</size>
         <input_file_ref idref="fl-12"/>
      </object_component>
      <object_component id="oc-3c">
         <name>.debug_line</name>
         <load_address>0x1df0</load_address>
         <run_address>0x1df0</run_address>
         <size>0x1ee</size>
         <input_file_ref idref="fl-12"/>
      </object_component>
      <object_component id="oc-14c">
         <name>.debug_line</name>
         <load_address>0x1fde</load_address>
         <run_address>0x1fde</run_address>
         <size>0x20</size>
         <input_file_ref idref="fl-12"/>
      </object_component>
      <object_component id="oc-151">
         <name>.debug_line</name>
         <load_address>0x1ffe</load_address>
         <run_address>0x1ffe</run_address>
         <size>0x55</size>
         <input_file_ref idref="fl-12"/>
      </object_component>
      <object_component id="oc-d9">
         <name>.debug_line</name>
         <load_address>0x2053</load_address>
         <run_address>0x2053</run_address>
         <size>0x22f</size>
         <input_file_ref idref="fl-13"/>
      </object_component>
      <object_component id="oc-2f">
         <name>.debug_line</name>
         <load_address>0x2282</load_address>
         <run_address>0x2282</run_address>
         <size>0x106</size>
         <input_file_ref idref="fl-14"/>
      </object_component>
      <object_component id="oc-ce">
         <name>.debug_line</name>
         <load_address>0x2388</load_address>
         <run_address>0x2388</run_address>
         <size>0x48</size>
         <input_file_ref idref="fl-2e"/>
      </object_component>
      <object_component id="oc-84">
         <name>.debug_line</name>
         <load_address>0x23d0</load_address>
         <run_address>0x23d0</run_address>
         <size>0x2a</size>
         <input_file_ref idref="fl-2e"/>
      </object_component>
      <object_component id="oc-36">
         <name>.debug_line</name>
         <load_address>0x23fa</load_address>
         <run_address>0x23fa</run_address>
         <size>0x5d</size>
         <input_file_ref idref="fl-2e"/>
      </object_component>
      <object_component id="oc-8d">
         <name>.debug_line</name>
         <load_address>0x2457</load_address>
         <run_address>0x2457</run_address>
         <size>0x8a</size>
         <input_file_ref idref="fl-2f"/>
      </object_component>
      <object_component id="oc-1f">
         <name>.debug_line</name>
         <load_address>0x24e1</load_address>
         <run_address>0x24e1</run_address>
         <size>0x53</size>
         <input_file_ref idref="fl-2f"/>
      </object_component>
      <object_component id="oc-49">
         <name>.debug_line</name>
         <load_address>0x2534</load_address>
         <run_address>0x2534</run_address>
         <size>0x3a</size>
         <input_file_ref idref="fl-2f"/>
      </object_component>
      <object_component id="oc-89">
         <name>.debug_line</name>
         <load_address>0x256e</load_address>
         <run_address>0x256e</run_address>
         <size>0x8a</size>
         <input_file_ref idref="fl-2f"/>
      </object_component>
      <object_component id="oc-d0">
         <name>.debug_line</name>
         <load_address>0x25f8</load_address>
         <run_address>0x25f8</run_address>
         <size>0x8a</size>
         <input_file_ref idref="fl-30"/>
      </object_component>
      <object_component id="oc-51">
         <name>.debug_line</name>
         <load_address>0x2682</load_address>
         <run_address>0x2682</run_address>
         <size>0xc3</size>
         <input_file_ref idref="fl-30"/>
      </object_component>
      <object_component id="oc-25">
         <name>.debug_line</name>
         <load_address>0x2745</load_address>
         <run_address>0x2745</run_address>
         <size>0x49</size>
         <input_file_ref idref="fl-30"/>
      </object_component>
      <object_component id="oc-56">
         <name>.debug_line</name>
         <load_address>0x278e</load_address>
         <run_address>0x278e</run_address>
         <size>0x39</size>
         <input_file_ref idref="fl-30"/>
      </object_component>
      <object_component id="oc-9e">
         <name>.debug_line</name>
         <load_address>0x27c7</load_address>
         <run_address>0x27c7</run_address>
         <size>0x8a</size>
         <input_file_ref idref="fl-30"/>
      </object_component>
      <object_component id="oc-97">
         <name>.debug_line</name>
         <load_address>0x2851</load_address>
         <run_address>0x2851</run_address>
         <size>0x8a</size>
         <input_file_ref idref="fl-30"/>
      </object_component>
      <object_component id="oc-e5">
         <name>.debug_line</name>
         <load_address>0x28db</load_address>
         <run_address>0x28db</run_address>
         <size>0x47</size>
         <input_file_ref idref="fl-32"/>
      </object_component>
      <object_component id="oc-136">
         <name>.debug_line</name>
         <load_address>0x2922</load_address>
         <run_address>0x2922</run_address>
         <size>0x89</size>
         <input_file_ref idref="fl-33"/>
      </object_component>
      <object_component id="oc-133">
         <name>.debug_line</name>
         <load_address>0x29ab</load_address>
         <run_address>0x29ab</run_address>
         <size>0x2a</size>
         <input_file_ref idref="fl-33"/>
      </object_component>
      <object_component id="oc-b1">
         <name>.debug_line</name>
         <load_address>0x29d5</load_address>
         <run_address>0x29d5</run_address>
         <size>0x3a</size>
         <input_file_ref idref="fl-33"/>
      </object_component>
      <object_component id="oc-6f">
         <name>.debug_line</name>
         <load_address>0x2a0f</load_address>
         <run_address>0x2a0f</run_address>
         <size>0x89</size>
         <input_file_ref idref="fl-33"/>
      </object_component>
      <object_component id="oc-45">
         <name>.debug_line</name>
         <load_address>0x2a98</load_address>
         <run_address>0x2a98</run_address>
         <size>0x4d</size>
         <input_file_ref idref="fl-34"/>
      </object_component>
      <object_component id="oc-d2">
         <name>.debug_line</name>
         <load_address>0x2ae5</load_address>
         <run_address>0x2ae5</run_address>
         <size>0x20</size>
         <input_file_ref idref="fl-35"/>
      </object_component>
      <object_component id="oc-5d">
         <name>.debug_line</name>
         <load_address>0x2b05</load_address>
         <run_address>0x2b05</run_address>
         <size>0x69</size>
         <input_file_ref idref="fl-35"/>
      </object_component>
      <object_component id="oc-75">
         <name>.debug_line</name>
         <load_address>0x2b6e</load_address>
         <run_address>0x2b6e</run_address>
         <size>0x40</size>
         <input_file_ref idref="fl-36"/>
      </object_component>
      <object_component id="oc-15f">
         <name>.debug_line</name>
         <load_address>0x2bae</load_address>
         <run_address>0x2bae</run_address>
         <size>0x44</size>
         <input_file_ref idref="fl-37"/>
      </object_component>
      <object_component id="oc-12c">
         <name>.debug_line</name>
         <load_address>0x2bf2</load_address>
         <run_address>0x2bf2</run_address>
         <size>0x2b</size>
         <input_file_ref idref="fl-38"/>
      </object_component>
      <object_component id="oc-69">
         <name>.debug_line</name>
         <load_address>0x2c1d</load_address>
         <run_address>0x2c1d</run_address>
         <size>0x4a</size>
         <input_file_ref idref="fl-38"/>
      </object_component>
      <object_component id="oc-12f">
         <name>.debug_line</name>
         <load_address>0x2c67</load_address>
         <run_address>0x2c67</run_address>
         <size>0x2b</size>
         <input_file_ref idref="fl-38"/>
      </object_component>
      <object_component id="oc-13d">
         <name>.debug_line</name>
         <load_address>0x2c92</load_address>
         <run_address>0x2c92</run_address>
         <size>0xa9</size>
         <input_file_ref idref="fl-39"/>
      </object_component>
      <object_component id="oc-7b">
         <name>.debug_line</name>
         <load_address>0x2d3b</load_address>
         <run_address>0x2d3b</run_address>
         <size>0xdd</size>
         <input_file_ref idref="fl-39"/>
      </object_component>
      <object_component id="oc-140">
         <name>.debug_line</name>
         <load_address>0x2e18</load_address>
         <run_address>0x2e18</run_address>
         <size>0x2e</size>
         <input_file_ref idref="fl-39"/>
      </object_component>
      <object_component id="oc-1b8">
         <name>.debug_line</name>
         <load_address>0x2e46</load_address>
         <run_address>0x2e46</run_address>
         <size>0x8a</size>
         <input_file_ref idref="fl-39"/>
      </object_component>
      <object_component id="oc-145">
         <name>.debug_line</name>
         <load_address>0x2ed0</load_address>
         <run_address>0x2ed0</run_address>
         <size>0x8b</size>
         <input_file_ref idref="fl-39"/>
      </object_component>
      <object_component id="oc-1a4">
         <name>.debug_line</name>
         <load_address>0x2f5b</load_address>
         <run_address>0x2f5b</run_address>
         <size>0x98</size>
         <input_file_ref idref="fl-3a"/>
      </object_component>
      <object_component id="oc-ba">
         <name>.debug_line</name>
         <load_address>0x2ff3</load_address>
         <run_address>0x2ff3</run_address>
         <size>0xa3</size>
         <input_file_ref idref="fl-3a"/>
      </object_component>
      <object_component id="oc-1a7">
         <name>.debug_line</name>
         <load_address>0x3096</load_address>
         <run_address>0x3096</run_address>
         <size>0x2e</size>
         <input_file_ref idref="fl-3a"/>
      </object_component>
      <object_component id="oc-c0">
         <name>.debug_line</name>
         <load_address>0x30c4</load_address>
         <run_address>0x30c4</run_address>
         <size>0x3b</size>
         <input_file_ref idref="fl-3b"/>
      </object_component>
      <object_component id="oc-1ab">
         <name>.debug_line</name>
         <load_address>0x30ff</load_address>
         <run_address>0x30ff</run_address>
         <size>0x29</size>
         <input_file_ref idref="fl-3c"/>
      </object_component>
      <object_component id="oc-c6">
         <name>.debug_line</name>
         <load_address>0x3128</load_address>
         <run_address>0x3128</run_address>
         <size>0x7a</size>
         <input_file_ref idref="fl-3c"/>
      </object_component>
      <object_component id="oc-1ae">
         <name>.debug_line</name>
         <load_address>0x31a2</load_address>
         <run_address>0x31a2</run_address>
         <size>0x29</size>
         <input_file_ref idref="fl-3c"/>
      </object_component>
      <object_component id="oc-1b3">
         <name>.debug_line</name>
         <load_address>0x31cb</load_address>
         <run_address>0x31cb</run_address>
         <size>0x8a</size>
         <input_file_ref idref="fl-3c"/>
      </object_component>
      <object_component id="oc-159">
         <name>.debug_line</name>
         <load_address>0x3255</load_address>
         <run_address>0x3255</run_address>
         <size>0x9f</size>
         <input_file_ref idref="fl-3e"/>
      </object_component>
      <object_component id="oc-1ca">
         <name>.debug_line</name>
         <load_address>0x32f4</load_address>
         <run_address>0x32f4</run_address>
         <size>0x20</size>
         <input_file_ref idref="fl-3e"/>
      </object_component>
      <object_component id="oc-1c5">
         <name>.debug_line</name>
         <load_address>0x3314</load_address>
         <run_address>0x3314</run_address>
         <size>0x70</size>
         <input_file_ref idref="fl-3f"/>
      </object_component>
      <object_component id="oc-1e2">
         <name>.debug_line</name>
         <load_address>0x3384</load_address>
         <run_address>0x3384</run_address>
         <size>0x20</size>
         <input_file_ref idref="fl-3f"/>
      </object_component>
      <object_component id="oc-1e6">
         <name>.debug_line</name>
         <load_address>0x33a4</load_address>
         <run_address>0x33a4</run_address>
         <size>0x20</size>
         <input_file_ref idref="fl-40"/>
      </object_component>
      <object_component id="oc-1bf">
         <name>.debug_line</name>
         <load_address>0x33c4</load_address>
         <run_address>0x33c4</run_address>
         <size>0x33c</size>
         <input_file_ref idref="fl-40"/>
      </object_component>
      <object_component id="oc-1db">
         <name>.debug_line</name>
         <load_address>0x3700</load_address>
         <run_address>0x3700</run_address>
         <size>0x20</size>
         <input_file_ref idref="fl-40"/>
      </object_component>
      <object_component id="oc-103">
         <name>.debug_frame</name>
         <load_address>0x0</load_address>
         <run_address>0x0</run_address>
         <size>0x40</size>
         <input_file_ref idref="fl-2"/>
      </object_component>
      <object_component id="oc-a7">
         <name>.debug_frame</name>
         <load_address>0x40</load_address>
         <run_address>0x40</run_address>
         <size>0x1a0</size>
         <input_file_ref idref="fl-3"/>
      </object_component>
      <object_component id="oc-eb">
         <name>.debug_frame</name>
         <load_address>0x598</load_address>
         <run_address>0x598</run_address>
         <size>0x435</size>
         <input_file_ref idref="fl-d"/>
      </object_component>
      <object_component id="oc-fd">
         <name>.debug_frame</name>
         <load_address>0x9cd</load_address>
         <run_address>0x9cd</run_address>
         <size>0x128</size>
         <input_file_ref idref="fl-e"/>
      </object_component>
      <object_component id="oc-f7">
         <name>.debug_frame</name>
         <load_address>0xaf5</load_address>
         <run_address>0xaf5</run_address>
         <size>0x211</size>
         <input_file_ref idref="fl-f"/>
      </object_component>
      <object_component id="oc-109">
         <name>.debug_frame</name>
         <load_address>0xd06</load_address>
         <run_address>0xd06</run_address>
         <size>0x442</size>
         <input_file_ref idref="fl-10"/>
      </object_component>
      <object_component id="oc-e0">
         <name>.debug_frame</name>
         <load_address>0x1148</load_address>
         <run_address>0x1148</run_address>
         <size>0x23c</size>
         <input_file_ref idref="fl-11"/>
      </object_component>
      <object_component id="oc-f1">
         <name>.debug_frame</name>
         <load_address>0x1384</load_address>
         <run_address>0x1384</run_address>
         <size>0x376</size>
         <input_file_ref idref="fl-12"/>
      </object_component>
      <object_component id="oc-3d">
         <name>.debug_frame</name>
         <load_address>0x16fa</load_address>
         <run_address>0x16fa</run_address>
         <size>0x1385</size>
         <input_file_ref idref="fl-12"/>
      </object_component>
      <object_component id="oc-da">
         <name>.debug_frame</name>
         <load_address>0x2a7f</load_address>
         <run_address>0x2a7f</run_address>
         <size>0x22d</size>
         <input_file_ref idref="fl-13"/>
      </object_component>
      <object_component id="oc-37">
         <name>.debug_frame</name>
         <load_address>0x1e0</load_address>
         <run_address>0x1e0</run_address>
         <size>0x38</size>
         <input_file_ref idref="fl-2e"/>
      </object_component>
      <object_component id="oc-20">
         <name>.debug_frame</name>
         <load_address>0x218</load_address>
         <run_address>0x218</run_address>
         <size>0x3c</size>
         <input_file_ref idref="fl-2f"/>
      </object_component>
      <object_component id="oc-52">
         <name>.debug_frame</name>
         <load_address>0x254</load_address>
         <run_address>0x254</run_address>
         <size>0x68</size>
         <input_file_ref idref="fl-30"/>
      </object_component>
      <object_component id="oc-26">
         <name>.debug_frame</name>
         <load_address>0x2bc</load_address>
         <run_address>0x2bc</run_address>
         <size>0x3c</size>
         <input_file_ref idref="fl-30"/>
      </object_component>
      <object_component id="oc-b2">
         <name>.debug_frame</name>
         <load_address>0x2f8</load_address>
         <run_address>0x2f8</run_address>
         <size>0x3c</size>
         <input_file_ref idref="fl-33"/>
      </object_component>
      <object_component id="oc-70">
         <name>.debug_frame</name>
         <load_address>0x334</load_address>
         <run_address>0x334</run_address>
         <size>0x4c</size>
         <input_file_ref idref="fl-33"/>
      </object_component>
      <object_component id="oc-5e">
         <name>.debug_frame</name>
         <load_address>0x380</load_address>
         <run_address>0x380</run_address>
         <size>0x40</size>
         <input_file_ref idref="fl-35"/>
      </object_component>
      <object_component id="oc-76">
         <name>.debug_frame</name>
         <load_address>0x3c0</load_address>
         <run_address>0x3c0</run_address>
         <size>0x3c</size>
         <input_file_ref idref="fl-36"/>
      </object_component>
      <object_component id="oc-6a">
         <name>.debug_frame</name>
         <load_address>0x3fc</load_address>
         <run_address>0x3fc</run_address>
         <size>0x3c</size>
         <input_file_ref idref="fl-38"/>
      </object_component>
      <object_component id="oc-7c">
         <name>.debug_frame</name>
         <load_address>0x438</load_address>
         <run_address>0x438</run_address>
         <size>0x5c</size>
         <input_file_ref idref="fl-39"/>
      </object_component>
      <object_component id="oc-bb">
         <name>.debug_frame</name>
         <load_address>0x494</load_address>
         <run_address>0x494</run_address>
         <size>0x60</size>
         <input_file_ref idref="fl-3a"/>
      </object_component>
      <object_component id="oc-c1">
         <name>.debug_frame</name>
         <load_address>0x4f4</load_address>
         <run_address>0x4f4</run_address>
         <size>0x3c</size>
         <input_file_ref idref="fl-3b"/>
      </object_component>
      <object_component id="oc-c7">
         <name>.debug_frame</name>
         <load_address>0x530</load_address>
         <run_address>0x530</run_address>
         <size>0x68</size>
         <input_file_ref idref="fl-3c"/>
      </object_component>
      <object_component id="oc-15a">
         <name>.debug_frame</name>
         <load_address>0x2cac</load_address>
         <run_address>0x2cac</run_address>
         <size>0x178</size>
         <input_file_ref idref="fl-3e"/>
      </object_component>
      <object_component id="oc-1c6">
         <name>.debug_frame</name>
         <load_address>0x2e24</load_address>
         <run_address>0x2e24</run_address>
         <size>0x128</size>
         <input_file_ref idref="fl-3f"/>
      </object_component>
      <object_component id="oc-1c0">
         <name>.debug_frame</name>
         <load_address>0x2f4c</load_address>
         <run_address>0x2f4c</run_address>
         <size>0x36e</size>
         <input_file_ref idref="fl-40"/>
      </object_component>
      <object_component id="oc-1d6">
         <name>.debug_abbrev</name>
         <load_address>0x0</load_address>
         <run_address>0x0</run_address>
         <size>0x25</size>
         <input_file_ref idref="fl-2"/>
      </object_component>
      <object_component id="oc-17e">
         <name>.debug_abbrev</name>
         <load_address>0x25</load_address>
         <run_address>0x25</run_address>
         <size>0x5e</size>
         <input_file_ref idref="fl-2"/>
      </object_component>
      <object_component id="oc-91">
         <name>.debug_abbrev</name>
         <load_address>0x83</load_address>
         <run_address>0x83</run_address>
         <size>0x2e</size>
         <input_file_ref idref="fl-2"/>
      </object_component>
      <object_component id="oc-191">
         <name>.debug_abbrev</name>
         <load_address>0xb1</load_address>
         <run_address>0xb1</run_address>
         <size>0xf6</size>
         <input_file_ref idref="fl-3"/>
      </object_component>
      <object_component id="oc-18f">
         <name>.debug_abbrev</name>
         <load_address>0x1a7</load_address>
         <run_address>0x1a7</run_address>
         <size>0x29</size>
         <input_file_ref idref="fl-3"/>
      </object_component>
      <object_component id="oc-193">
         <name>.debug_abbrev</name>
         <load_address>0x1d0</load_address>
         <run_address>0x1d0</run_address>
         <size>0x29</size>
         <input_file_ref idref="fl-3"/>
      </object_component>
      <object_component id="oc-195">
         <name>.debug_abbrev</name>
         <load_address>0x1f9</load_address>
         <run_address>0x1f9</run_address>
         <size>0x29</size>
         <input_file_ref idref="fl-3"/>
      </object_component>
      <object_component id="oc-197">
         <name>.debug_abbrev</name>
         <load_address>0x222</load_address>
         <run_address>0x222</run_address>
         <size>0x29</size>
         <input_file_ref idref="fl-3"/>
      </object_component>
      <object_component id="oc-199">
         <name>.debug_abbrev</name>
         <load_address>0x24b</load_address>
         <run_address>0x24b</run_address>
         <size>0x29</size>
         <input_file_ref idref="fl-3"/>
      </object_component>
      <object_component id="oc-19b">
         <name>.debug_abbrev</name>
         <load_address>0x274</load_address>
         <run_address>0x274</run_address>
         <size>0x29</size>
         <input_file_ref idref="fl-3"/>
      </object_component>
      <object_component id="oc-19d">
         <name>.debug_abbrev</name>
         <load_address>0x29d</load_address>
         <run_address>0x29d</run_address>
         <size>0x29</size>
         <input_file_ref idref="fl-3"/>
      </object_component>
      <object_component id="oc-19f">
         <name>.debug_abbrev</name>
         <load_address>0x2c6</load_address>
         <run_address>0x2c6</run_address>
         <size>0x29</size>
         <input_file_ref idref="fl-3"/>
      </object_component>
      <object_component id="oc-1a1">
         <name>.debug_abbrev</name>
         <load_address>0x2ef</load_address>
         <run_address>0x2ef</run_address>
         <size>0x29</size>
         <input_file_ref idref="fl-3"/>
      </object_component>
      <object_component id="oc-12a">
         <name>.debug_abbrev</name>
         <load_address>0x318</load_address>
         <run_address>0x318</run_address>
         <size>0x103</size>
         <input_file_ref idref="fl-3"/>
      </object_component>
      <object_component id="oc-1d2">
         <name>.debug_abbrev</name>
         <load_address>0x41b</load_address>
         <run_address>0x41b</run_address>
         <size>0x23</size>
         <input_file_ref idref="fl-d"/>
      </object_component>
      <object_component id="oc-172">
         <name>.debug_abbrev</name>
         <load_address>0x43e</load_address>
         <run_address>0x43e</run_address>
         <size>0xc8</size>
         <input_file_ref idref="fl-d"/>
      </object_component>
      <object_component id="oc-176">
         <name>.debug_abbrev</name>
         <load_address>0x506</load_address>
         <run_address>0x506</run_address>
         <size>0x32</size>
         <input_file_ref idref="fl-d"/>
      </object_component>
      <object_component id="oc-1d4">
         <name>.debug_abbrev</name>
         <load_address>0x538</load_address>
         <run_address>0x538</run_address>
         <size>0x23</size>
         <input_file_ref idref="fl-e"/>
      </object_component>
      <object_component id="oc-17c">
         <name>.debug_abbrev</name>
         <load_address>0x55b</load_address>
         <run_address>0x55b</run_address>
         <size>0x8d</size>
         <input_file_ref idref="fl-e"/>
      </object_component>
      <object_component id="oc-17b">
         <name>.debug_abbrev</name>
         <load_address>0x5e8</load_address>
         <run_address>0x5e8</run_address>
         <size>0xf7</size>
         <input_file_ref idref="fl-f"/>
      </object_component>
      <object_component id="oc-18e">
         <name>.debug_abbrev</name>
         <load_address>0x6df</load_address>
         <run_address>0x6df</run_address>
         <size>0x124</size>
         <input_file_ref idref="fl-10"/>
      </object_component>
      <object_component id="oc-1d0">
         <name>.debug_abbrev</name>
         <load_address>0x803</load_address>
         <run_address>0x803</run_address>
         <size>0x9e</size>
         <input_file_ref idref="fl-11"/>
      </object_component>
      <object_component id="oc-1ce">
         <name>.debug_abbrev</name>
         <load_address>0x8a1</load_address>
         <run_address>0x8a1</run_address>
         <size>0x27</size>
         <input_file_ref idref="fl-11"/>
      </object_component>
      <object_component id="oc-165">
         <name>.debug_abbrev</name>
         <load_address>0x8c8</load_address>
         <run_address>0x8c8</run_address>
         <size>0x18a</size>
         <input_file_ref idref="fl-11"/>
      </object_component>
      <object_component id="oc-169">
         <name>.debug_abbrev</name>
         <load_address>0xa52</load_address>
         <run_address>0xa52</run_address>
         <size>0x32</size>
         <input_file_ref idref="fl-11"/>
      </object_component>
      <object_component id="oc-16f">
         <name>.debug_abbrev</name>
         <load_address>0xa84</load_address>
         <run_address>0xa84</run_address>
         <size>0x24</size>
         <input_file_ref idref="fl-11"/>
      </object_component>
      <object_component id="oc-148">
         <name>.debug_abbrev</name>
         <load_address>0xaa8</load_address>
         <run_address>0xaa8</run_address>
         <size>0x97</size>
         <input_file_ref idref="fl-12"/>
      </object_component>
      <object_component id="oc-ca">
         <name>.debug_abbrev</name>
         <load_address>0xb3f</load_address>
         <run_address>0xb3f</run_address>
         <size>0x27</size>
         <input_file_ref idref="fl-12"/>
      </object_component>
      <object_component id="oc-179">
         <name>.debug_abbrev</name>
         <load_address>0xb66</load_address>
         <run_address>0xb66</run_address>
         <size>0x143</size>
         <input_file_ref idref="fl-12"/>
      </object_component>
      <object_component id="oc-82">
         <name>.debug_abbrev</name>
[...]
         <value>0x11802904</value>
         <object_component_ref idref="oc-104"/>
      </symbol>
      <symbol id="sm-1fe">
         <name>EMIFAExtendedWaitConfig</name>
         <value>0x11801fa0</value>
         <object_component_ref idref="oc-104"/>
      </symbol>
      <symbol id="sm-1ff">
         <name>EMIFAAsyncDevDataBusWidthSelect</name>
         <value>0x11801e38</value>
         <object_component_ref idref="oc-104"/>
      </symbol>
      <symbol id="sm-200">
         <name>EMIFAMaxExtWaitCycleSet</name>
         <value>0x11801c88</value>
         <object_component_ref idref="oc-104"/>
      </symbol>
      <symbol id="sm-201">
         <name>EMIFANANDEccValGet</name>
         <value>0x11802424</value>
         <object_component_ref idref="oc-104"/>
      </symbol>
      <symbol id="sm-202">
         <name>EMIFANAND4BitECCStateGet</name>
         <value>0x11802190</value>
         <object_component_ref idref="oc-104"/>
      </symbol>
      <symbol id="sm-203">
         <name>EMIFANORPageAccessDelaySet</name>
         <value>0x11802344</value>
         <object_component_ref idref="oc-104"/>
      </symbol>
      <symbol id="sm-204">
         <name>EMIFARawIntStatusRead</name>
         <value>0x118027c0</value>
         <object_component_ref idref="oc-104"/>
      </symbol>
      <symbol id="sm-205">
         <name>EMIFANANDECCStart</name>
         <value>0x11801b60</value>
         <object_component_ref idref="oc-104"/>
      </symbol>
      <symbol id="sm-206">
         <name>EMIFARawIntClear</name>
         <value>0x11802828</value>
         <object_component_ref idref="oc-104"/>
      </symbol>
      <symbol id="sm-207">
         <name>EMIFANANDCSSet</name>
         <value>0x11801ab8</value>
         <object_component_ref idref="oc-104"/>
      </symbol>
      <symbol id="sm-208">
         <name>EMIFAWaitPinPolaritySet</name>
         <value>0x11801de8</value>
         <object_component_ref idref="oc-104"/>
      </symbol>
      <symbol id="sm-36e">
         <name>UARTStdioInit</name>
         <value>0x11802a60</value>
         <object_component_ref idref="oc-db"/>
      </symbol>
      <symbol id="sm-36f">
         <name>UARTGetHexNum</name>
         <value>0x11802e14</value>
         <object_component_ref idref="oc-db"/>
      </symbol>
      <symbol id="sm-370">
         <name>UARTPutHexNum</name>
         <value>0x11802c64</value>
         <object_component_ref idref="oc-db"/>
      </symbol>
      <symbol id="sm-371">
         <name>UARTGetNum</name>
         <value>0x11802d54</value>
         <object_component_ref idref="oc-db"/>
      </symbol>
      <symbol id="sm-372">
         <name>UARTPutNum</name>
         <value>0x11802ba0</value>
         <object_component_ref idref="oc-db"/>
      </symbol>
      <symbol id="sm-373">
         <name>UARTwrite</name>
         <value>0x118030d0</value>
         <object_component_ref idref="oc-db"/>
      </symbol>
      <symbol id="sm-374">
         <name>UARTGetc</name>
         <value>0x118030c4</value>
         <object_component_ref idref="oc-db"/>
      </symbol>
      <symbol id="sm-375">
         <name>UARTGets</name>
         <value>0x11802b04</value>
         <object_component_ref idref="oc-db"/>
      </symbol>
      <symbol id="sm-376">
         <name>UARTprintf</name>
         <value>0x11803134</value>
         <object_component_ref idref="oc-db"/>
      </symbol>
      <symbol id="sm-377">
         <name>UARTPutc</name>
         <value>0x118030ac</value>
         <object_component_ref idref="oc-db"/>
      </symbol>
      <symbol id="sm-378">
         <name>UARTPuts</name>
         <value>0x11802a6c</value>
         <object_component_ref idref="oc-db"/>
      </symbol>
      <symbol id="sm-3e7">
         <name>IntEventCombineRegister</name>
         <value>0x11804138</value>
         <object_component_ref idref="oc-ec"/>
      </symbol>
      <symbol id="sm-3e8">
         <name>IntEventMap</name>
         <value>0x11803e9c</value>
         <object_component_ref idref="oc-ec"/>
      </symbol>
      <symbol id="sm-3e9">
         <name>_c674x_mask_int9_isr</name>
         <value>0x11800e30</value>
         <object_component_ref idref="oc-38"/>
      </symbol>
      <symbol id="sm-3ea">
         <name>IntUnRegister</name>
         <value>0x11803e74</value>
         <object_component_ref idref="oc-ec"/>
      </symbol>
      <symbol id="sm-3eb">
         <name>IntEnable</name>
         <value>0x11804160</value>
         <object_component_ref idref="oc-ec"/>
      </symbol>
      <symbol id="sm-3ec">
         <name>_c674x_mask_int8_isr</name>
         <value>0x11800c68</value>
         <object_component_ref idref="oc-38"/>
      </symbol>
      <symbol id="sm-3ed">
         <name>IntGlobalRestore</name>
         <value>0x11804200</value>
         <object_component_ref idref="oc-ec"/>
      </symbol>
      <symbol id="sm-3ee">
         <name>_c674x_mask_int11_isr</name>
         <value>0x118011c0</value>
         <object_component_ref idref="oc-38"/>
      </symbol>
      <symbol id="sm-3ef">
         <name>IntGlobalEnable</name>
         <value>0x118041d8</value>
         <object_component_ref idref="oc-ec"/>
      </symbol>
      <symbol id="sm-3f0">
         <name>IntEventClear</name>
         <value>0x11803f58</value>
         <object_component_ref idref="oc-ec"/>
      </symbol>
      <symbol id="sm-3f1">
         <name>_c674x_mask_int7_isr</name>
         <value>0x11800aa4</value>
         <object_component_ref idref="oc-38"/>
      </symbol>
      <symbol id="sm-3f2">
         <name>_c674x_mask_int10_isr</name>
         <value>0x11800ff8</value>
         <object_component_ref idref="oc-38"/>
      </symbol>
      <symbol id="sm-3f3">
         <name>_c674x_mask_int6_isr</name>
         <value>0x118008e0</value>
         <object_component_ref idref="oc-38"/>
      </symbol>
      <symbol id="sm-3f4">
         <name>ExcCombineRemove</name>
         <value>0x11804280</value>
         <object_component_ref idref="oc-ec"/>
      </symbol>
      <symbol id="sm-3f5">
         <name>_c674x_mask_int13_isr</name>
         <value>0x11801548</value>
         <object_component_ref idref="oc-38"/>
      </symbol>
      <symbol id="sm-3f6">
         <name>IntDisable</name>
         <value>0x11804190</value>
         <object_component_ref idref="oc-ec"/>
      </symbol>
      <symbol id="sm-3f7">
         <name>IntRegister</name>
         <value>0x11803e50</value>
         <object_component_ref idref="oc-ec"/>
      </symbol>
      <symbol id="sm-3f8">
         <name>ExcCombineAdd</name>
         <value>0x11804238</value>
         <object_component_ref idref="oc-ec"/>
      </symbol>
      <symbol id="sm-3f9">
         <name>IntGlobalDisable</name>
         <value>0x118041ec</value>
         <object_component_ref idref="oc-ec"/>
      </symbol>
      <symbol id="sm-3fa">
         <name>_c674x_rsvd_int3_isr</name>
         <value>0x11800388</value>
         <object_component_ref idref="oc-38"/>
      </symbol>
      <symbol id="sm-3fb">
         <name>_c674x_nmi_isr</name>
         <value>0x11800000</value>
         <object_component_ref idref="oc-38"/>
      </symbol>
      <symbol id="sm-3fc">
         <name>_c674x_mask_int5_isr</name>
         <value>0x11800718</value>
         <object_component_ref idref="oc-38"/>
      </symbol>
      <symbol id="sm-3fd">
         <name>_c674x_mask_int12_isr</name>
         <value>0x11801384</value>
         <object_component_ref idref="oc-38"/>
      </symbol>
      <symbol id="sm-3fe">
         <name>ExcGlobalEnable</name>
         <value>0x11804218</value>
         <object_component_ref idref="oc-ec"/>
      </symbol>
      <symbol id="sm-3ff">
         <name>_c674x_rsvd_int2_isr</name>
         <value>0x118001c4</value>
         <object_component_ref idref="oc-38"/>
      </symbol>
      <symbol id="sm-400">
         <name>_c674x_mask_int4_isr</name>
         <value>0x11800550</value>
         <object_component_ref idref="oc-38"/>
      </symbol>
      <symbol id="sm-401">
         <name>IntDSPINTCInit</name>
         <value>0x11803de0</value>
         <object_component_ref idref="oc-ec"/>
      </symbol>
      <symbol id="sm-402">
         <name>IntEventCombineInit</name>
         <value>0x11803f90</value>
         <object_component_ref idref="oc-ec"/>
      </symbol>
      <symbol id="sm-403">
         <name>_c674x_mask_int15_isr</name>
         <value>0x118018d8</value>
         <object_component_ref idref="oc-38"/>
      </symbol>
      <symbol id="sm-404">
         <name>IntEventSet</name>
         <value>0x11803f24</value>
         <object_component_ref idref="oc-ec"/>
      </symbol>
      <symbol id="sm-405">
         <name>IntEventCombineAdd</name>
         <value>0x11804094</value>
         <object_component_ref idref="oc-ec"/>
      </symbol>
      <symbol id="sm-406">
         <name>_c674x_mask_int14_isr</name>
         <value>0x11801710</value>
         <object_component_ref idref="oc-38"/>
      </symbol>
      <symbol id="sm-407">
         <name>IntEventCombineRemove</name>
         <value>0x118040e8</value>
         <object_component_ref idref="oc-ec"/>
      </symbol>
      <symbol id="sm-408">
         <name>IntReset</name>
         <value>0x118041c4</value>
         <object_component_ref idref="oc-ec"/>
      </symbol>
      <symbol id="sm-449">
         <name>CacheEnableMAR</name>
         <value>0x11805608</value>
         <object_component_ref idref="oc-d5"/>
      </symbol>
      <symbol id="sm-44a">
         <name>CacheDisableMAR</name>
         <value>0x118056a0</value>
         <object_component_ref idref="oc-d5"/>
      </symbol>
      <symbol id="sm-44b">
         <name>CacheEnable</name>
         <value>0x11805528</value>
         <object_component_ref idref="oc-d5"/>
      </symbol>
      <symbol id="sm-44c">
         <name>CacheInv</name>
         <value>0x11805754</value>
         <object_component_ref idref="oc-d5"/>
      </symbol>
      <symbol id="sm-44d">
         <name>CacheWBAll</name>
         <value>0x11805738</value>
         <object_component_ref idref="oc-d5"/>
      </symbol>
      <symbol id="sm-44e">
         <name>CacheWB</name>
         <value>0x11805770</value>
         <object_component_ref idref="oc-d5"/>
      </symbol>
      <symbol id="sm-44f">
         <name>CacheWBInvAll</name>
         <value>0x11805748</value>
         <object_component_ref idref="oc-d5"/>
      </symbol>
      <symbol id="sm-450">
         <name>CacheWBInv</name>
         <value>0x1180578c</value>
         <object_component_ref idref="oc-d5"/>
      </symbol>
      <symbol id="sm-451">
         <name>CacheInvL1pAll</name>
         <value>0x1180572c</value>
         <object_component_ref idref="oc-d5"/>
      </symbol>
      <symbol id="sm-459">
         <name>_intcVectorTable</name>
         <value>0x11805800</value>
         <object_component_ref idref="oc-2e"/>
      </symbol>
      <symbol id="sm-46f">
         <name>_c_int00</name>
         <value>0x11806660</value>
         <object_component_ref idref="oc-2d"/>
      </symbol>
      <symbol id="sm-470">
         <name>_stack</name>
         <value>0x11808980</value>
         <object_component_ref idref="oc-3e"/>
      </symbol>
      <symbol id="sm-487">
         <name>__TI_decompress_none</name>
         <value>0x11806740</value>
         <object_component_ref idref="oc-1b"/>
      </symbol>
      <symbol id="sm-4b2">
         <name>__TI_decompress_rle24</name>
         <value>0x11806760</value>
         <object_component_ref idref="oc-21"/>
      </symbol>
      <symbol id="sm-4bc">
         <name>__c6xabi_divu</name>
         <value>0x118063a0</value>
         <object_component_ref idref="oc-e1"/>
      </symbol>
      <symbol id="sm-4bd">
         <name>__divu</name>
         <value>0x118063a0</value>
         <object_component_ref idref="oc-e1"/>
      </symbol>
      <symbol id="sm-4de">
         <name>C$$EXIT</name>
         <value>0x11806720</value>
         <object_component_ref idref="oc-ad"/>
      </symbol>
      <symbol id="sm-4df">
         <name>abort</name>
         <value>0x11806720</value>
         <object_component_ref idref="oc-ad"/>
      </symbol>
      <symbol id="sm-4e0">
         <name>exit</name>
         <value>0x118061e0</value>
         <object_component_ref idref="oc-6b"/>
      </symbol>
      <symbol id="sm-4e1">
         <name>__TI_dtors_ptr</name>
         <value>0x11808974</value>
         <object_component_ref idref="oc-aa"/>
      </symbol>
      <symbol id="sm-4e2">
         <name>__TI_cleanup_ptr</name>
         <value>0x11808970</value>
         <object_component_ref idref="oc-aa"/>
      </symbol>
      <symbol id="sm-4e3">
         <name>__TI_enable_exit_profile_output</name>
         <value>0x11808978</value>
         <object_component_ref idref="oc-aa"/>
      </symbol>
      <symbol id="sm-4ec">
         <name>memcpy</name>
         <value>0x118065c0</value>
         <object_component_ref idref="oc-41"/>
      </symbol>
      <symbol id="sm-4fc">
         <name>memset</name>
         <value>0x118062c0</value>
         <object_component_ref idref="oc-59"/>
      </symbol>
      <symbol id="sm-505">
         <name>_system_pre_init</name>
         <value>0x11806700</value>
         <object_component_ref idref="oc-71"/>
      </symbol>
      <symbol id="sm-50e">
         <name>__remu</name>
         <value>0x11806520</value>
         <object_component_ref idref="oc-15b"/>
      </symbol>
      <symbol id="sm-50f">
         <name>__c6xabi_remu</name>
         <value>0x11806520</value>
         <object_component_ref idref="oc-15b"/>
      </symbol>
      <symbol id="sm-521">
         <name>_args_main</name>
         <value>0x118057c0</value>
         <object_component_ref idref="oc-65"/>
      </symbol>
      <symbol id="sm-547">
         <name>_auto_init_elf</name>
         <value>0x11805b80</value>
         <object_component_ref idref="oc-77"/>
      </symbol>
      <symbol id="sm-55e">
         <name>copy_in</name>
         <value>0x11805f20</value>
         <object_component_ref idref="oc-b6"/>
      </symbol>
      <symbol id="sm-567">
         <name>_system_post_cinit</name>
         <value>0x118066e0</value>
         <object_component_ref idref="oc-bc"/>
      </symbol>
      <symbol id="sm-580">
         <name>__TI_tls_init</name>
         <value>0x11806460</value>
         <object_component_ref idref="oc-c2"/>
      </symbol>
      <symbol id="sm-599">
         <name>UARTConsoleGetc</name>
         <value>0x118061c0</value>
         <object_component_ref idref="oc-155"/>
      </symbol>
      <symbol id="sm-59a">
         <name>UARTConsolePutc</name>
         <value>0x11806198</value>
         <object_component_ref idref="oc-155"/>
      </symbol>
      <symbol id="sm-59b">
         <name>UARTConsoleInit</name>
         <value>0x11806160</value>
         <object_component_ref idref="oc-155"/>
      </symbol>
      <symbol id="sm-5af">
         <name>UARTPinMuxSetup</name>
         <value>0x11805a00</value>
         <object_component_ref idref="oc-1c1"/>
      </symbol>
      <symbol id="sm-5d7">
         <name>UARTCharPutNonBlocking</name>
         <value>0x11804c28</value>
         <object_component_ref idref="oc-1bb"/>
      </symbol>
      <symbol id="sm-5d8">
         <name>UARTDMAEnable</name>
         <value>0x11804a8c</value>
         <object_component_ref idref="oc-1bb"/>
      </symbol>
      <symbol id="sm-5d9">
         <name>UARTFIFODisable</name>
         <value>0x11804b94</value>
         <object_component_ref idref="oc-1bb"/>
      </symbol>
      <symbol id="sm-5da">
         <name>UARTModemControlSet</name>
         <value>0x11804dd8</value>
         <object_component_ref idref="oc-1bb"/>
      </symbol>
      <symbol id="sm-5db">
         <name>UARTConfigSetExpClk</name>
         <value>0x11804940</value>
         <object_component_ref idref="oc-1bb"/>
      </symbol>
      <symbol id="sm-5dc">
         <name>UARTDisable</name>
         <value>0x11804b54</value>
         <object_component_ref idref="oc-1bb"/>
      </symbol>
      <symbol id="sm-5dd">
         <name>UARTIntEnable</name>
         <value>0x11804d28</value>
         <object_component_ref idref="oc-1bb"/>
      </symbol>
      <symbol id="sm-5de">
         <name>UARTCharsAvail</name>
         <value>0x11804bd8</value>
         <object_component_ref idref="oc-1bb"/>
      </symbol>
      <symbol id="sm-5df">
         <name>UARTCharGetNonBlocking</name>
         <value>0x11804c68</value>
         <object_component_ref idref="oc-1bb"/>
      </symbol>
      <symbol id="sm-5e0">
         <name>UARTModemStatusGet</name>
         <value>0x11804e84</value>
         <object_component_ref idref="oc-1bb"/>
      </symbol>
      <symbol id="sm-5e1">
         <name>UARTIntDisable</name>
         <value>0x11804d50</value>
         <object_component_ref idref="oc-1bb"/>
      </symbol>
      <symbol id="sm-5e2">
         <name>UARTCharPut</name>
         <value>0x11804cd0</value>
         <object_component_ref idref="oc-1bb"/>
      </symbol>
      <symbol id="sm-5e3">
         <name>UARTParityModeSet</name>
         <value>0x11804acc</value>
         <object_component_ref idref="oc-1bb"/>
      </symbol>
      <symbol id="sm-5e4">
         <name>UARTRxErrorGet</name>
         <value>0x11804c08</value>
         <object_component_ref idref="oc-1bb"/>
      </symbol>
      <symbol id="sm-5e5">
         <name>UARTConfigGetExpClk</name>
         <value>0x118049d4</value>
         <object_component_ref idref="oc-1bb"/>
      </symbol>
      <symbol id="sm-5e6">
         <name>UARTEnable</name>
         <value>0x11804b38</value>
         <object_component_ref idref="oc-1bb"/>
      </symbol>
      <symbol id="sm-5e7">
         <name>UARTModemControlGet</name>
         <value>0x11804e64</value>
         <object_component_ref idref="oc-1bb"/>
      </symbol>
      <symbol id="sm-5e8">
         <name>UARTFIFOEnable</name>
         <value>0x11804b80</value>
         <object_component_ref idref="oc-1bb"/>
      </symbol>
      <symbol id="sm-5e9">
         <name>UARTIntStatus</name>
         <value>0x11804d78</value>
         <object_component_ref idref="oc-1bb"/>
      </symbol>
      <symbol id="sm-5ea">
         <name>UARTDMADisable</name>
         <value>0x11804aac</value>
         <object_component_ref idref="oc-1bb"/>
      </symbol>
      <symbol id="sm-5eb">
         <name>UARTSpaceAvail</name>
         <value>0x11804bac</value>
         <object_component_ref idref="oc-1bb"/>
      </symbol>
      <symbol id="sm-5ec">
         <name>UARTCharGet</name>
         <value>0x11804c94</value>
         <object_component_ref idref="oc-1bb"/>
      </symbol>
      <symbol id="sm-5ed">
         <name>UARTFIFOLevelSet</name>
         <value>0x11804a68</value>
         <object_component_ref idref="oc-1bb"/>
      </symbol>
      <symbol id="sm-5ee">
         <name>UARTModemControlClear</name>
         <value>0x11804e30</value>
         <object_component_ref idref="oc-1bb"/>
      </symbol>
      <symbol id="sm-5ef">
         <name>UARTParityModeGet</name>
         <value>0x11804b14</value>
         <object_component_ref idref="oc-1bb"/>
      </symbol>
      <symbol id="sm-5f0">
         <name>UARTBreakCtl</name>
         <value>0x11804da4</value>
         <object_component_ref idref="oc-1bb"/>
      </symbol>
      <symbol id="sm-5f1">
         <name>__TI_STATIC_BASE</name>
         <value>0x118092f4</value>
      </symbol>
      <symbol id="sm-5f3">
         <name>__TI_INITARRAY_Limit</name>
         <value>0x0</value>
      </symbol>
      <symbol id="sm-5f4">
         <name>__TI_INITARRAY_Base</name>
         <value>0x0</value>
      </symbol>
      <symbol id="sm-5f5">
         <name>__TI_TLS_INIT_Base</name>
         <value>0x0</value>
      </symbol>
      <symbol id="sm-5f6">
         <name>__TI_TLS_INIT_Limit</name>
         <value>0x0</value>
      </symbol>
   </symbol_table>
   <title>Link successful</title>
</link_info>
