<?xml version="1.0"?>
<link_info>
   <banner>TMS320C6x Linker Unix v8.2.2</banner>
   <copyright>Copyright (c) 1996-2017 Texas Instruments Incorporated</copyright>
   <link_time>0x5a61aaec</link_time>
   <link_errors>0x0</link_errors>
   <output_file>OMAPL138_SPI_AD7606_STARTWARE_CORE_DSP_CCSV74.out</output_file>
   <entry_point>
      <name>_c_int00</name>
      <address>0x11821120</address>
   </entry_point>
   <input_file_list>
      <input_file id="fl-2">
         <path>./src/</path>
         <kind>object</kind>
         <file>ad7606.obj</file>
         <name>ad7606.obj</name>
      </input_file>
      <input_file id="fl-3">
         <path>./src/</path>
         <kind>object</kind>
         <file>ad9833.obj</file>
         <name>ad9833.obj</name>
      </input_file>
      <input_file id="fl-4">
         <path>./src/</path>
         <kind>object</kind>
         <file>c6748.obj</file>
         <name>c6748.obj</name>
      </input_file>
      <input_file id="fl-5">
         <path>./src/</path>
         <kind>object</kind>
         <file>c6748_gpio.obj</file>
         <name>c6748_gpio.obj</name>
      </input_file>
      <input_file id="fl-6">
         <path>./src/</path>
         <kind>object</kind>
         <file>led.obj</file>
         <name>led.obj</name>
      </input_file>
      <input_file id="fl-7">
         <path>./src/</path>
         <kind>object</kind>
         <file>main.obj</file>
         <name>main.obj</name>
      </input_file>
      <input_file id="fl-8">
         <path>./src/</path>
         <kind>object</kind>
         <file>spi0.obj</file>
         <name>spi0.obj</name>
      </input_file>
      <input_file id="fl-11">
         <kind>object</kind>
         <file>&lt;internal&gt;</file>
         <name>&lt;internal&gt;</name>
      </input_file>
      <input_file id="fl-12">
         <path>../startware/Library/Platform/Debug/</path>
         <kind>archive</kind>
         <file>Platform.lib</file>
         <name>GPIO.obj</name>
      </input_file>
      <input_file id="fl-13">
         <path>../startware/Library/StarterWare/Drivers/Debug/</path>
         <kind>archive</kind>
         <file>drivers.lib</file>
         <name>timer.obj</name>
      </input_file>
      <input_file id="fl-14">
         <path>../startware/Library/StarterWare/Drivers/Debug/</path>
         <kind>archive</kind>
         <file>drivers.lib</file>
         <name>spi.obj</name>
      </input_file>
      <input_file id="fl-15">
         <path>../startware/Library/StarterWare/Drivers/Debug/</path>
         <kind>archive</kind>
         <file>drivers.lib</file>
         <name>psc.obj</name>
      </input_file>
      <input_file id="fl-16">
         <path>../startware/Library/StarterWare/Drivers/Debug/</path>
         <kind>archive</kind>
         <file>drivers.lib</file>
         <name>gpio.obj</name>
      </input_file>
      <input_file id="fl-17">
         <path>../startware/Library/StarterWare/Utils/Debug/</path>
         <kind>archive</kind>
         <file>utils.lib</file>
         <name>uartStdio.obj</name>
      </input_file>
      <input_file id="fl-18">
         <path>../startware/Library/StarterWare/SystemConfig/Debug/</path>
         <kind>archive</kind>
         <file>system_config.lib</file>
         <name>interrupt.obj</name>
      </input_file>
      <input_file id="fl-19">
         <path>../startware/Library/StarterWare/SystemConfig/Debug/</path>
         <kind>archive</kind>
         <file>system_config.lib</file>
         <name>cache.obj</name>
      </input_file>
      <input_file id="fl-1a">
         <path>../startware/Library/StarterWare/SystemConfig/Debug/</path>
         <kind>archive</kind>
         <file>system_config.lib</file>
         <name>intvecs.obj</name>
      </input_file>
      <input_file id="fl-34">
         <path>/opt/ti/ccsv7/tools/compiler/ti-cgt-c6000_8.2.2/lib/</path>
         <kind>archive</kind>
         <file>rts6740_elf.lib</file>
         <name>boot.obj</name>
      </input_file>
      <input_file id="fl-35">
         <path>/opt/ti/ccsv7/tools/compiler/ti-cgt-c6000_8.2.2/lib/</path>
         <kind>archive</kind>
         <file>rts6740_elf.lib</file>
         <name>copy_decompress_none.obj</name>
      </input_file>
      <input_file id="fl-36">
         <path>/opt/ti/ccsv7/tools/compiler/ti-cgt-c6000_8.2.2/lib/</path>
         <kind>archive</kind>
         <file>rts6740_elf.lib</file>
         <name>copy_decompress_rle.obj</name>
      </input_file>
      <input_file id="fl-37">
         <path>/opt/ti/ccsv7/tools/compiler/ti-cgt-c6000_8.2.2/lib/</path>
         <kind>archive</kind>
         <file>rts6740_elf.lib</file>
         <name>copy_zero_init.obj</name>
      </input_file>
      <input_file id="fl-38">
         <path>/opt/ti/ccsv7/tools/compiler/ti-cgt-c6000_8.2.2/lib/</path>
         <kind>archive</kind>
         <file>rts6740_elf.lib</file>
         <name>divu.obj</name>
      </input_file>
      <input_file id="fl-39">
         <path>/opt/ti/ccsv7/tools/compiler/ti-cgt-c6000_8.2.2/lib/</path>
         <kind>archive</kind>
         <file>rts6740_elf.lib</file>
         <name>exit.obj</name>
      </input_file>
      <input_file id="fl-3a">
         <path>/opt/ti/ccsv7/tools/compiler/ti-cgt-c6000_8.2.2/lib/</path>
         <kind>archive</kind>
         <file>rts6740_elf.lib</file>
         <name>fixdu.obj</name>
      </input_file>
      <input_file id="fl-3b">
         <path>/opt/ti/ccsv7/tools/compiler/ti-cgt-c6000_8.2.2/lib/</path>
         <kind>archive</kind>
         <file>rts6740_elf.lib</file>
         <name>memcpy64.obj</name>
      </input_file>
      <input_file id="fl-3c">
         <path>/opt/ti/ccsv7/tools/compiler/ti-cgt-c6000_8.2.2/lib/</path>
         <kind>archive</kind>
         <file>rts6740_elf.lib</file>
         <name>memset.obj</name>
      </input_file>
      <input_file id="fl-3d">
         <path>/opt/ti/ccsv7/tools/compiler/ti-cgt-c6000_8.2.2/lib/</path>
         <kind>archive</kind>
         <file>rts6740_elf.lib</file>
         <name>pre_init.obj</name>
      </input_file>
      <input_file id="fl-3e">
         <path>/opt/ti/ccsv7/tools/compiler/ti-cgt-c6000_8.2.2/lib/</path>
         <kind>archive</kind>
         <file>rts6740_elf.lib</file>
         <name>printf.obj</name>
      </input_file>
      <input_file id="fl-3f">
         <path>/opt/ti/ccsv7/tools/compiler/ti-cgt-c6000_8.2.2/lib/</path>
         <kind>archive</kind>
         <file>rts6740_elf.lib</file>
         <name>remu.obj</name>
      </input_file>
      <input_file id="fl-40">
         <path>/opt/ti/ccsv7/tools/compiler/ti-cgt-c6000_8.2.2/lib/</path>
         <kind>archive</kind>
         <file>rts6740_elf.lib</file>
         <name>sprintf.obj</name>
      </input_file>
      <input_file id="fl-41">
         <path>/opt/ti/ccsv7/tools/compiler/ti-cgt-c6000_8.2.2/lib/</path>
         <kind>archive</kind>
         <file>rts6740_elf.lib</file>
         <name>_lock.obj</name>
      </input_file>
      <input_file id="fl-42">
         <path>/opt/ti/ccsv7/tools/compiler/ti-cgt-c6000_8.2.2/lib/</path>
         <kind>archive</kind>
         <file>rts6740_elf.lib</file>
         <name>_printfi.obj</name>
      </input_file>
      <input_file id="fl-43">
         <path>/opt/ti/ccsv7/tools/compiler/ti-cgt-c6000_8.2.2/lib/</path>
         <kind>archive</kind>
         <file>rts6740_elf.lib</file>
         <name>args_main.obj</name>
      </input_file>
      <input_file id="fl-44">
         <path>/opt/ti/ccsv7/tools/compiler/ti-cgt-c6000_8.2.2/lib/</path>
         <kind>archive</kind>
         <file>rts6740_elf.lib</file>
         <name>atoi.obj</name>
      </input_file>
      <input_file id="fl-45">
         <path>/opt/ti/ccsv7/tools/compiler/ti-cgt-c6000_8.2.2/lib/</path>
         <kind>archive</kind>
         <file>rts6740_elf.lib</file>
         <name>autoinit.obj</name>
      </input_file>
      <input_file id="fl-46">
         <path>/opt/ti/ccsv7/tools/compiler/ti-cgt-c6000_8.2.2/lib/</path>
         <kind>archive</kind>
         <file>rts6740_elf.lib</file>
         <name>cpy_tbl.obj</name>
      </input_file>
      <input_file id="fl-47">
         <path>/opt/ti/ccsv7/tools/compiler/ti-cgt-c6000_8.2.2/lib/</path>
         <kind>archive</kind>
         <file>rts6740_elf.lib</file>
         <name>ctype.obj</name>
      </input_file>
      <input_file id="fl-48">
         <path>/opt/ti/ccsv7/tools/compiler/ti-cgt-c6000_8.2.2/lib/</path>
         <kind>archive</kind>
         <file>rts6740_elf.lib</file>
         <name>defs.obj</name>
      </input_file>
      <input_file id="fl-49">
         <path>/opt/ti/ccsv7/tools/compiler/ti-cgt-c6000_8.2.2/lib/</path>
         <kind>archive</kind>
         <file>rts6740_elf.lib</file>
         <name>divd.obj</name>
      </input_file>
      <input_file id="fl-4a">
         <path>/opt/ti/ccsv7/tools/compiler/ti-cgt-c6000_8.2.2/lib/</path>
         <kind>archive</kind>
         <file>rts6740_elf.lib</file>
         <name>fputc.obj</name>
      </input_file>
      <input_file id="fl-4b">
         <path>/opt/ti/ccsv7/tools/compiler/ti-cgt-c6000_8.2.2/lib/</path>
         <kind>archive</kind>
         <file>rts6740_elf.lib</file>
         <name>fputs.obj</name>
      </input_file>
      <input_file id="fl-4c">
         <path>/opt/ti/ccsv7/tools/compiler/ti-cgt-c6000_8.2.2/lib/</path>
         <kind>archive</kind>
         <file>rts6740_elf.lib</file>
         <name>frcmpyd_div.obj</name>
      </input_file>
      <input_file id="fl-4d">
         <path>/opt/ti/ccsv7/tools/compiler/ti-cgt-c6000_8.2.2/lib/</path>
         <kind>archive</kind>
         <file>rts6740_elf.lib</file>
         <name>frexp.obj</name>
      </input_file>
      <input_file id="fl-4e">
         <path>/opt/ti/ccsv7/tools/compiler/ti-cgt-c6000_8.2.2/lib/</path>
         <kind>archive</kind>
         <file>rts6740_elf.lib</file>
         <name>imath40.obj</name>
      </input_file>
      <input_file id="fl-4f">
         <path>/opt/ti/ccsv7/tools/compiler/ti-cgt-c6000_8.2.2/lib/</path>
         <kind>archive</kind>
         <file>rts6740_elf.lib</file>
         <name>imath64.obj</name>
      </input_file>
      <input_file id="fl-50">
         <path>/opt/ti/ccsv7/tools/compiler/ti-cgt-c6000_8.2.2/lib/</path>
         <kind>archive</kind>
         <file>rts6740_elf.lib</file>
         <name>isinf.obj</name>
      </input_file>
      <input_file id="fl-51">
         <path>/opt/ti/ccsv7/tools/compiler/ti-cgt-c6000_8.2.2/lib/</path>
         <kind>archive</kind>
         <file>rts6740_elf.lib</file>
         <name>ldexp.obj</name>
      </input_file>
      <input_file id="fl-52">
         <path>/opt/ti/ccsv7/tools/compiler/ti-cgt-c6000_8.2.2/lib/</path>
         <kind>archive</kind>
         <file>rts6740_elf.lib</file>
         <name>llabs.obj</name>
      </input_file>
      <input_file id="fl-53">
         <path>/opt/ti/ccsv7/tools/compiler/ti-cgt-c6000_8.2.2/lib/</path>
         <kind>archive</kind>
         <file>rts6740_elf.lib</file>
         <name>llshift.obj</name>
      </input_file>
      <input_file id="fl-54">
         <path>/opt/ti/ccsv7/tools/compiler/ti-cgt-c6000_8.2.2/lib/</path>
         <kind>archive</kind>
         <file>rts6740_elf.lib</file>
         <name>ltoa.obj</name>
      </input_file>
      <input_file id="fl-55">
         <path>/opt/ti/ccsv7/tools/compiler/ti-cgt-c6000_8.2.2/lib/</path>
         <kind>archive</kind>
         <file>rts6740_elf.lib</file>
         <name>memccpy.obj</name>
      </input_file>
      <input_file id="fl-56">
         <path>/opt/ti/ccsv7/tools/compiler/ti-cgt-c6000_8.2.2/lib/</path>
         <kind>archive</kind>
         <file>rts6740_elf.lib</file>
         <name>startup.obj</name>
      </input_file>
      <input_file id="fl-57">
         <path>/opt/ti/ccsv7/tools/compiler/ti-cgt-c6000_8.2.2/lib/</path>
         <kind>archive</kind>
         <file>rts6740_elf.lib</file>
         <name>tls.obj</name>
      </input_file>
      <input_file id="fl-58">
         <path>/opt/ti/ccsv7/tools/compiler/ti-cgt-c6000_8.2.2/lib/</path>
         <kind>archive</kind>
         <file>rts6740_elf.lib</file>
         <name>tls_get_tp.obj</name>
      </input_file>
      <input_file id="fl-59">
         <path>/opt/ti/ccsv7/tools/compiler/ti-cgt-c6000_8.2.2/lib/</path>
         <kind>archive</kind>
         <file>rts6740_elf.lib</file>
         <name>write.obj</name>
      </input_file>
      <input_file id="fl-5a">
         <path>/opt/ti/ccsv7/tools/compiler/ti-cgt-c6000_8.2.2/lib/</path>
         <kind>archive</kind>
         <file>rts6740_elf.lib</file>
         <name>_io_perm.obj</name>
      </input_file>
      <input_file id="fl-5b">
         <path>/opt/ti/ccsv7/tools/compiler/ti-cgt-c6000_8.2.2/lib/</path>
         <kind>archive</kind>
         <file>rts6740_elf.lib</file>
         <name>errno.obj</name>
      </input_file>
      <input_file id="fl-5c">
         <path>/opt/ti/ccsv7/tools/compiler/ti-cgt-c6000_8.2.2/lib/</path>
         <kind>archive</kind>
         <file>rts6740_elf.lib</file>
         <name>fflush.obj</name>
      </input_file>
      <input_file id="fl-5d">
         <path>/opt/ti/ccsv7/tools/compiler/ti-cgt-c6000_8.2.2/lib/</path>
         <kind>archive</kind>
         <file>rts6740_elf.lib</file>
         <name>fseek.obj</name>
      </input_file>
      <input_file id="fl-5e">
         <path>/opt/ti/ccsv7/tools/compiler/ti-cgt-c6000_8.2.2/lib/</path>
         <kind>archive</kind>
         <file>rts6740_elf.lib</file>
         <name>hostclose.obj</name>
      </input_file>
      <input_file id="fl-5f">
         <path>/opt/ti/ccsv7/tools/compiler/ti-cgt-c6000_8.2.2/lib/</path>
         <kind>archive</kind>
         <file>rts6740_elf.lib</file>
         <name>hostlseek.obj</name>
      </input_file>
      <input_file id="fl-60">
         <path>/opt/ti/ccsv7/tools/compiler/ti-cgt-c6000_8.2.2/lib/</path>
         <kind>archive</kind>
         <file>rts6740_elf.lib</file>
         <name>hostopen.obj</name>
      </input_file>
      <input_file id="fl-61">
         <path>/opt/ti/ccsv7/tools/compiler/ti-cgt-c6000_8.2.2/lib/</path>
         <kind>archive</kind>
         <file>rts6740_elf.lib</file>
         <name>hostread.obj</name>
      </input_file>
      <input_file id="fl-62">
         <path>/opt/ti/ccsv7/tools/compiler/ti-cgt-c6000_8.2.2/lib/</path>
         <kind>archive</kind>
         <file>rts6740_elf.lib</file>
         <name>hostrename.obj</name>
      </input_file>
      <input_file id="fl-63">
         <path>/opt/ti/ccsv7/tools/compiler/ti-cgt-c6000_8.2.2/lib/</path>
         <kind>archive</kind>
         <file>rts6740_elf.lib</file>
         <name>hostunlink.obj</name>
      </input_file>
      <input_file id="fl-64">
         <path>/opt/ti/ccsv7/tools/compiler/ti-cgt-c6000_8.2.2/lib/</path>
         <kind>archive</kind>
         <file>rts6740_elf.lib</file>
         <name>hostwrite.obj</name>
      </input_file>
      <input_file id="fl-65">
         <path>/opt/ti/ccsv7/tools/compiler/ti-cgt-c6000_8.2.2/lib/</path>
         <kind>archive</kind>
         <file>rts6740_elf.lib</file>
         <name>lseek.obj</name>
      </input_file>
      <input_file id="fl-66">
         <path>/opt/ti/ccsv7/tools/compiler/ti-cgt-c6000_8.2.2/lib/</path>
         <kind>archive</kind>
         <file>rts6740_elf.lib</file>
         <name>setvbuf.obj</name>
      </input_file>
      <input_file id="fl-67">
         <path>/opt/ti/ccsv7/tools/compiler/ti-cgt-c6000_8.2.2/lib/</path>
         <kind>archive</kind>
         <file>rts6740_elf.lib</file>
         <name>trgmsg.obj</name>
      </input_file>
      <input_file id="fl-68">
         <path>/opt/ti/ccsv7/tools/compiler/ti-cgt-c6000_8.2.2/lib/</path>
         <kind>archive</kind>
         <file>rts6740_elf.lib</file>
         <name>fopen.obj</name>
      </input_file>
      <input_file id="fl-69">
         <path>/opt/ti/ccsv7/tools/compiler/ti-cgt-c6000_8.2.2/lib/</path>
         <kind>archive</kind>
         <file>rts6740_elf.lib</file>
         <name>memory.obj</name>
      </input_file>
      <input_file id="fl-6a">
         <path>/opt/ti/ccsv7/tools/compiler/ti-cgt-c6000_8.2.2/lib/</path>
         <kind>archive</kind>
         <file>rts6740_elf.lib</file>
         <name>open.obj</name>
      </input_file>
      <input_file id="fl-6b">
         <path>/opt/ti/ccsv7/tools/compiler/ti-cgt-c6000_8.2.2/lib/</path>
         <kind>archive</kind>
         <file>rts6740_elf.lib</file>
         <name>fclose.obj</name>
      </input_file>
      <input_file id="fl-6c">
         <path>/opt/ti/ccsv7/tools/compiler/ti-cgt-c6000_8.2.2/lib/</path>
         <kind>archive</kind>
         <file>rts6740_elf.lib</file>
         <name>getdevice.obj</name>
      </input_file>
      <input_file id="fl-6d">
         <path>/opt/ti/ccsv7/tools/compiler/ti-cgt-c6000_8.2.2/lib/</path>
         <kind>archive</kind>
         <file>rts6740_elf.lib</file>
         <name>remove.obj</name>
      </input_file>
      <input_file id="fl-6e">
         <path>/opt/ti/ccsv7/tools/compiler/ti-cgt-c6000_8.2.2/lib/</path>
         <kind>archive</kind>
         <file>rts6740_elf.lib</file>
         <name>unlink.obj</name>
      </input_file>
      <input_file id="fl-6f">
         <path>/opt/ti/ccsv7/tools/compiler/ti-cgt-c6000_8.2.2/lib/</path>
         <kind>archive</kind>
         <file>rts6740_elf.lib</file>
         <name>close.obj</name>
      </input_file>
      <input_file id="fl-70">
         <path>../startware/Library/Platform/Debug/</path>
         <kind>archive</kind>
         <file>Platform.lib</file>
         <name>UARTConsole.obj</name>
      </input_file>
      <input_file id="fl-71">
         <path>../startware/Library/Platform/Debug/</path>
         <kind>archive</kind>
         <file>Platform.lib</file>
         <name>UART.obj</name>
      </input_file>
      <input_file id="fl-72">
         <path>../startware/Library/StarterWare/Drivers/Debug/</path>
         <kind>archive</kind>
         <file>drivers.lib</file>
         <name>uart.obj</name>
      </input_file>
   </input_file_list>
   <object_component_list>
      <object_component id="oc-20b">
         <name>.text:__TI_printfi</name>
         <load_address>0x11814000</load_address>
         <run_address>0x11814000</run_address>
         <size>0x1ce0</size>
         <input_file_ref idref="fl-42"/>
      </object_component>
      <object_component id="oc-38">
         <name>.text:retain</name>
         <load_address>0x11815ce0</load_address>
         <run_address>0x11815ce0</run_address>
         <size>0x1aa0</size>
         <input_file_ref idref="fl-18"/>
      </object_component>
      <object_component id="oc-ed">
         <name>.text</name>
         <load_address>0x11817780</load_address>
         <run_address>0x11817780</run_address>
         <size>0xb60</size>
         <input_file_ref idref="fl-17"/>
      </object_component>
      <object_component id="oc-10b">
         <name>.text</name>
         <load_address>0x118182e0</load_address>
         <run_address>0x118182e0</run_address>
         <size>0x860</size>
         <input_file_ref idref="fl-4"/>
      </object_component>
      <object_component id="oc-ff">
         <name>.text</name>
         <load_address>0x11818b40</load_address>
         <run_address>0x11818b40</run_address>
         <size>0x820</size>
         <input_file_ref idref="fl-13"/>
      </object_component>
      <object_component id="oc-a8">
         <name>.text</name>
         <load_address>0x11819360</load_address>
         <run_address>0x11819360</run_address>
         <size>0x7e0</size>
         <input_file_ref idref="fl-7"/>
      </object_component>
      <object_component id="oc-124">
         <name>.text</name>
         <load_address>0x11819b40</load_address>
         <run_address>0x11819b40</run_address>
         <size>0x700</size>
         <input_file_ref idref="fl-2"/>
      </object_component>
      <object_component id="oc-284">
         <name>.text:_pconv_a</name>
         <load_address>0x1181a240</load_address>
         <run_address>0x1181a240</run_address>
         <size>0x680</size>
         <input_file_ref idref="fl-42"/>
      </object_component>
      <object_component id="oc-f9">
         <name>.text</name>
         <load_address>0x1181a8c0</load_address>
         <run_address>0x1181a8c0</run_address>
         <size>0x5e0</size>
         <input_file_ref idref="fl-18"/>
      </object_component>
      <object_component id="oc-2e4">
         <name>.text:__c6xabi_divd</name>
         <load_address>0x1181aea0</load_address>
         <run_address>0x1181aea0</run_address>
         <size>0x5c0</size>
         <input_file_ref idref="fl-49"/>
      </object_component>
      <object_component id="oc-111">
         <name>.text</name>
         <load_address>0x1181b460</load_address>
         <run_address>0x1181b460</run_address>
         <size>0x580</size>
         <input_file_ref idref="fl-16"/>
      </object_component>
      <object_component id="oc-1da">
         <name>.text</name>
         <load_address>0x1181b9e0</load_address>
         <run_address>0x1181b9e0</run_address>
         <size>0x580</size>
         <input_file_ref idref="fl-72"/>
      </object_component>
      <object_component id="oc-272">
         <name>.text:_pconv_g</name>
         <load_address>0x1181bf60</load_address>
         <run_address>0x1181bf60</run_address>
         <size>0x500</size>
         <input_file_ref idref="fl-42"/>
      </object_component>
      <object_component id="oc-378">
         <name>.text:free</name>
         <load_address>0x1181c460</load_address>
         <run_address>0x1181c460</run_address>
         <size>0x440</size>
         <input_file_ref idref="fl-69"/>
      </object_component>
      <object_component id="oc-27e">
         <name>.text:_pconv_e</name>
         <load_address>0x1181c8a0</load_address>
         <run_address>0x1181c8a0</run_address>
         <size>0x420</size>
         <input_file_ref idref="fl-42"/>
      </object_component>
      <object_component id="oc-e7">
         <name>.text</name>
         <load_address>0x1181ccc0</load_address>
         <run_address>0x1181ccc0</run_address>
         <size>0x420</size>
         <input_file_ref idref="fl-19"/>
      </object_component>
      <object_component id="oc-253">
         <name>.text:fputs</name>
         <load_address>0x1181d0e0</load_address>
         <run_address>0x1181d0e0</run_address>
         <size>0x3e0</size>
         <input_file_ref idref="fl-4b"/>
      </object_component>
      <object_component id="oc-11e">
         <name>.text</name>
         <load_address>0x1181d4c0</load_address>
         <run_address>0x1181d4c0</run_address>
         <size>0x360</size>
         <input_file_ref idref="fl-3"/>
      </object_component>
      <object_component id="oc-278">
         <name>.text:_pconv_f</name>
         <load_address>0x1181d820</load_address>
         <run_address>0x1181d820</run_address>
         <size>0x2a0</size>
         <input_file_ref idref="fl-42"/>
      </object_component>
      <object_component id="oc-2f7">
         <name>.text:fcvt</name>
         <load_address>0x1181dac0</load_address>
         <run_address>0x1181dac0</run_address>
         <size>0x2a0</size>
         <input_file_ref idref="fl-42"/>
      </object_component>
      <object_component id="oc-2d6">
         <name>.text:__c6xabi_divull</name>
         <load_address>0x1181dd60</load_address>
         <run_address>0x1181dd60</run_address>
         <size>0x260</size>
         <input_file_ref idref="fl-4f"/>
      </object_component>
      <object_component id="oc-24c">
         <name>.text:fputc</name>
         <load_address>0x1181dfc0</load_address>
         <run_address>0x1181dfc0</run_address>
         <size>0x220</size>
         <input_file_ref idref="fl-4a"/>
      </object_component>
      <object_component id="oc-31b">
         <name>.text:setvbuf</name>
         <load_address>0x1181e1e0</load_address>
         <run_address>0x1181e1e0</run_address>
         <size>0x220</size>
         <input_file_ref idref="fl-66"/>
      </object_component>
      <object_component id="oc-266">
         <name>.text:_ltostr</name>
         <load_address>0x1181e400</load_address>
         <run_address>0x1181e400</run_address>
         <size>0x200</size>
         <input_file_ref idref="fl-42"/>
      </object_component>
      <object_component id="oc-1af">
         <name>.text</name>
         <load_address>0x1181e600</load_address>
         <run_address>0x1181e600</run_address>
         <size>0x1e0</size>
         <input_file_ref idref="fl-12"/>
      </object_component>
      <object_component id="oc-35e">
         <name>.text:__c6xabi_errno_addr</name>
         <load_address>0x1181e7e0</load_address>
         <run_address>0x1181e7e0</run_address>
         <size>0x20</size>
         <input_file_ref idref="fl-5b"/>
      </object_component>
      <object_component id="oc-2e">
         <name>.text</name>
         <load_address>0x1181e800</load_address>
         <run_address>0x1181e800</run_address>
         <size>0x200</size>
         <input_file_ref idref="fl-1a"/>
      </object_component>
      <object_component id="oc-2dc">
         <name>.text:__c6xabi_divul</name>
         <load_address>0x1181ea00</load_address>
         <run_address>0x1181ea00</run_address>
         <size>0x1c0</size>
         <input_file_ref idref="fl-4e"/>
      </object_component>
      <object_component id="oc-2ff">
         <name>.text:frexp</name>
         <load_address>0x1181ebc0</load_address>
         <run_address>0x1181ebc0</run_address>
         <size>0x1c0</size>
         <input_file_ref idref="fl-4d"/>
      </object_component>
      <object_component id="oc-40b">
         <name>.text:HOSTrename</name>
         <load_address>0x1181ed80</load_address>
         <run_address>0x1181ed80</run_address>
         <size>0x1a0</size>
         <input_file_ref idref="fl-62"/>
      </object_component>
      <object_component id="oc-1e0">
         <name>.text</name>
         <load_address>0x1181ef20</load_address>
         <run_address>0x1181ef20</run_address>
         <size>0x180</size>
         <input_file_ref idref="fl-71"/>
      </object_component>
      <object_component id="oc-305">
         <name>.text:ldexp</name>
         <load_address>0x1181f0a0</load_address>
         <run_address>0x1181f0a0</run_address>
         <size>0x180</size>
         <input_file_ref idref="fl-51"/>
      </object_component>
      <object_component id="oc-37e">
         <name>.text:malloc</name>
         <load_address>0x1181f220</load_address>
         <run_address>0x1181f220</run_address>
         <size>0x180</size>
         <input_file_ref idref="fl-69"/>
      </object_component>
      <object_component id="oc-7a">
         <name>.text:_auto_init_elf</name>
         <load_address>0x1181f3a0</load_address>
         <run_address>0x1181f3a0</run_address>
         <size>0x160</size>
         <input_file_ref idref="fl-45"/>
      </object_component>
      <object_component id="oc-3c7">
         <name>.text:__TI_closefile</name>
         <load_address>0x1181f500</load_address>
         <run_address>0x1181f500</run_address>
         <size>0x140</size>
         <input_file_ref idref="fl-6b"/>
      </object_component>
      <object_component id="oc-105">
         <name>.text</name>
         <load_address>0x1181f640</load_address>
         <run_address>0x1181f640</run_address>
         <size>0x140</size>
         <input_file_ref idref="fl-15"/>
      </object_component>
      <object_component id="oc-454">
         <name>.text:getdevice</name>
         <load_address>0x1181f780</load_address>
         <run_address>0x1181f780</run_address>
         <size>0x140</size>
         <input_file_ref idref="fl-6c"/>
      </object_component>
      <object_component id="oc-315">
         <name>.text:fseek</name>
         <load_address>0x1181f8c0</load_address>
         <run_address>0x1181f8c0</run_address>
         <size>0x120</size>
         <input_file_ref idref="fl-5d"/>
      </object_component>
      <object_component id="oc-50">
         <name>.text:__TI_decompress_rle_core</name>
         <load_address>0x1181f9e0</load_address>
         <run_address>0x1181f9e0</run_address>
         <size>0x100</size>
         <input_file_ref idref="fl-36"/>
      </object_component>
      <object_component id="oc-2ba">
         <name>.text:__TI_wrt_ok</name>
         <load_address>0x1181fae0</load_address>
         <run_address>0x1181fae0</run_address>
         <size>0x100</size>
         <input_file_ref idref="fl-5a"/>
      </object_component>
      <object_component id="oc-25a">
         <name>.text:atoi</name>
         <load_address>0x1181fbe0</load_address>
         <run_address>0x1181fbe0</run_address>
         <size>0x100</size>
         <input_file_ref idref="fl-44"/>
      </object_component>
      <object_component id="oc-bc">
         <name>.text:copy_in</name>
         <load_address>0x1181fce0</load_address>
         <run_address>0x1181fce0</run_address>
         <size>0x100</size>
         <input_file_ref idref="fl-46"/>
      </object_component>
      <object_component id="oc-3ff">
         <name>.text:HOSTlseek</name>
         <load_address>0x1181fde0</load_address>
         <run_address>0x1181fde0</run_address>
         <size>0xe0</size>
         <input_file_ref idref="fl-5f"/>
      </object_component>
      <object_component id="oc-3e7">
         <name>.text:HOSTopen</name>
         <load_address>0x1181fec0</load_address>
         <run_address>0x1181fec0</run_address>
         <size>0xe0</size>
         <input_file_ref idref="fl-60"/>
      </object_component>
      <object_component id="oc-3f9">
         <name>.text:HOSTwrite</name>
         <load_address>0x1181ffa0</load_address>
         <run_address>0x1181ffa0</run_address>
         <size>0xe0</size>
         <input_file_ref idref="fl-64"/>
      </object_component>
      <object_component id="oc-15a">
         <name>.text</name>
         <load_address>0x11820080</load_address>
         <run_address>0x11820080</run_address>
         <size>0xe0</size>
         <input_file_ref idref="fl-70"/>
      </object_component>
      <object_component id="oc-422">
         <name>.text:close</name>
         <load_address>0x11820160</load_address>
         <run_address>0x11820160</run_address>
         <size>0xe0</size>
         <input_file_ref idref="fl-6f"/>
      </object_component>
      <object_component id="oc-6e">
         <name>.text:exit</name>
         <load_address>0x11820240</load_address>
         <run_address>0x11820240</run_address>
         <size>0xe0</size>
         <input_file_ref idref="fl-39"/>
      </object_component>
      <object_component id="oc-f3">
         <name>.text</name>
         <load_address>0x11820320</load_address>
         <run_address>0x11820320</run_address>
         <size>0xe0</size>
         <input_file_ref idref="fl-6"/>
      </object_component>
      <object_component id="oc-2ea">
         <name>.text:ltoa</name>
         <load_address>0x11820400</load_address>
         <run_address>0x11820400</run_address>
         <size>0xe0</size>
         <input_file_ref idref="fl-54"/>
      </object_component>
      <object_component id="oc-5c">
         <name>.text:memset</name>
         <load_address>0x118204e0</load_address>
         <run_address>0x118204e0</run_address>
         <size>0xe0</size>
         <input_file_ref idref="fl-3c"/>
      </object_component>
      <object_component id="oc-187">
         <name>.text:printf</name>
         <load_address>0x118205c0</load_address>
         <run_address>0x118205c0</run_address>
         <size>0xe0</size>
         <input_file_ref idref="fl-3e"/>
      </object_component>
      <object_component id="oc-3f3">
         <name>.text:HOSTread</name>
         <load_address>0x118206a0</load_address>
         <run_address>0x118206a0</run_address>
         <size>0xc0</size>
         <input_file_ref idref="fl-61"/>
      </object_component>
      <object_component id="oc-405">
         <name>.text:HOSTunlink</name>
         <load_address>0x11820760</load_address>
         <run_address>0x11820760</run_address>
         <size>0xc0</size>
         <input_file_ref idref="fl-63"/>
      </object_component>
      <object_component id="oc-2c6">
         <name>.text:__TI_doflush</name>
         <load_address>0x11820820</load_address>
         <run_address>0x11820820</run_address>
         <size>0xc0</size>
         <input_file_ref idref="fl-5c"/>
      </object_component>
      <object_component id="oc-160">
         <name>.text:__divu</name>
         <load_address>0x118208e0</load_address>
         <run_address>0x118208e0</run_address>
         <size>0xc0</size>
         <input_file_ref idref="fl-38"/>
      </object_component>
      <object_component id="oc-2f0">
         <name>.text:_ecpy</name>
         <load_address>0x118209a0</load_address>
         <run_address>0x118209a0</run_address>
         <size>0xc0</size>
         <input_file_ref idref="fl-42"/>
      </object_component>
      <object_component id="oc-3d7">
         <name>.text:mremove</name>
         <load_address>0x11820a60</load_address>
         <run_address>0x11820a60</run_address>
         <size>0xc0</size>
         <input_file_ref idref="fl-69"/>
      </object_component>
      <object_component id="oc-c8">
         <name>.text:tls:init:__TI_tls_init</name>
         <load_address>0x11820b20</load_address>
         <run_address>0x11820b20</run_address>
         <size>0xc0</size>
         <input_file_ref idref="fl-57"/>
      </object_component>
      <object_component id="oc-3ed">
         <name>.text:HOSTclose</name>
         <load_address>0x11820be0</load_address>
         <run_address>0x11820be0</run_address>
         <size>0xa0</size>
         <input_file_ref idref="fl-5e"/>
      </object_component>
      <object_component id="oc-372">
         <name>.text:__TI_cleanup</name>
         <load_address>0x11820c80</load_address>
         <run_address>0x11820c80</run_address>
         <size>0xa0</size>
         <input_file_ref idref="fl-68"/>
      </object_component>
      <object_component id="oc-165">
         <name>.text:__remu</name>
         <load_address>0x11820d20</load_address>
         <run_address>0x11820d20</run_address>
         <size>0xa0</size>
         <input_file_ref idref="fl-3f"/>
      </object_component>
      <object_component id="oc-3de">
         <name>.text:_minit</name>
         <load_address>0x11820dc0</load_address>
         <run_address>0x11820dc0</run_address>
         <size>0xa0</size>
         <input_file_ref idref="fl-69"/>
      </object_component>
      <object_component id="oc-44">
         <name>.text:memcpy</name>
         <load_address>0x11820e60</load_address>
         <run_address>0x11820e60</run_address>
         <size>0xa0</size>
         <input_file_ref idref="fl-3b"/>
      </object_component>
      <object_component id="oc-3d1">
         <name>.text:minsert</name>
         <load_address>0x11820f00</load_address>
         <run_address>0x11820f00</run_address>
         <size>0xa0</size>
         <input_file_ref idref="fl-69"/>
      </object_component>
      <object_component id="oc-43f">
         <name>.text:__TI_readmsg</name>
         <load_address>0x11820fa0</load_address>
         <run_address>0x11820fa0</run_address>
         <size>0x80</size>
         <input_file_ref idref="fl-67"/>
      </object_component>
      <object_component id="oc-1b5">
         <name>.text:__c6xabi_fixdu</name>
         <load_address>0x11821020</load_address>
         <run_address>0x11821020</run_address>
         <size>0x80</size>
         <input_file_ref idref="fl-3a"/>
      </object_component>
      <object_component id="oc-333">
         <name>.text:__c6xabi_llshl</name>
         <load_address>0x118210a0</load_address>
         <run_address>0x118210a0</run_address>
         <size>0x80</size>
         <input_file_ref idref="fl-53"/>
      </object_component>
      <object_component id="oc-2d">
         <name>.text:_c_int00</name>
         <load_address>0x11821120</load_address>
         <run_address>0x11821120</run_address>
         <size>0x80</size>
         <input_file_ref idref="fl-34"/>
      </object_component>
      <object_component id="oc-474">
         <name>.text:finddevice</name>
         <load_address>0x118211a0</load_address>
         <run_address>0x118211a0</run_address>
         <size>0x80</size>
         <input_file_ref idref="fl-6c"/>
      </object_component>
      <object_component id="oc-428">
         <name>.text:unlink</name>
         <load_address>0x11821220</load_address>
         <run_address>0x11821220</run_address>
         <size>0x80</size>
         <input_file_ref idref="fl-6e"/>
      </object_component>
      <object_component id="oc-439">
         <name>.text:__TI_writemsg</name>
         <load_address>0x118212a0</load_address>
         <run_address>0x118212a0</run_address>
         <size>0x60</size>
         <input_file_ref idref="fl-67"/>
      </object_component>
      <object_component id="oc-33f">
         <name>.text:__c6xabi_llshru</name>
         <load_address>0x11821300</load_address>
         <run_address>0x11821300</run_address>
         <size>0x60</size>
         <input_file_ref idref="fl-53"/>
      </object_component>
      <object_component id="oc-339">
         <name>.text:_subcull</name>
         <load_address>0x11821360</load_address>
         <run_address>0x11821360</run_address>
         <size>0x60</size>
         <input_file_ref idref="fl-4f"/>
      </object_component>
      <object_component id="oc-36a">
         <name>.text:lseek</name>
         <load_address>0x118213c0</load_address>
         <run_address>0x118213c0</run_address>
         <size>0x60</size>
         <input_file_ref idref="fl-65"/>
      </object_component>
      <object_component id="oc-28a">
         <name>.text:memccpy</name>
         <load_address>0x11821420</load_address>
         <run_address>0x11821420</run_address>
         <size>0x60</size>
         <input_file_ref idref="fl-55"/>
      </object_component>
      <object_component id="oc-18d">
         <name>.text:sprintf</name>
         <load_address>0x11821480</load_address>
         <run_address>0x11821480</run_address>
         <size>0x60</size>
         <input_file_ref idref="fl-40"/>
      </object_component>
      <object_component id="oc-2c0">
         <name>.text:write</name>
         <load_address>0x118214e0</load_address>
         <run_address>0x118214e0</run_address>
         <size>0x60</size>
         <input_file_ref idref="fl-59"/>
      </object_component>
      <object_component id="oc-349">
         <name>.text:__TI_frcmpyd_div</name>
         <load_address>0x11821540</load_address>
         <run_address>0x11821540</run_address>
         <size>0x40</size>
         <input_file_ref idref="fl-4c"/>
      </object_component>
      <object_component id="oc-26c">
         <name>.text:__c6xabi_isinf</name>
         <load_address>0x11821580</load_address>
         <run_address>0x11821580</run_address>
         <size>0x40</size>
         <input_file_ref idref="fl-50"/>
      </object_component>
      <object_component id="oc-260">
         <name>.text:__c6xabi_isnan</name>
         <load_address>0x118215c0</load_address>
         <run_address>0x118215c0</run_address>
         <size>0x40</size>
         <input_file_ref idref="fl-42"/>
      </object_component>
      <object_component id="oc-68">
         <name>.text:_args_main</name>
         <load_address>0x11821600</load_address>
         <run_address>0x11821600</run_address>
         <size>0x40</size>
         <input_file_ref idref="fl-43"/>
      </object_component>
      <object_component id="oc-219">
         <name>.text:_outs</name>
         <load_address>0x11821640</load_address>
         <run_address>0x11821640</run_address>
         <size>0x40</size>
         <input_file_ref idref="fl-40"/>
      </object_component>
      <object_component id="oc-23d">
         <name>.text:_nop</name>
         <load_address>0x11821680</load_address>
         <run_address>0x11821680</run_address>
         <size>0x20</size>
         <input_file_ref idref="fl-41"/>
      </object_component>
      <object_component id="oc-1ff">
         <name>.text:_outc</name>
         <load_address>0x118216a0</load_address>
         <run_address>0x118216a0</run_address>
         <size>0x20</size>
         <input_file_ref idref="fl-3e"/>
      </object_component>
      <object_component id="oc-213">
         <name>.text:_outc</name>
         <load_address>0x118216c0</load_address>
         <run_address>0x118216c0</run_address>
         <size>0x20</size>
         <input_file_ref idref="fl-40"/>
      </object_component>
      <object_component id="oc-205">
         <name>.text:_outs</name>
         <load_address>0x118216e0</load_address>
         <run_address>0x118216e0</run_address>
         <size>0x20</size>
         <input_file_ref idref="fl-3e"/>
      </object_component>
      <object_component id="oc-c2">
         <name>.text:_system_post_cinit</name>
         <load_address>0x11821700</load_address>
         <run_address>0x11821700</run_address>
         <size>0x20</size>
         <input_file_ref idref="fl-56"/>
      </object_component>
      <object_component id="oc-74">
         <name>.text:_system_pre_init</name>
         <load_address>0x11821720</load_address>
         <run_address>0x11821720</run_address>
         <size>0x20</size>
         <input_file_ref idref="fl-3d"/>
      </object_component>
      <object_component id="oc-b3">
         <name>.text:abort</name>
         <load_address>0x11821740</load_address>
         <run_address>0x11821740</run_address>
         <size>0x20</size>
         <input_file_ref idref="fl-39"/>
      </object_component>
      <object_component id="oc-1b">
         <name>.text:decompress:none:__TI_decompress_none</name>
         <load_address>0x11821760</load_address>
         <run_address>0x11821760</run_address>
         <size>0x20</size>
         <input_file_ref idref="fl-35"/>
      </object_component>
      <object_component id="oc-21">
         <name>.text:decompress:rle24:__TI_decompress_rle24</name>
         <load_address>0x11821780</load_address>
         <run_address>0x11821780</run_address>
         <size>0x20</size>
         <input_file_ref idref="fl-36"/>
      </object_component>
      <object_component id="oc-3e">
         <name>.stack</name>
         <uninitialized>true</uninitialized>
         <run_address>0x118217a0</run_address>
         <size>0x8</size>
         <input_file_ref idref="fl-34"/>
      </object_component>
      <object_component id="oc-4b7">
         <name>.stack</name>
         <uninitialized>true</uninitialized>
         <run_address>0x118217a0</run_address>
         <size>0x0</size>
      </object_component>
      <object_component id="oc-460">
         <name>.cio</name>
         <uninitialized>true</uninitialized>
         <run_address>0x11822938</run_address>
         <size>0x120</size>
         <input_file_ref idref="fl-67"/>
      </object_component>
      <object_component id="oc-2d0">
         <name>.const:.string:_ctypes_</name>
         <load_address>0x118227a0</load_address>
         <run_address>0x118227a0</run_address>
         <size>0x101</size>
         <input_file_ref idref="fl-47"/>
      </object_component>
      <object_component id="oc-186">
         <name>.const:.string</name>
         <load_address>0x118228a4</load_address>
         <run_address>0x118228a4</run_address>
         <size>0x50</size>
         <input_file_ref idref="fl-4"/>
      </object_component>
      <object_component id="oc-290">
         <name>.const:.string</name>
         <load_address>0x118228f4</load_address>
         <run_address>0x118228f4</run_address>
         <size>0x24</size>
         <input_file_ref idref="fl-42"/>
      </object_component>
      <object_component id="oc-16a">
         <name>.const:.string</name>
         <load_address>0x11822918</load_address>
         <run_address>0x11822918</run_address>
         <size>0x1c</size>
         <input_file_ref idref="fl-17"/>
      </object_component>
      <object_component id="oc-291">
         <name>.switch:__TI_printfi</name>
         <load_address>0x11822a58</load_address>
         <run_address>0x11822a58</run_address>
         <size>0x38</size>
         <input_file_ref idref="fl-42"/>
      </object_component>
      <object_component id="oc-16e">
         <name>.switch:UARTprintf</name>
         <load_address>0x11822a90</load_address>
         <run_address>0x11822a90</run_address>
         <size>0x24</size>
         <input_file_ref idref="fl-17"/>
      </object_component>
      <object_component id="oc-19a">
         <name>.switch:GPIOIntTypeSet</name>
         <load_address>0x11822ab4</load_address>
         <run_address>0x11822ab4</run_address>
         <size>0x10</size>
         <input_file_ref idref="fl-16"/>
      </object_component>
      <object_component id="oc-41">
         <name>.sysmem</name>
         <uninitialized>true</uninitialized>
         <run_address>0x11821fa0</run_address>
         <size>0x8</size>
         <input_file_ref idref="fl-69"/>
      </object_component>
      <object_component id="oc-4b8">
         <name>.sysmem</name>
         <uninitialized>true</uninitialized>
         <run_address>0x11821fa0</run_address>
         <size>0x0</size>
      </object_component>
      <object_component id="oc-4b3">
         <name>.cinit..fardata.load</name>
         <load_address>0x11822ac8</load_address>
         <run_address>0x11822ac8</run_address>
         <size>0x6f</size>
      </object_component>
      <object_component id="oc-4b6">
         <name>.cinit..far.load</name>
         <load_address>0x11822b37</load_address>
         <run_address>0x11822b37</run_address>
         <size>0xd</size>
      </object_component>
      <object_component id="oc-4b5">
         <name>.cinit..rodata.load</name>
         <load_address>0x11822b44</load_address>
         <run_address>0x11822b44</run_address>
         <size>0xa</size>
      </object_component>
      <object_component id="oc-4b4">
         <name>.cinit..neardata.load</name>
         <load_address>0x11822b4e</load_address>
         <run_address>0x11822b4e</run_address>
         <size>0x9</size>
      </object_component>
      <object_component id="oc-4b1">
         <name>__TI_handler_table</name>
         <load_address>0x11822b58</load_address>
         <run_address>0x11822b58</run_address>
         <size>0x8</size>
      </object_component>
      <object_component id="oc-4b2">
         <name>__TI_cinit_table</name>
         <load_address>0x11822b60</load_address>
         <run_address>0x11822b60</run_address>
         <size>0x20</size>
      </object_component>
      <object_component id="oc-b0">
         <name>.fardata</name>
         <load_address>0x11813f88</load_address>
         <run_address>0x11813f88</run_address>
         <size>0xc</size>
         <input_file_ref idref="fl-39"/>
      </object_component>
      <object_component id="oc-1f6">
         <name>.fardata:_lock</name>
         <load_address>0x11813f9c</load_address>
         <run_address>0x11813f9c</run_address>
         <size>0x4</size>
         <input_file_ref idref="fl-41"/>
      </object_component>
      <object_component id="oc-1fc">
         <name>.fardata:_unlock</name>
         <load_address>0x11813fa0</load_address>
         <run_address>0x11813fa0</run_address>
         <size>0x4</size>
         <input_file_ref idref="fl-41"/>
      </object_component>
      <object_component id="oc-1f9">
         <name>.fardata:_ftable</name>
         <load_address>0x11813c90</load_address>
         <run_address>0x11813c90</run_address>
         <size>0x1e0</size>
         <input_file_ref idref="fl-48"/>
      </object_component>
      <object_component id="oc-3c4">
         <name>.fardata</name>
         <load_address>0x11813fa4</load_address>
         <run_address>0x11813fa4</run_address>
         <size>0x4</size>
         <input_file_ref idref="fl-48"/>
      </object_component>
      <object_component id="oc-38d">
         <name>.fardata:_device</name>
         <load_address>0x11813f10</load_address>
         <run_address>0x11813f10</run_address>
         <size>0x78</size>
         <input_file_ref idref="fl-59"/>
      </object_component>
      <object_component id="oc-323">
         <name>.fardata:_stream</name>
         <load_address>0x11813e70</load_address>
         <run_address>0x11813e70</run_address>
         <size>0xa0</size>
         <input_file_ref idref="fl-59"/>
      </object_component>
      <object_component id="oc-3b7">
         <name>.fardata</name>
         <load_address>0x11813fa8</load_address>
         <run_address>0x11813fa8</run_address>
         <size>0x4</size>
         <input_file_ref idref="fl-5b"/>
      </object_component>
      <object_component id="oc-3ce">
         <name>.fardata</name>
         <load_address>0x11813f94</load_address>
         <run_address>0x11813f94</run_address>
         <size>0x8</size>
         <input_file_ref idref="fl-69"/>
      </object_component>
      <object_component id="oc-1bd">
         <name>.neardata</name>
         <load_address>0x11813fac</load_address>
         <run_address>0x11813fac</run_address>
         <size>0x4</size>
         <input_file_ref idref="fl-2"/>
      </object_component>
      <object_component id="oc-11b">
         <name>.neardata</name>
         <load_address>0x11813fb0</load_address>
         <run_address>0x11813fb0</run_address>
         <size>0x2</size>
         <input_file_ref idref="fl-7"/>
      </object_component>
      <object_component id="oc-16b">
         <name>.rodata</name>
         <load_address>0x11813fb4</load_address>
         <run_address>0x11813fb4</run_address>
         <size>0x4</size>
         <input_file_ref idref="fl-17"/>
      </object_component>
      <object_component id="oc-82">
         <name>.far</name>
         <uninitialized>true</uninitialized>
         <run_address>0x118138e8</run_address>
         <size>0x240</size>
         <input_file_ref idref="fl-18"/>
      </object_component>
      <object_component id="oc-117">
         <name>.common:ad9833_dev</name>
         <uninitialized>true</uninitialized>
         <run_address>0x11813c68</run_address>
         <size>0x20</size>
      </object_component>
      <object_component id="oc-11a">
         <name>.common:ad7606_dev</name>
         <uninitialized>true</uninitialized>
         <run_address>0x11800000</run_address>
         <size>0x138e8</size>
      </object_component>
      <object_component id="oc-42e">
         <name>.common:__TI_tmpnams</name>
         <uninitialized>true</uninitialized>
         <run_address>0x11813b28</run_address>
         <size>0x140</size>
      </object_component>
      <object_component id="oc-436">
         <name>.common:parmbuf</name>
         <uninitialized>true</uninitialized>
         <run_address>0x11813c88</run_address>
         <size>0x8</size>
      </object_component>
      <object_component id="oc-1c1">
         <name>.debug_info</name>
         <load_address>0x0</load_address>
         <run_address>0x0</run_address>
         <size>0x877</size>
         <input_file_ref idref="fl-2"/>
      </object_component>
      <object_component id="oc-1be">
         <name>.debug_info</name>
         <load_address>0x877</load_address>
         <run_address>0x877</run_address>
         <size>0xf5</size>
         <input_file_ref idref="fl-2"/>
      </object_component>
      <object_component id="oc-125">
         <name>.debug_info</name>
         <load_address>0x96c</load_address>
         <run_address>0x96c</run_address>
         <size>0x9af</size>
         <input_file_ref idref="fl-2"/>
      </object_component>
      <object_component id="oc-19e">
         <name>.debug_info</name>
         <load_address>0x131b</load_address>
         <run_address>0x131b</run_address>
         <size>0x412</size>
         <input_file_ref idref="fl-2"/>
      </object_component>
      <object_component id="oc-195">
         <name>.debug_info</name>
         <load_address>0x172d</load_address>
         <run_address>0x172d</run_address>
         <size>0xc7a</size>
         <input_file_ref idref="fl-2"/>
      </object_component>
      <object_component id="oc-94">
         <name>.debug_info</name>
         <load_address>0x23a7</load_address>
         <run_address>0x23a7</run_address>
         <size>0xb2</size>
         <input_file_ref idref="fl-2"/>
      </object_component>
      <object_component id="oc-12b">
         <name>.debug_info</name>
         <load_address>0x2459</load_address>
         <run_address>0x2459</run_address>
         <size>0x209</size>
         <input_file_ref idref="fl-2"/>
      </object_component>
      <object_component id="oc-1a8">
         <name>.debug_info</name>
         <load_address>0x2662</load_address>
         <run_address>0x2662</run_address>
         <size>0x1d9</size>
         <input_file_ref idref="fl-2"/>
      </object_component>
      <object_component id="oc-294">
         <name>.debug_info</name>
         <load_address>0x283b</load_address>
         <run_address>0x283b</run_address>
         <size>0x2c</size>
         <input_file_ref idref="fl-2"/>
      </object_component>
      <object_component id="oc-1a3">
         <name>.debug_info</name>
         <load_address>0x2867</load_address>
         <run_address>0x2867</run_address>
         <size>0x12c</size>
         <input_file_ref idref="fl-2"/>
      </object_component>
      <object_component id="oc-1bc">
         <name>.debug_info</name>
         <load_address>0x2993</load_address>
         <run_address>0x2993</run_address>
         <size>0x926</size>
         <input_file_ref idref="fl-3"/>
      </object_component>
      <object_component id="oc-11f">
         <name>.debug_info</name>
         <load_address>0x32b9</load_address>
         <run_address>0x32b9</run_address>
         <size>0x758</size>
         <input_file_ref idref="fl-3"/>
      </object_component>
      <object_component id="oc-194">
         <name>.debug_info</name>
         <load_address>0x3a11</load_address>
         <run_address>0x3a11</run_address>
         <size>0x76b</size>
         <input_file_ref idref="fl-4"/>
      </object_component>
      <object_component id="oc-10c">
         <name>.debug_info</name>
         <load_address>0x417c</load_address>
         <run_address>0x417c</run_address>
         <size>0xb80</size>
         <input_file_ref idref="fl-4"/>
      </object_component>
      <object_component id="oc-f4">
         <name>.debug_info</name>
         <load_address>0x4cfc</load_address>
         <run_address>0x4cfc</run_address>
         <size>0x1c2</size>
         <input_file_ref idref="fl-6"/>
      </object_component>
      <object_component id="oc-118">
         <name>.debug_info</name>
         <load_address>0x4ebe</load_address>
         <run_address>0x4ebe</run_address>
         <size>0xe6a</size>
         <input_file_ref idref="fl-7"/>
      </object_component>
      <object_component id="oc-11c">
         <name>.debug_info</name>
         <load_address>0x5d28</load_address>
         <run_address>0x5d28</run_address>
         <size>0x12c</size>
         <input_file_ref idref="fl-7"/>
      </object_component>
      <object_component id="oc-a9">
         <name>.debug_info</name>
         <load_address>0x5e54</load_address>
         <run_address>0x5e54</run_address>
         <size>0x82d</size>
         <input_file_ref idref="fl-7"/>
      </object_component>
      <object_component id="oc-1b1">
         <name>.debug_info</name>
         <load_address>0x6681</load_address>
         <run_address>0x6681</run_address>
         <size>0x4c8</size>
         <input_file_ref idref="fl-12"/>
      </object_component>
      <object_component id="oc-224">
         <name>.debug_info</name>
         <load_address>0x6b49</load_address>
         <run_address>0x6b49</run_address>
         <size>0x88</size>
         <input_file_ref idref="fl-12"/>
      </object_component>
      <object_component id="oc-183">
         <name>.debug_info</name>
         <load_address>0x6bd1</load_address>
         <run_address>0x6bd1</run_address>
         <size>0xcb</size>
         <input_file_ref idref="fl-13"/>
      </object_component>
      <object_component id="oc-102">
         <name>.debug_info</name>
         <load_address>0x6c9c</load_address>
         <run_address>0x6c9c</run_address>
         <size>0x1abd</size>
         <input_file_ref idref="fl-13"/>
      </object_component>
      <object_component id="oc-17e">
         <name>.debug_info</name>
         <load_address>0x8759</load_address>
         <run_address>0x8759</run_address>
         <size>0x8d</size>
         <input_file_ref idref="fl-13"/>
      </object_component>
      <object_component id="oc-236">
         <name>.debug_info</name>
         <load_address>0x87e6</load_address>
         <run_address>0x87e6</run_address>
         <size>0x94</size>
         <input_file_ref idref="fl-14"/>
      </object_component>
      <object_component id="oc-185">
         <name>.debug_info</name>
         <load_address>0x887a</load_address>
         <run_address>0x887a</run_address>
         <size>0xc9</size>
         <input_file_ref idref="fl-15"/>
      </object_component>
      <object_component id="oc-106">
         <name>.debug_info</name>
         <load_address>0x8943</load_address>
         <run_address>0x8943</run_address>
         <size>0x34d</size>
         <input_file_ref idref="fl-15"/>
      </object_component>
      <object_component id="oc-112">
         <name>.debug_info</name>
         <load_address>0x8c90</load_address>
         <run_address>0x8c90</run_address>
         <size>0xbea</size>
         <input_file_ref idref="fl-16"/>
      </object_component>
      <object_component id="oc-175">
         <name>.debug_info</name>
         <load_address>0x987a</load_address>
         <run_address>0x987a</run_address>
         <size>0x1f9</size>
         <input_file_ref idref="fl-17"/>
      </object_component>
      <object_component id="oc-16c">
         <name>.debug_info</name>
         <load_address>0x9a73</load_address>
         <run_address>0x9a73</run_address>
         <size>0x127</size>
         <input_file_ref idref="fl-17"/>
      </object_component>
      <object_component id="oc-ee">
         <name>.debug_info</name>
         <load_address>0x9b9a</load_address>
         <run_address>0x9b9a</run_address>
         <size>0x1f42</size>
         <input_file_ref idref="fl-17"/>
      </object_component>
      <object_component id="oc-170">
         <name>.debug_info</name>
         <load_address>0xbadc</load_address>
         <run_address>0xbadc</run_address>
         <size>0x94</size>
         <input_file_ref idref="fl-17"/>
      </object_component>
      <object_component id="oc-176">
         <name>.debug_info</name>
         <load_address>0xbb70</load_address>
         <run_address>0xbb70</run_address>
         <size>0x2c</size>
         <input_file_ref idref="fl-17"/>
      </object_component>
      <object_component id="oc-d2">
         <name>.debug_info</name>
         <load_address>0xbb9c</load_address>
         <run_address>0xbb9c</run_address>
         <size>0x228</size>
         <input_file_ref idref="fl-18"/>
      </object_component>
      <object_component id="oc-83">
         <name>.debug_info</name>
         <load_address>0xbdc4</load_address>
         <run_address>0xbdc4</run_address>
         <size>0x171</size>
         <input_file_ref idref="fl-18"/>
      </object_component>
      <object_component id="oc-fa">
         <name>.debug_info</name>
         <load_address>0xbf35</load_address>
         <run_address>0xbf35</run_address>
         <size>0x244f</size>
         <input_file_ref idref="fl-18"/>
      </object_component>
      <object_component id="oc-39">
         <name>.debug_info</name>
         <load_address>0xe384</load_address>
         <run_address>0xe384</run_address>
         <size>0x102d</size>
         <input_file_ref idref="fl-18"/>
      </object_component>
      <object_component id="oc-14f">
         <name>.debug_info</name>
         <load_address>0xf3b1</load_address>
         <run_address>0xf3b1</run_address>
         <size>0x8d</size>
         <input_file_ref idref="fl-18"/>
      </object_component>
      <object_component id="oc-154">
         <name>.debug_info</name>
         <load_address>0xf43e</load_address>
         <run_address>0xf43e</run_address>
         <size>0x2c</size>
         <input_file_ref idref="fl-18"/>
      </object_component>
      <object_component id="oc-e8">
         <name>.debug_info</name>
         <load_address>0xf46a</load_address>
         <run_address>0xf46a</run_address>
         <size>0x14b2</size>
         <input_file_ref idref="fl-19"/>
      </object_component>
      <object_component id="oc-2f">
         <name>.debug_info</name>
         <load_address>0x1091c</load_address>
         <run_address>0x1091c</run_address>
         <size>0x197</size>
         <input_file_ref idref="fl-1a"/>
      </object_component>
      <object_component id="oc-88">
         <name>.debug_info</name>
         <load_address>0x10ab3</load_address>
         <run_address>0x10ab3</run_address>
         <size>0x5d6</size>
         <input_file_ref idref="fl-34"/>
      </object_component>
      <object_component id="oc-3f">
         <name>.debug_info</name>
         <load_address>0x11089</load_address>
         <run_address>0x11089</run_address>
         <size>0xed</size>
         <input_file_ref idref="fl-34"/>
      </object_component>
      <object_component id="oc-33">
         <name>.debug_info</name>
         <load_address>0x11176</load_address>
         <run_address>0x11176</run_address>
         <size>0x17a</size>
         <input_file_ref idref="fl-34"/>
      </object_component>
      <object_component id="oc-4f">
         <name>.debug_info</name>
         <load_address>0x112f0</load_address>
         <run_address>0x112f0</run_address>
         <size>0x5ab</size>
         <input_file_ref idref="fl-35"/>
      </object_component>
      <object_component id="oc-1c">
         <name>.debug_info</name>
         <load_address>0x1189b</load_address>
         <run_address>0x1189b</run_address>
         <size>0x1c4</size>
         <input_file_ref idref="fl-35"/>
      </object_component>
      <object_component id="oc-4a">
         <name>.debug_info</name>
         <load_address>0x11a5f</load_address>
         <run_address>0x11a5f</run_address>
         <size>0x46</size>
         <input_file_ref idref="fl-35"/>
      </object_component>
      <object_component id="oc-8d">
         <name>.debug_info</name>
         <load_address>0x11aa5</load_address>
         <run_address>0x11aa5</run_address>
         <size>0x2c</size>
         <input_file_ref idref="fl-35"/>
      </object_component>
      <object_component id="oc-9a">
         <name>.debug_info</name>
         <load_address>0x11ad1</load_address>
         <run_address>0x11ad1</run_address>
         <size>0x595</size>
         <input_file_ref idref="fl-36"/>
      </object_component>
      <object_component id="oc-51">
         <name>.debug_info</name>
         <load_address>0x12066</load_address>
         <run_address>0x12066</run_address>
         <size>0x24c</size>
         <input_file_ref idref="fl-36"/>
      </object_component>
      <object_component id="oc-22">
         <name>.debug_info</name>
         <load_address>0x122b2</load_address>
         <run_address>0x122b2</run_address>
         <size>0x1a9</size>
         <input_file_ref idref="fl-36"/>
      </object_component>
      <object_component id="oc-57">
         <name>.debug_info</name>
         <load_address>0x1245b</load_address>
         <run_address>0x1245b</run_address>
         <size>0x46</size>
         <input_file_ref idref="fl-36"/>
      </object_component>
      <object_component id="oc-a2">
         <name>.debug_info</name>
         <load_address>0x124a1</load_address>
         <run_address>0x124a1</run_address>
         <size>0x2c</size>
         <input_file_ref idref="fl-36"/>
      </object_component>
      <object_component id="oc-9b">
         <name>.debug_info</name>
         <load_address>0x124cd</load_address>
         <run_address>0x124cd</run_address>
         <size>0x39</size>
         <input_file_ref idref="fl-36"/>
      </object_component>
      <object_component id="oc-161">
         <name>.debug_info</name>
         <load_address>0x12506</load_address>
         <run_address>0x12506</run_address>
         <size>0x10c</size>
         <input_file_ref idref="fl-38"/>
      </object_component>
      <object_component id="oc-ba">
         <name>.debug_info</name>
         <load_address>0x12612</load_address>
         <run_address>0x12612</run_address>
         <size>0x5bf</size>
         <input_file_ref idref="fl-39"/>
      </object_component>
      <object_component id="oc-b1">
         <name>.debug_info</name>
         <load_address>0x12bd1</load_address>
         <run_address>0x12bd1</run_address>
         <size>0x17d</size>
         <input_file_ref idref="fl-39"/>
      </object_component>
      <object_component id="oc-b4">
         <name>.debug_info</name>
         <load_address>0x12d4e</load_address>
         <run_address>0x12d4e</run_address>
         <size>0x10f</size>
         <input_file_ref idref="fl-39"/>
      </object_component>
      <object_component id="oc-6f">
         <name>.debug_info</name>
         <load_address>0x12e5d</load_address>
         <run_address>0x12e5d</run_address>
         <size>0x16f</size>
         <input_file_ref idref="fl-39"/>
      </object_component>
      <object_component id="oc-1b6">
         <name>.debug_info</name>
         <load_address>0x12fcc</load_address>
         <run_address>0x12fcc</run_address>
         <size>0x16b</size>
         <input_file_ref idref="fl-3a"/>
      </object_component>
      <object_component id="oc-22a">
         <name>.debug_info</name>
         <load_address>0x13137</load_address>
         <run_address>0x13137</run_address>
         <size>0x94</size>
         <input_file_ref idref="fl-3a"/>
      </object_component>
      <object_component id="oc-45">
         <name>.debug_info</name>
         <load_address>0x131cb</load_address>
         <run_address>0x131cb</run_address>
         <size>0x119</size>
         <input_file_ref idref="fl-3b"/>
      </object_component>
      <object_component id="oc-a1">
         <name>.debug_info</name>
         <load_address>0x132e4</load_address>
         <run_address>0x132e4</run_address>
         <size>0x674</size>
         <input_file_ref idref="fl-3c"/>
      </object_component>
      <object_component id="oc-5d">
         <name>.debug_info</name>
         <load_address>0x13958</load_address>
         <run_address>0x13958</run_address>
         <size>0x21c</size>
         <input_file_ref idref="fl-3c"/>
      </object_component>
      <object_component id="oc-75">
         <name>.debug_info</name>
         <load_address>0x13b74</load_address>
         <run_address>0x13b74</run_address>
         <size>0x140</size>
         <input_file_ref idref="fl-3d"/>
      </object_component>
      <object_component id="oc-212">
         <name>.debug_info</name>
         <load_address>0x13cb4</load_address>
         <run_address>0x13cb4</run_address>
         <size>0x6a5</size>
         <input_file_ref idref="fl-3e"/>
      </object_component>
      <object_component id="oc-200">
         <name>.debug_info</name>
         <load_address>0x14359</load_address>
         <run_address>0x14359</run_address>
         <size>0x144</size>
         <input_file_ref idref="fl-3e"/>
      </object_component>
      <object_component id="oc-206">
         <name>.debug_info</name>
         <load_address>0x1449d</load_address>
         <run_address>0x1449d</run_address>
         <size>0x153</size>
         <input_file_ref idref="fl-3e"/>
      </object_component>
      <object_component id="oc-188">
         <name>.debug_info</name>
         <load_address>0x145f0</load_address>
         <run_address>0x145f0</run_address>
         <size>0x190</size>
         <input_file_ref idref="fl-3e"/>
      </object_component>
      <object_component id="oc-2aa">
         <name>.debug_info</name>
         <load_address>0x14780</load_address>
         <run_address>0x14780</run_address>
         <size>0xae</size>
         <input_file_ref idref="fl-3e"/>
      </object_component>
      <object_component id="oc-166">
         <name>.debug_info</name>
         <load_address>0x1482e</load_address>
         <run_address>0x1482e</run_address>
         <size>0x10c</size>
         <input_file_ref idref="fl-3f"/>
      </object_component>
      <object_component id="oc-220">
         <name>.debug_info</name>
         <load_address>0x1493a</load_address>
         <run_address>0x1493a</run_address>
         <size>0x630</size>
         <input_file_ref idref="fl-40"/>
      </object_component>
      <object_component id="oc-18e">
         <name>.debug_info</name>
         <load_address>0x14f6a</load_address>
         <run_address>0x14f6a</run_address>
         <size>0x1af</size>
         <input_file_ref idref="fl-40"/>
      </object_component>
      <object_component id="oc-21a">
         <name>.debug_info</name>
         <load_address>0x15119</load_address>
         <run_address>0x15119</run_address>
         <size>0x185</size>
         <input_file_ref idref="fl-40"/>
      </object_component>
      <object_component id="oc-214">
         <name>.debug_info</name>
         <load_address>0x1529e</load_address>
         <run_address>0x1529e</run_address>
         <size>0x15a</size>
         <input_file_ref idref="fl-40"/>
      </object_component>
      <object_component id="oc-29e">
         <name>.debug_info</name>
         <load_address>0x153f8</load_address>
         <run_address>0x153f8</run_address>
         <size>0x2c</size>
         <input_file_ref idref="fl-40"/>
      </object_component>
      <object_component id="oc-245">
         <name>.debug_info</name>
         <load_address>0x15424</load_address>
         <run_address>0x15424</run_address>
         <size>0x54c</size>
         <input_file_ref idref="fl-41"/>
      </object_component>
      <object_component id="oc-1f7">
         <name>.debug_info</name>
         <load_address>0x15970</load_address>
         <run_address>0x15970</run_address>
         <size>0xec</size>
         <input_file_ref idref="fl-41"/>
      </object_component>
      <object_component id="oc-1fd">
         <name>.debug_info</name>
         <load_address>0x15a5c</load_address>
         <run_address>0x15a5c</run_address>
         <size>0xf0</size>
         <input_file_ref idref="fl-41"/>
      </object_component>
      <object_component id="oc-23e">
         <name>.debug_info</name>
         <load_address>0x15b4c</load_address>
         <run_address>0x15b4c</run_address>
         <size>0x11b</size>
         <input_file_ref idref="fl-41"/>
      </object_component>
      <object_component id="oc-293">
         <name>.debug_info</name>
         <load_address>0x15c67</load_address>
         <run_address>0x15c67</run_address>
         <size>0x75c</size>
         <input_file_ref idref="fl-42"/>
      </object_component>
      <object_component id="oc-267">
         <name>.debug_info</name>
         <load_address>0x163c3</load_address>
         <run_address>0x163c3</run_address>
         <size>0x233</size>
         <input_file_ref idref="fl-42"/>
      </object_component>
      <object_component id="oc-261">
         <name>.debug_info</name>
         <load_address>0x165f6</load_address>
         <run_address>0x165f6</run_address>
         <size>0x209</size>
         <input_file_ref idref="fl-42"/>
      </object_component>
      <object_component id="oc-2f1">
         <name>.debug_info</name>
         <load_address>0x167ff</load_address>
         <run_address>0x167ff</run_address>
         <size>0x1a0</size>
         <input_file_ref idref="fl-42"/>
      </object_component>
      <object_component id="oc-273">
         <name>.debug_info</name>
         <load_address>0x1699f</load_address>
         <run_address>0x1699f</run_address>
         <size>0x34e</size>
         <input_file_ref idref="fl-42"/>
      </object_component>
      <object_component id="oc-2f8">
         <name>.debug_info</name>
         <load_address>0x16ced</load_address>
         <run_address>0x16ced</run_address>
         <size>0x222</size>
         <input_file_ref idref="fl-42"/>
      </object_component>
      <object_component id="oc-279">
         <name>.debug_info</name>
         <load_address>0x16f0f</load_address>
         <run_address>0x16f0f</run_address>
         <size>0x306</size>
         <input_file_ref idref="fl-42"/>
      </object_component>
      <object_component id="oc-27f">
         <name>.debug_info</name>
         <load_address>0x17215</load_address>
         <run_address>0x17215</run_address>
         <size>0x36c</size>
         <input_file_ref idref="fl-42"/>
      </object_component>
      <object_component id="oc-285">
         <name>.debug_info</name>
         <load_address>0x17581</load_address>
         <run_address>0x17581</run_address>
         <size>0x4a2</size>
         <input_file_ref idref="fl-42"/>
      </object_component>
      <object_component id="oc-20c">
         <name>.debug_info</name>
         <load_address>0x17a23</load_address>
         <run_address>0x17a23</run_address>
         <size>0x5c0</size>
         <input_file_ref idref="fl-42"/>
      </object_component>
      <object_component id="oc-299">
         <name>.debug_info</name>
         <load_address>0x17fe3</load_address>
         <run_address>0x17fe3</run_address>
         <size>0x86</size>
         <input_file_ref idref="fl-42"/>
      </object_component>
      <object_component id="oc-310">
         <name>.debug_info</name>
         <load_address>0x18069</load_address>
         <run_address>0x18069</run_address>
         <size>0x46</size>
         <input_file_ref idref="fl-42"/>
      </object_component>
      <object_component id="oc-2a3">
         <name>.debug_info</name>
         <load_address>0x180af</load_address>
         <run_address>0x180af</run_address>
         <size>0x39</size>
         <input_file_ref idref="fl-42"/>
      </object_component>
      <object_component id="oc-af">
         <name>.debug_info</name>
         <load_address>0x180e8</load_address>
         <run_address>0x180e8</run_address>
         <size>0x5cc</size>
         <input_file_ref idref="fl-43"/>
      </object_component>
      <object_component id="oc-69">
         <name>.debug_info</name>
         <load_address>0x186b4</load_address>
         <run_address>0x186b4</run_address>
         <size>0x15f</size>
         <input_file_ref idref="fl-43"/>
      </object_component>
      <object_component id="oc-132">
         <name>.debug_info</name>
         <load_address>0x18813</load_address>
         <run_address>0x18813</run_address>
         <size>0x5e</size>
         <input_file_ref idref="fl-43"/>
      </object_component>
      <object_component id="oc-2d4">
         <name>.debug_info</name>
         <load_address>0x18871</load_address>
         <run_address>0x18871</run_address>
         <size>0x57a</size>
         <input_file_ref idref="fl-44"/>
      </object_component>
      <object_component id="oc-25b">
         <name>.debug_info</name>
         <load_address>0x18deb</load_address>
         <run_address>0x18deb</run_address>
         <size>0x169</size>
         <input_file_ref idref="fl-44"/>
      </object_component>
      <object_component id="oc-cf">
         <name>.debug_info</name>
         <load_address>0x18f54</load_address>
         <run_address>0x18f54</run_address>
         <size>0x79e</size>
         <input_file_ref idref="fl-45"/>
      </object_component>
      <object_component id="oc-7b">
         <name>.debug_info</name>
         <load_address>0x196f2</load_address>
         <run_address>0x196f2</run_address>
         <size>0x1bc</size>
         <input_file_ref idref="fl-45"/>
      </object_component>
      <object_component id="oc-143">
         <name>.debug_info</name>
         <load_address>0x198ae</load_address>
         <run_address>0x198ae</run_address>
         <size>0x39</size>
         <input_file_ref idref="fl-45"/>
      </object_component>
      <object_component id="oc-1d5">
         <name>.debug_info</name>
         <load_address>0x198e7</load_address>
         <run_address>0x198e7</run_address>
         <size>0x39</size>
         <input_file_ref idref="fl-45"/>
      </object_component>
      <object_component id="oc-148">
         <name>.debug_info</name>
         <load_address>0x19920</load_address>
         <run_address>0x19920</run_address>
         <size>0xcd</size>
         <input_file_ref idref="fl-45"/>
      </object_component>
      <object_component id="oc-13d">
         <name>.debug_info</name>
         <load_address>0x199ed</load_address>
         <run_address>0x199ed</run_address>
         <size>0x650</size>
         <input_file_ref idref="fl-46"/>
      </object_component>
      <object_component id="oc-bd">
         <name>.debug_info</name>
         <load_address>0x1a03d</load_address>
         <run_address>0x1a03d</run_address>
         <size>0x194</size>
         <input_file_ref idref="fl-46"/>
      </object_component>
      <object_component id="oc-1c4">
         <name>.debug_info</name>
         <load_address>0x1a1d1</load_address>
         <run_address>0x1a1d1</run_address>
         <size>0x2c</size>
         <input_file_ref idref="fl-46"/>
      </object_component>
      <object_component id="oc-330">
         <name>.debug_info</name>
         <load_address>0x1a1fd</load_address>
         <run_address>0x1a1fd</run_address>
         <size>0xe6</size>
         <input_file_ref idref="fl-47"/>
      </object_component>
      <object_component id="oc-2d1">
         <name>.debug_info</name>
         <load_address>0x1a2e3</load_address>
         <run_address>0x1a2e3</run_address>
         <size>0xf2</size>
         <input_file_ref idref="fl-47"/>
      </object_component>
      <object_component id="oc-248">
         <name>.debug_info</name>
         <load_address>0x1a3d5</load_address>
         <run_address>0x1a3d5</run_address>
         <size>0x12d</size>
         <input_file_ref idref="fl-48"/>
      </object_component>
      <object_component id="oc-1fa">
         <name>.debug_info</name>
         <load_address>0x1a502</load_address>
         <run_address>0x1a502</run_address>
         <size>0xef</size>
         <input_file_ref idref="fl-48"/>
      </object_component>
      <object_component id="oc-3c5">
         <name>.debug_info</name>
         <load_address>0x1a5f1</load_address>
         <run_address>0x1a5f1</run_address>
         <size>0xf7</size>
         <input_file_ref idref="fl-48"/>
      </object_component>
      <object_component id="oc-2e5">
         <name>.debug_info</name>
         <load_address>0x1a6e8</load_address>
         <run_address>0x1a6e8</run_address>
         <size>0x23d</size>
         <input_file_ref idref="fl-49"/>
      </object_component>
      <object_component id="oc-350">
         <name>.debug_info</name>
         <load_address>0x1a925</load_address>
         <run_address>0x1a925</run_address>
         <size>0x7f</size>
         <input_file_ref idref="fl-49"/>
      </object_component>
      <object_component id="oc-355">
         <name>.debug_info</name>
         <load_address>0x1a9a4</load_address>
         <run_address>0x1a9a4</run_address>
         <size>0x60</size>
         <input_file_ref idref="fl-49"/>
      </object_component>
      <object_component id="oc-2cd">
         <name>.debug_info</name>
         <load_address>0x1aa04</load_address>
         <run_address>0x1aa04</run_address>
         <size>0x645</size>
[...]
      <symbol id="sm-496">
         <name>CacheInv</name>
         <value>0x1181d074</value>
         <object_component_ref idref="oc-e7"/>
      </symbol>
      <symbol id="sm-497">
         <name>CacheWBAll</name>
         <value>0x1181d058</value>
         <object_component_ref idref="oc-e7"/>
      </symbol>
      <symbol id="sm-498">
         <name>CacheWB</name>
         <value>0x1181d090</value>
         <object_component_ref idref="oc-e7"/>
      </symbol>
      <symbol id="sm-499">
         <name>CacheWBInvAll</name>
         <value>0x1181d068</value>
         <object_component_ref idref="oc-e7"/>
      </symbol>
      <symbol id="sm-49a">
         <name>CacheWBInv</name>
         <value>0x1181d0ac</value>
         <object_component_ref idref="oc-e7"/>
      </symbol>
      <symbol id="sm-49b">
         <name>CacheInvL1pAll</name>
         <value>0x1181d04c</value>
         <object_component_ref idref="oc-e7"/>
      </symbol>
      <symbol id="sm-4a3">
         <name>_intcVectorTable</name>
         <value>0x1181e800</value>
         <object_component_ref idref="oc-2e"/>
      </symbol>
      <symbol id="sm-4b9">
         <name>_c_int00</name>
         <value>0x11821120</value>
         <object_component_ref idref="oc-2d"/>
      </symbol>
      <symbol id="sm-4ba">
         <name>_stack</name>
         <value>0x118217a0</value>
         <object_component_ref idref="oc-3e"/>
      </symbol>
      <symbol id="sm-4d1">
         <name>__TI_decompress_none</name>
         <value>0x11821760</value>
         <object_component_ref idref="oc-1b"/>
      </symbol>
      <symbol id="sm-4fc">
         <name>__TI_decompress_rle24</name>
         <value>0x11821780</value>
         <object_component_ref idref="oc-21"/>
      </symbol>
      <symbol id="sm-506">
         <name>__c6xabi_divu</name>
         <value>0x118208e0</value>
         <object_component_ref idref="oc-160"/>
      </symbol>
      <symbol id="sm-507">
         <name>__divu</name>
         <value>0x118208e0</value>
         <object_component_ref idref="oc-160"/>
      </symbol>
      <symbol id="sm-528">
         <name>C$$EXIT</name>
         <value>0x11821740</value>
         <object_component_ref idref="oc-b3"/>
      </symbol>
      <symbol id="sm-529">
         <name>abort</name>
         <value>0x11821740</value>
         <object_component_ref idref="oc-b3"/>
      </symbol>
      <symbol id="sm-52a">
         <name>exit</name>
         <value>0x11820240</value>
         <object_component_ref idref="oc-6e"/>
      </symbol>
      <symbol id="sm-52b">
         <name>__TI_dtors_ptr</name>
         <value>0x11813f8c</value>
         <object_component_ref idref="oc-b0"/>
      </symbol>
      <symbol id="sm-52c">
         <name>__TI_cleanup_ptr</name>
         <value>0x11813f88</value>
         <object_component_ref idref="oc-b0"/>
      </symbol>
      <symbol id="sm-52d">
         <name>__TI_enable_exit_profile_output</name>
         <value>0x11813f90</value>
         <object_component_ref idref="oc-b0"/>
      </symbol>
      <symbol id="sm-53e">
         <name>__c6xabi_fixdu</name>
         <value>0x11821020</value>
         <object_component_ref idref="oc-1b5"/>
      </symbol>
      <symbol id="sm-547">
         <name>memcpy</name>
         <value>0x11820e60</value>
         <object_component_ref idref="oc-44"/>
      </symbol>
      <symbol id="sm-557">
         <name>memset</name>
         <value>0x118204e0</value>
         <object_component_ref idref="oc-5c"/>
      </symbol>
      <symbol id="sm-560">
         <name>_system_pre_init</name>
         <value>0x11821720</value>
         <object_component_ref idref="oc-74"/>
      </symbol>
      <symbol id="sm-588">
         <name>printf</name>
         <value>0x118205c0</value>
         <object_component_ref idref="oc-187"/>
      </symbol>
      <symbol id="sm-591">
         <name>__remu</name>
         <value>0x11820d20</value>
         <object_component_ref idref="oc-165"/>
      </symbol>
      <symbol id="sm-592">
         <name>__c6xabi_remu</name>
         <value>0x11820d20</value>
         <object_component_ref idref="oc-165"/>
      </symbol>
      <symbol id="sm-5b5">
         <name>sprintf</name>
         <value>0x11821480</value>
         <object_component_ref idref="oc-18d"/>
      </symbol>
      <symbol id="sm-5cb">
         <name>_nop</name>
         <value>0x11821680</value>
         <object_component_ref idref="oc-23d"/>
      </symbol>
      <symbol id="sm-5cc">
         <name>_lock</name>
         <value>0x11813f9c</value>
         <object_component_ref idref="oc-1f6"/>
      </symbol>
      <symbol id="sm-5cd">
         <name>_unlock</name>
         <value>0x11813fa0</value>
         <object_component_ref idref="oc-1fc"/>
      </symbol>
      <symbol id="sm-799">
         <name>__TI_printfi</name>
         <value>0x11814000</value>
         <object_component_ref idref="oc-20b"/>
      </symbol>
      <symbol id="sm-7ab">
         <name>_args_main</name>
         <value>0x11821600</value>
         <object_component_ref idref="oc-68"/>
      </symbol>
      <symbol id="sm-7bf">
         <name>atoi</name>
         <value>0x1181fbe0</value>
         <object_component_ref idref="oc-25a"/>
      </symbol>
      <symbol id="sm-7e5">
         <name>_auto_init_elf</name>
         <value>0x1181f3a0</value>
         <object_component_ref idref="oc-7a"/>
      </symbol>
      <symbol id="sm-7fc">
         <name>copy_in</name>
         <value>0x1181fce0</value>
         <object_component_ref idref="oc-bc"/>
      </symbol>
      <symbol id="sm-806">
         <name>_ctypes_</name>
         <value>0x118227a0</value>
         <object_component_ref idref="oc-2d0"/>
      </symbol>
      <symbol id="sm-816">
         <name>__TI_tmpnams</name>
         <value>0x11813b28</value>
      </symbol>
      <symbol id="sm-817">
         <name>_ftable</name>
         <value>0x11813c90</value>
         <object_component_ref idref="oc-1f9"/>
      </symbol>
      <symbol id="sm-818">
         <name>__TI_ft_end</name>
         <value>0x11813fa4</value>
         <object_component_ref idref="oc-3c4"/>
      </symbol>
      <symbol id="sm-837">
         <name>__c6xabi_divd</name>
         <value>0x1181aea0</value>
         <object_component_ref idref="oc-2e4"/>
      </symbol>
      <symbol id="sm-855">
         <name>putc</name>
         <value>0x1181dfc0</value>
         <object_component_ref idref="oc-24c"/>
      </symbol>
      <symbol id="sm-856">
         <name>fputc</name>
         <value>0x1181dfc0</value>
         <object_component_ref idref="oc-24c"/>
      </symbol>
      <symbol id="sm-882">
         <name>fputs</name>
         <value>0x1181d0e0</value>
         <object_component_ref idref="oc-253"/>
      </symbol>
      <symbol id="sm-895">
         <name>__TI_frcmpyd_div</name>
         <value>0x11821540</value>
         <object_component_ref idref="oc-349"/>
      </symbol>
      <symbol id="sm-8a9">
         <name>frexpl</name>
         <value>0x1181ebc0</value>
         <object_component_ref idref="oc-2ff"/>
      </symbol>
      <symbol id="sm-8aa">
         <name>frexp</name>
         <value>0x1181ebc0</value>
         <object_component_ref idref="oc-2ff"/>
      </symbol>
      <symbol id="sm-8bb">
         <name>__c6xabi_divul</name>
         <value>0x1181ea00</value>
         <object_component_ref idref="oc-2dc"/>
      </symbol>
      <symbol id="sm-8d7">
         <name>_subcull</name>
         <value>0x11821360</value>
         <object_component_ref idref="oc-339"/>
      </symbol>
      <symbol id="sm-8d8">
         <name>__c6xabi_divull</name>
         <value>0x1181dd60</value>
         <object_component_ref idref="oc-2d6"/>
      </symbol>
      <symbol id="sm-8e1">
         <name>__c6xabi_isinf</name>
         <value>0x11821580</value>
         <object_component_ref idref="oc-26c"/>
      </symbol>
      <symbol id="sm-8f5">
         <name>ldexpl</name>
         <value>0x1181f0a0</value>
         <object_component_ref idref="oc-305"/>
      </symbol>
      <symbol id="sm-8f6">
         <name>ldexp</name>
         <value>0x1181f0a0</value>
         <object_component_ref idref="oc-305"/>
      </symbol>
      <symbol id="sm-912">
         <name>__c6xabi_llshru</name>
         <value>0x11821300</value>
         <object_component_ref idref="oc-33f"/>
      </symbol>
      <symbol id="sm-913">
         <name>__c6xabi_llshl</name>
         <value>0x118210a0</value>
         <object_component_ref idref="oc-333"/>
      </symbol>
      <symbol id="sm-923">
         <name>ltoa</name>
         <value>0x11820400</value>
         <object_component_ref idref="oc-2ea"/>
      </symbol>
      <symbol id="sm-934">
         <name>memccpy</name>
         <value>0x11821420</value>
         <object_component_ref idref="oc-28a"/>
      </symbol>
      <symbol id="sm-93d">
         <name>_system_post_cinit</name>
         <value>0x11821700</value>
         <object_component_ref idref="oc-c2"/>
      </symbol>
      <symbol id="sm-956">
         <name>__TI_tls_init</name>
         <value>0x11820b20</value>
         <object_component_ref idref="oc-c8"/>
      </symbol>
      <symbol id="sm-97a">
         <name>_stream</name>
         <value>0x11813e70</value>
         <object_component_ref idref="oc-323"/>
      </symbol>
      <symbol id="sm-97b">
         <name>_device</name>
         <value>0x11813f10</value>
         <object_component_ref idref="oc-38d"/>
      </symbol>
      <symbol id="sm-97c">
         <name>write</name>
         <value>0x118214e0</value>
         <object_component_ref idref="oc-2c0"/>
      </symbol>
      <symbol id="sm-992">
         <name>__TI_wrt_ok</name>
         <value>0x1181fae0</value>
         <object_component_ref idref="oc-2ba"/>
      </symbol>
      <symbol id="sm-9a3">
         <name>__errno</name>
         <value>0x11813fa8</value>
         <object_component_ref idref="oc-3b7"/>
      </symbol>
      <symbol id="sm-9a4">
         <name>errno</name>
         <value>0x11813fa8</value>
         <object_component_ref idref="oc-3b7"/>
      </symbol>
      <symbol id="sm-9a5">
         <name>__c6xabi_errno_addr</name>
         <value>0x1181e7e0</value>
         <object_component_ref idref="oc-35e"/>
      </symbol>
      <symbol id="sm-9b4">
         <name>__TI_doflush</name>
         <value>0x11820820</value>
         <object_component_ref idref="oc-2c6"/>
      </symbol>
      <symbol id="sm-9c9">
         <name>fseek</name>
         <value>0x1181f8c0</value>
         <object_component_ref idref="oc-315"/>
      </symbol>
      <symbol id="sm-9d9">
         <name>HOSTclose</name>
         <value>0x11820be0</value>
         <object_component_ref idref="oc-3ed"/>
      </symbol>
      <symbol id="sm-9e9">
         <name>HOSTlseek</name>
         <value>0x1181fde0</value>
         <object_component_ref idref="oc-3ff"/>
      </symbol>
      <symbol id="sm-9fd">
         <name>parmbuf</name>
         <value>0x11813c88</value>
      </symbol>
      <symbol id="sm-9fe">
         <name>HOSTopen</name>
         <value>0x1181fec0</value>
         <object_component_ref idref="oc-3e7"/>
      </symbol>
      <symbol id="sm-a0e">
         <name>HOSTread</name>
         <value>0x118206a0</value>
         <object_component_ref idref="oc-3f3"/>
      </symbol>
      <symbol id="sm-a2c">
         <name>HOSTrename</name>
         <value>0x1181ed80</value>
         <object_component_ref idref="oc-40b"/>
      </symbol>
      <symbol id="sm-a3f">
         <name>HOSTunlink</name>
         <value>0x11820760</value>
         <object_component_ref idref="oc-405"/>
      </symbol>
      <symbol id="sm-a4f">
         <name>HOSTwrite</name>
         <value>0x1181ffa0</value>
         <object_component_ref idref="oc-3f9"/>
      </symbol>
      <symbol id="sm-a5e">
         <name>lseek</name>
         <value>0x118213c0</value>
         <object_component_ref idref="oc-36a"/>
      </symbol>
      <symbol id="sm-a78">
         <name>setvbuf</name>
         <value>0x1181e1e0</value>
         <object_component_ref idref="oc-31b"/>
      </symbol>
      <symbol id="sm-a9e">
         <name>__TI_readmsg</name>
         <value>0x11820fa0</value>
         <object_component_ref idref="oc-43f"/>
      </symbol>
      <symbol id="sm-a9f">
         <name>C$$IO$$</name>
         <value>0x118212f8</value>
         <object_component_ref idref="oc-439"/>
      </symbol>
      <symbol id="sm-aa0">
         <name>__CIOBUF_</name>
         <value>0x11822938</value>
         <object_component_ref idref="oc-460"/>
      </symbol>
      <symbol id="sm-aa1">
         <name>__TI_writemsg</name>
         <value>0x118212a0</value>
         <object_component_ref idref="oc-439"/>
      </symbol>
      <symbol id="sm-ab4">
         <name>__TI_cleanup</name>
         <value>0x11820c80</value>
         <object_component_ref idref="oc-372"/>
      </symbol>
      <symbol id="sm-b29">
         <name>_sys_memory</name>
         <value>0x11821fa0</value>
         <object_component_ref idref="oc-41"/>
      </symbol>
      <symbol id="sm-b2a">
         <name>free</name>
         <value>0x1181c460</value>
         <object_component_ref idref="oc-378"/>
      </symbol>
      <symbol id="sm-b2b">
         <name>malloc</name>
         <value>0x1181f220</value>
         <object_component_ref idref="oc-37e"/>
      </symbol>
      <symbol id="sm-b2c">
         <name>_minit</name>
         <value>0x11820dc0</value>
         <object_component_ref idref="oc-3de"/>
      </symbol>
      <symbol id="sm-b43">
         <name>__TI_closefile</name>
         <value>0x1181f500</value>
         <object_component_ref idref="oc-3c7"/>
      </symbol>
      <symbol id="sm-b70">
         <name>finddevice</name>
         <value>0x118211a0</value>
         <object_component_ref idref="oc-474"/>
      </symbol>
      <symbol id="sm-b71">
         <name>getdevice</name>
         <value>0x1181f780</value>
         <object_component_ref idref="oc-454"/>
      </symbol>
      <symbol id="sm-b82">
         <name>unlink</name>
         <value>0x11821220</value>
         <object_component_ref idref="oc-428"/>
      </symbol>
      <symbol id="sm-b94">
         <name>close</name>
         <value>0x11820160</value>
         <object_component_ref idref="oc-422"/>
      </symbol>
      <symbol id="sm-bac">
         <name>UARTConsoleGetc</name>
         <value>0x11820140</value>
         <object_component_ref idref="oc-15a"/>
      </symbol>
      <symbol id="sm-bad">
         <name>UARTConsolePutc</name>
         <value>0x11820118</value>
         <object_component_ref idref="oc-15a"/>
      </symbol>
      <symbol id="sm-bae">
         <name>UARTConsoleInit</name>
         <value>0x118200e0</value>
         <object_component_ref idref="oc-15a"/>
      </symbol>
      <symbol id="sm-bbd">
         <name>UARTPinMuxSetup</name>
         <value>0x1181ef20</value>
         <object_component_ref idref="oc-1e0"/>
      </symbol>
      <symbol id="sm-be0">
         <name>UARTCharPutNonBlocking</name>
         <value>0x1181bcc8</value>
         <object_component_ref idref="oc-1da"/>
      </symbol>
      <symbol id="sm-be1">
         <name>UARTDMAEnable</name>
         <value>0x1181bb2c</value>
         <object_component_ref idref="oc-1da"/>
      </symbol>
      <symbol id="sm-be2">
         <name>UARTFIFODisable</name>
         <value>0x1181bc34</value>
         <object_component_ref idref="oc-1da"/>
      </symbol>
      <symbol id="sm-be3">
         <name>UARTModemControlSet</name>
         <value>0x1181be78</value>
         <object_component_ref idref="oc-1da"/>
      </symbol>
      <symbol id="sm-be4">
         <name>UARTConfigSetExpClk</name>
         <value>0x1181b9e0</value>
         <object_component_ref idref="oc-1da"/>
      </symbol>
      <symbol id="sm-be5">
         <name>UARTDisable</name>
         <value>0x1181bbf4</value>
         <object_component_ref idref="oc-1da"/>
      </symbol>
      <symbol id="sm-be6">
         <name>UARTIntEnable</name>
         <value>0x1181bdc8</value>
         <object_component_ref idref="oc-1da"/>
      </symbol>
      <symbol id="sm-be7">
         <name>UARTCharsAvail</name>
         <value>0x1181bc78</value>
         <object_component_ref idref="oc-1da"/>
      </symbol>
      <symbol id="sm-be8">
         <name>UARTCharGetNonBlocking</name>
         <value>0x1181bd08</value>
         <object_component_ref idref="oc-1da"/>
      </symbol>
      <symbol id="sm-be9">
         <name>UARTModemStatusGet</name>
         <value>0x1181bf24</value>
         <object_component_ref idref="oc-1da"/>
      </symbol>
      <symbol id="sm-bea">
         <name>UARTIntDisable</name>
         <value>0x1181bdf0</value>
         <object_component_ref idref="oc-1da"/>
      </symbol>
      <symbol id="sm-beb">
         <name>UARTCharPut</name>
         <value>0x1181bd70</value>
         <object_component_ref idref="oc-1da"/>
      </symbol>
      <symbol id="sm-bec">
         <name>UARTParityModeSet</name>
         <value>0x1181bb6c</value>
         <object_component_ref idref="oc-1da"/>
      </symbol>
      <symbol id="sm-bed">
         <name>UARTRxErrorGet</name>
         <value>0x1181bca8</value>
         <object_component_ref idref="oc-1da"/>
      </symbol>
      <symbol id="sm-bee">
         <name>UARTConfigGetExpClk</name>
         <value>0x1181ba74</value>
         <object_component_ref idref="oc-1da"/>
      </symbol>
      <symbol id="sm-bef">
         <name>UARTEnable</name>
         <value>0x1181bbd8</value>
         <object_component_ref idref="oc-1da"/>
      </symbol>
      <symbol id="sm-bf0">
         <name>UARTModemControlGet</name>
         <value>0x1181bf04</value>
         <object_component_ref idref="oc-1da"/>
      </symbol>
      <symbol id="sm-bf1">
         <name>UARTFIFOEnable</name>
         <value>0x1181bc20</value>
         <object_component_ref idref="oc-1da"/>
      </symbol>
      <symbol id="sm-bf2">
         <name>UARTIntStatus</name>
         <value>0x1181be18</value>
         <object_component_ref idref="oc-1da"/>
      </symbol>
      <symbol id="sm-bf3">
         <name>UARTDMADisable</name>
         <value>0x1181bb4c</value>
         <object_component_ref idref="oc-1da"/>
      </symbol>
      <symbol id="sm-bf4">
         <name>UARTSpaceAvail</name>
         <value>0x1181bc4c</value>
         <object_component_ref idref="oc-1da"/>
      </symbol>
      <symbol id="sm-bf5">
         <name>UARTCharGet</name>
         <value>0x1181bd34</value>
         <object_component_ref idref="oc-1da"/>
      </symbol>
      <symbol id="sm-bf6">
         <name>UARTFIFOLevelSet</name>
         <value>0x1181bb08</value>
         <object_component_ref idref="oc-1da"/>
      </symbol>
      <symbol id="sm-bf7">
         <name>UARTModemControlClear</name>
         <value>0x1181bed0</value>
         <object_component_ref idref="oc-1da"/>
      </symbol>
      <symbol id="sm-bf8">
         <name>UARTParityModeGet</name>
         <value>0x1181bbb4</value>
         <object_component_ref idref="oc-1da"/>
      </symbol>
      <symbol id="sm-bf9">
         <name>UARTBreakCtl</name>
         <value>0x1181be44</value>
         <object_component_ref idref="oc-1da"/>
      </symbol>
      <symbol id="sm-bfa">
         <name>__TI_STATIC_BASE</name>
         <value>0x11813fac</value>
      </symbol>
      <symbol id="sm-bfc">
         <name>__TI_INITARRAY_Limit</name>
         <value>0x0</value>
      </symbol>
      <symbol id="sm-bfd">
         <name>__TI_INITARRAY_Base</name>
         <value>0x0</value>
      </symbol>
      <symbol id="sm-bfe">
         <name>__TI_TLS_INIT_Base</name>
         <value>0x0</value>
      </symbol>
      <symbol id="sm-bff">
         <name>__TI_TLS_INIT_Limit</name>
         <value>0x0</value>
      </symbol>
      <symbol id="sm-c00">
         <name>remove</name>
         <value>0x11821220</value>
      </symbol>
   </symbol_table>
   <title>Link successful</title>
</link_info>
